******************************************************************************
             TMS320C2000 Linker PC v22.6.1                     
******************************************************************************
>> Linked Mon Mar 16 15:55:53 2026

OUTPUT FILE NAME:   <ADC_test.out>
ENTRY POINT SYMBOL: "_c_int00"  address: 003396cc


MEMORY CONFIGURATION

         name            origin    length      used     unused   attr    fill
----------------------  --------  ---------  --------  --------  ----  --------
PAGE 0:
  ZONE0                 00004000   00001000  00000000  00001000  RWIX
  RAML0L1L2L3           00008000   00004000  00000178  00003e88  RWIX
  ZONE6                 00100000   00100000  00000000  00100000  RWIX
  ZONE7A                00200000   0000fc00  00000000  0000fc00  RWIX
  FLASHH                00300000   00008000  00000000  00008000  RWIX
  FLASHG                00308000   00008000  00000000  00008000  RWIX
  FLASHF                00310000   00008000  00000000  00008000  RWIX
  FLASHE                00318000   00008000  00000000  00008000  RWIX
  FLASHD                00320000   00008000  000000d0  00007f30  RWIX
  FLASHC                00328000   00008000  00000000  00008000  RWIX
  FLASHA                00338000   00007f80  00001e7e  00006102  RWIX
  CSM_RSVD              0033ff80   00000076  00000076  00000000  RWIX
  BEGIN                 0033fff6   00000002  00000002  00000000  RWIX
  CSM_PWL               0033fff8   00000008  00000008  00000000  RWIX
  ADC_CAL               00380080   00000009  00000007  00000002  RWIX
  OTP                   00380400   00000400  00000000  00000400  RWIX
  IQTABLES              003fe000   00000b50  00000000  00000b50  RWIX
  IQTABLES2             003feb50   0000008c  00000000  0000008c  RWIX
  FPUTABLES             003febdc   000006a0  00000000  000006a0  RWIX
  ROM                   003ff27c   00000d44  00000000  00000d44  RWIX
  RESET                 003fffc0   00000002  00000000  00000002  RWIX
  VECTORS               003fffc2   0000003e  00000000  0000003e  RWIX

PAGE 1:
  BOOT_RSVD             00000000   00000050  00000000  00000050  RWIX
  RAMM0                 00000050   000003b0  00000000  000003b0  RWIX
  RAMM1                 00000400   00000400  00000400  00000000  RWIX
  DEV_EMU               00000880   00000180  000000d0  000000b0  RWIX
  FLASH_REGS            00000a80   00000060  00000008  00000058  RWIX
  CSM                   00000ae0   00000010  00000010  00000000  RWIX
  ADC_MIRROR            00000b00   00000010  00000010  00000000  RWIX
  XINTF                 00000b20   00000020  0000001e  00000002  RWIX
  CPU_TIMER0            00000c00   00000008  00000008  00000000  RWIX
  CPU_TIMER1            00000c08   00000008  00000008  00000000  RWIX
  CPU_TIMER2            00000c10   00000008  00000008  00000000  RWIX
  PIE_CTRL              00000ce0   00000020  0000001a  00000006  RWIX
  PIE_VECT              00000d00   00000100  00000100  00000000  RWIX
  DMA                   00001000   00000200  000000e0  00000120  RWIX
  MCBSPA                00005000   00000040  00000025  0000001b  RWIX
  MCBSPB                00005040   00000040  00000025  0000001b  RWIX
  ECANA                 00006000   00000040  00000034  0000000c  RWIX
  ECANA_LAM             00006040   00000040  00000040  00000000  RWIX
  ECANA_MOTS            00006080   00000040  00000040  00000000  RWIX
  ECANA_MOTO            000060c0   00000040  00000040  00000000  RWIX
  ECANA_MBOX            00006100   00000100  00000100  00000000  RWIX
  ECANB                 00006200   00000040  00000034  0000000c  RWIX
  ECANB_LAM             00006240   00000040  00000040  00000000  RWIX
  ECANB_MOTS            00006280   00000040  00000040  00000000  RWIX
  ECANB_MOTO            000062c0   00000040  00000040  00000000  RWIX
  ECANB_MBOX            00006300   00000100  00000100  00000000  RWIX
  EPWM1                 00006800   00000022  00000022  00000000  RWIX
  EPWM2                 00006840   00000022  00000022  00000000  RWIX
  EPWM3                 00006880   00000022  00000022  00000000  RWIX
  EPWM4                 000068c0   00000022  00000022  00000000  RWIX
  EPWM5                 00006900   00000022  00000022  00000000  RWIX
  EPWM6                 00006940   00000022  00000022  00000000  RWIX
  ECAP1                 00006a00   00000020  00000020  00000000  RWIX
  ECAP2                 00006a20   00000020  00000020  00000000  RWIX
  ECAP3                 00006a40   00000020  00000020  00000000  RWIX
  ECAP4                 00006a60   00000020  00000020  00000000  RWIX
  ECAP5                 00006a80   00000020  00000020  00000000  RWIX
  ECAP6                 00006aa0   00000020  00000020  00000000  RWIX
  EQEP1                 00006b00   00000040  00000040  00000000  RWIX
  EQEP2                 00006b40   00000040  00000040  00000000  RWIX
  GPIOCTRL              00006f80   00000040  0000002e  00000012  RWIX
  GPIODAT               00006fc0   00000020  00000020  00000000  RWIX
  GPIOINT               00006fe0   00000020  0000000a  00000016  RWIX
  SYSTEM                00007010   00000020  00000020  00000000  RWIX
  SPIA                  00007040   00000010  00000010  00000000  RWIX
  SCIA                  00007050   00000010  00000010  00000000  RWIX
  XINTRUPT              00007070   00000010  00000010  00000000  RWIX
  ADC                   00007100   00000020  0000001e  00000002  RWIX
  SCIB                  00007750   00000010  00000010  00000000  RWIX
  SCIC                  00007770   00000010  00000010  00000000  RWIX
  I2CA                  00007900   00000040  00000022  0000001e  RWIX
  RAML4                 0000c000   00001000  00000000  00001000  RWIX
  RAML5                 0000d000   00001000  00000000  00001000  RWIX
  RAML6                 0000e000   00001000  00000000  00001000  RWIX
  RAML7                 0000f000   00001000  00000000  00001000  RWIX
  ZONE7B                0020fc00   00000400  00000000  00000400  RWIX
  FLASHB                00330000   00008000  00000000  00008000  RWIX
  CSM_PWL               0033fff8   00000008  00000008  00000000  RWIX
  PARTID                00380090   00000001  00000001  00000000  RWIX


SECTION ALLOCATION MAP

 output                                  attributes/
section   page    origin      length       input sections
--------  ----  ----------  ----------   ----------------
.ebss      0    000080d0    000000a8     UNINITIALIZED
                  000080d0    00000018     DSP2833x_CpuTimers.obj (.ebss)
                  000080e8    00000006     rts2800_fpu32.lib : exit.c.obj (.ebss)
                  000080ee    00000003     interruptExample.obj (.ebss)
                  000080f1    00000002     interruptExample.obj (.ebss:_Voltage1)
                  000080f3    00000001     DSP2833x_Epwm.obj (.ebss)
                  000080f4    00000002     rts2800_fpu32.lib : _lock.c.obj (.ebss:__lock)
                  000080f6    00000002                       : _lock.c.obj (.ebss:__unlock)
                  000080f8    00000001                       : defs.c.obj (.ebss)
                  000080f9    00000001                       : errno.c.obj (.ebss)
                  000080fa    00000006     --HOLE--
                  00008100    00000078                       : defs.c.obj (.ebss:__ftable)

.TI.ramfunc 
*          0    00320000    000000d0     RUN ADDR = 00008000
                  00320000    000000b1     interruptExample.obj (.TI.ramfunc:retain)
                  003200b1    0000001b     DSP2833x_SysCtrl.obj (.TI.ramfunc)
                  003200cc    00000004     DSP2833x_usDelay.obj (.TI.ramfunc)

.cinit     0    00339e26    00000058     
                  00339e26    00000026     rts2800_fpu32.lib : defs.c.obj (.cinit:__ftable)
                  00339e4c    0000000e                       : exit.c.obj (.cinit)
                  00339e5a    0000000c     interruptExample.obj (.cinit)
                  00339e66    00000005     rts2800_fpu32.lib : _lock.c.obj (.cinit:__lock)
                  00339e6b    00000005                       : _lock.c.obj (.cinit:__unlock)
                  00339e70    00000004     DSP2833x_Epwm.obj (.cinit)
                  00339e74    00000004     rts2800_fpu32.lib : defs.c.obj (.cinit)
                  00339e78    00000004                       : errno.c.obj (.cinit)
                  00339e7c    00000002     --HOLE-- [fill = 0]

csm_rsvd   0    0033ff80    00000076     
                  0033ff80    00000076     DSP2833x_CSMPasswords.obj (csm_rsvd)

DevEmuRegsFile 
*          1    00000880    000000d0     UNINITIALIZED
                  00000880    000000d0     DSP2833x_GlobalVariableDefs.obj (DevEmuRegsFile)

FlashRegsFile 
*          1    00000a80    00000008     UNINITIALIZED
                  00000a80    00000008     DSP2833x_GlobalVariableDefs.obj (FlashRegsFile)

CsmRegsFile 
*          1    00000ae0    00000010     UNINITIALIZED
                  00000ae0    00000010     DSP2833x_GlobalVariableDefs.obj (CsmRegsFile)

AdcMirrorFile 
*          1    00000b00    00000010     UNINITIALIZED
                  00000b00    00000010     DSP2833x_GlobalVariableDefs.obj (AdcMirrorFile)

XintfRegsFile 
*          1    00000b20    0000001e     UNINITIALIZED
                  00000b20    0000001e     DSP2833x_GlobalVariableDefs.obj (XintfRegsFile)

CpuTimer0RegsFile 
*          1    00000c00    00000008     UNINITIALIZED
                  00000c00    00000008     DSP2833x_GlobalVariableDefs.obj (CpuTimer0RegsFile)

CpuTimer1RegsFile 
*          1    00000c08    00000008     UNINITIALIZED
                  00000c08    00000008     DSP2833x_GlobalVariableDefs.obj (CpuTimer1RegsFile)

CpuTimer2RegsFile 
*          1    00000c10    00000008     UNINITIALIZED
                  00000c10    00000008     DSP2833x_GlobalVariableDefs.obj (CpuTimer2RegsFile)

PieCtrlRegsFile 
*          1    00000ce0    0000001a     UNINITIALIZED
                  00000ce0    0000001a     DSP2833x_GlobalVariableDefs.obj (PieCtrlRegsFile)

PieVectTableFile 
*          1    00000d00    00000100     UNINITIALIZED
                  00000d00    00000100     DSP2833x_GlobalVariableDefs.obj (PieVectTableFile)

DmaRegsFile 
*          1    00001000    000000e0     UNINITIALIZED
                  00001000    000000e0     DSP2833x_GlobalVariableDefs.obj (DmaRegsFile)

McbspaRegsFile 
*          1    00005000    00000025     UNINITIALIZED
                  00005000    00000025     DSP2833x_GlobalVariableDefs.obj (McbspaRegsFile)

McbspbRegsFile 
*          1    00005040    00000025     UNINITIALIZED
                  00005040    00000025     DSP2833x_GlobalVariableDefs.obj (McbspbRegsFile)

ECanaRegsFile 
*          1    00006000    00000034     UNINITIALIZED
                  00006000    00000034     DSP2833x_GlobalVariableDefs.obj (ECanaRegsFile)

ECanaLAMRegsFile 
*          1    00006040    00000040     UNINITIALIZED
                  00006040    00000040     DSP2833x_GlobalVariableDefs.obj (ECanaLAMRegsFile)

ECanaMOTSRegsFile 
*          1    00006080    00000040     UNINITIALIZED
                  00006080    00000040     DSP2833x_GlobalVariableDefs.obj (ECanaMOTSRegsFile)

ECanaMOTORegsFile 
*          1    000060c0    00000040     UNINITIALIZED
                  000060c0    00000040     DSP2833x_GlobalVariableDefs.obj (ECanaMOTORegsFile)

ECanaMboxesFile 
*          1    00006100    00000100     UNINITIALIZED
                  00006100    00000100     DSP2833x_GlobalVariableDefs.obj (ECanaMboxesFile)

ECanbRegsFile 
*          1    00006200    00000034     UNINITIALIZED
                  00006200    00000034     DSP2833x_GlobalVariableDefs.obj (ECanbRegsFile)

ECanbLAMRegsFile 
*          1    00006240    00000040     UNINITIALIZED
                  00006240    00000040     DSP2833x_GlobalVariableDefs.obj (ECanbLAMRegsFile)

ECanbMOTSRegsFile 
*          1    00006280    00000040     UNINITIALIZED
                  00006280    00000040     DSP2833x_GlobalVariableDefs.obj (ECanbMOTSRegsFile)

ECanbMOTORegsFile 
*          1    000062c0    00000040     UNINITIALIZED
                  000062c0    00000040     DSP2833x_GlobalVariableDefs.obj (ECanbMOTORegsFile)

ECanbMboxesFile 
*          1    00006300    00000100     UNINITIALIZED
                  00006300    00000100     DSP2833x_GlobalVariableDefs.obj (ECanbMboxesFile)

EPwm1RegsFile 
*          1    00006800    00000022     UNINITIALIZED
                  00006800    00000022     DSP2833x_GlobalVariableDefs.obj (EPwm1RegsFile)

EPwm2RegsFile 
*          1    00006840    00000022     UNINITIALIZED
                  00006840    00000022     DSP2833x_GlobalVariableDefs.obj (EPwm2RegsFile)

EPwm3RegsFile 
*          1    00006880    00000022     UNINITIALIZED
                  00006880    00000022     DSP2833x_GlobalVariableDefs.obj (EPwm3RegsFile)

EPwm4RegsFile 
*          1    000068c0    00000022     UNINITIALIZED
                  000068c0    00000022     DSP2833x_GlobalVariableDefs.obj (EPwm4RegsFile)

EPwm5RegsFile 
*          1    00006900    00000022     UNINITIALIZED
                  00006900    00000022     DSP2833x_GlobalVariableDefs.obj (EPwm5RegsFile)

EPwm6RegsFile 
*          1    00006940    00000022     UNINITIALIZED
                  00006940    00000022     DSP2833x_GlobalVariableDefs.obj (EPwm6RegsFile)

ECap1RegsFile 
*          1    00006a00    00000020     UNINITIALIZED
                  00006a00    00000020     DSP2833x_GlobalVariableDefs.obj (ECap1RegsFile)

ECap2RegsFile 
*          1    00006a20    00000020     UNINITIALIZED
                  00006a20    00000020     DSP2833x_GlobalVariableDefs.obj (ECap2RegsFile)

ECap3RegsFile 
*          1    00006a40    00000020     UNINITIALIZED
                  00006a40    00000020     DSP2833x_GlobalVariableDefs.obj (ECap3RegsFile)

ECap4RegsFile 
*          1    00006a60    00000020     UNINITIALIZED
                  00006a60    00000020     DSP2833x_GlobalVariableDefs.obj (ECap4RegsFile)

ECap5RegsFile 
*          1    00006a80    00000020     UNINITIALIZED
                  00006a80    00000020     DSP2833x_GlobalVariableDefs.obj (ECap5RegsFile)

ECap6RegsFile 
*          1    00006aa0    00000020     UNINITIALIZED
                  00006aa0    00000020     DSP2833x_GlobalVariableDefs.obj (ECap6RegsFile)

EQep1RegsFile 
*          1    00006b00    00000040     UNINITIALIZED
                  00006b00    00000040     DSP2833x_GlobalVariableDefs.obj (EQep1RegsFile)

EQep2RegsFile 
*          1    00006b40    00000040     UNINITIALIZED
                  00006b40    00000040     DSP2833x_GlobalVariableDefs.obj (EQep2RegsFile)

GpioCtrlRegsFile 
*          1    00006f80    0000002e     UNINITIALIZED
                  00006f80    0000002e     DSP2833x_GlobalVariableDefs.obj (GpioCtrlRegsFile)

GpioDataRegsFile 
*          1    00006fc0    00000020     UNINITIALIZED
                  00006fc0    00000020     DSP2833x_GlobalVariableDefs.obj (GpioDataRegsFile)

GpioIntRegsFile 
*          1    00006fe0    0000000a     UNINITIALIZED
                  00006fe0    0000000a     DSP2833x_GlobalVariableDefs.obj (GpioIntRegsFile)

SysCtrlRegsFile 
*          1    00007010    00000020     UNINITIALIZED
                  00007010    00000020     DSP2833x_GlobalVariableDefs.obj (SysCtrlRegsFile)

SpiaRegsFile 
*          1    00007040    00000010     UNINITIALIZED
                  00007040    00000010     DSP2833x_GlobalVariableDefs.obj (SpiaRegsFile)

SciaRegsFile 
*          1    00007050    00000010     UNINITIALIZED
                  00007050    00000010     DSP2833x_GlobalVariableDefs.obj (SciaRegsFile)

XIntruptRegsFile 
*          1    00007070    00000010     UNINITIALIZED
                  00007070    00000010     DSP2833x_GlobalVariableDefs.obj (XIntruptRegsFile)

AdcRegsFile 
*          1    00007100    0000001e     UNINITIALIZED
                  00007100    0000001e     DSP2833x_GlobalVariableDefs.obj (AdcRegsFile)

ScibRegsFile 
*          1    00007750    00000010     UNINITIALIZED
                  00007750    00000010     DSP2833x_GlobalVariableDefs.obj (ScibRegsFile)

ScicRegsFile 
*          1    00007770    00000010     UNINITIALIZED
                  00007770    00000010     DSP2833x_GlobalVariableDefs.obj (ScicRegsFile)

I2caRegsFile 
*          1    00007900    00000022     UNINITIALIZED
                  00007900    00000022     DSP2833x_GlobalVariableDefs.obj (I2caRegsFile)

CsmPwlFile 
*          1    0033fff8    00000008     UNINITIALIZED
                  0033fff8    00000008     DSP2833x_GlobalVariableDefs.obj (CsmPwlFile)

PartIdRegsFile 
*          1    00380090    00000001     UNINITIALIZED
                  00380090    00000001     DSP2833x_GlobalVariableDefs.obj (PartIdRegsFile)

.pinit     0    00338000    00000000     UNINITIALIZED

.text      0    00338000    00001ba8     
                  00338000    000006d0     rts2800_fpu32.lib : _printfi.c.obj (.text)
                  003386d0    000005f5                       : _printfi.c.obj (.text:__TI_printfi)
                  00338cc5    00000316     DSP2833x_DefaultIsr.obj (.text:retain)
                  00338fdb    00000119     GPIOConfig.obj (.text)
                  003390f4    00000107     rts2800_fpu32.lib : ll_div28.asm.obj (.text)
                  003391fb    000000f7     DSP2833x_SysCtrl.obj (.text)
                  003392f2    000000b9     interruptExample.obj (.text:retain)
                  003393ab    000000a9     rts2800_fpu32.lib : s_scalbn.c.obj (.text)
                  00339454    0000009c                       : fd_add28.asm.obj (.text)
                  003394f0    0000008b                       : fd_div28.asm.obj (.text)
                  0033957b    00000083                       : fd_mpy28.asm.obj (.text)
                  003395fe    00000074     DSP2833x_CpuTimers.obj (.text)
                  00339672    0000005a     rts2800_fpu32.lib : s_frexp.c.obj (.text)
                  003396cc    00000056                       : boot28.asm.obj (.text)
                  00339722    0000004f     ADCConfig.obj (.text)
                  00339771    00000048     DSP2833x_Sci.obj (.text)
                  003397b9    0000003d     main.obj (.text)
                  003397f6    0000003a     vofa.obj (.text)
                  00339830    00000039     SCIConfig.obj (.text)
                  00339869    00000034     rts2800_fpu32.lib : printf.c.obj (.text)
                  0033989d    00000031                       : atoi.c.obj (.text)
                  003398ce    00000030                       : _ltoa.c.obj (.text)
                  003398fe    0000002a                       : fd_cmp28.asm.obj (.text)
                  00339928    0000002a                       : l_div28.asm.obj (.text)
                  00339952    00000029                       : exit.c.obj (.text)
                  0033997b    00000028     DSP2833x_PieCtrl.obj (.text)
                  003399a3    00000024     rts2800_fpu32.lib : cpy_tbl.c.obj (.text)
                  003399c7    00000024                       : s_copysign.c.obj (.text)
                  003399eb    00000022     CPUTimerConfig.obj (.text)
                  00339a0d    00000021     rts2800_fpu32.lib : fd_toi28.asm.obj (.text)
                  00339a2e    00000020     DSP2833x_PieVect.obj (.text)
                  00339a4e    0000001f     rts2800_fpu32.lib : fd_tol28.asm.obj (.text)
                  00339a6d    0000001e                       : ll_cmp28.asm.obj (.text)
                  00339a8b    0000001d                       : i_tofd28.asm.obj (.text)
                  00339aa8    0000001d                       : memcpy.c.obj (.text)
                  00339ac5    0000001c                       : fs_tofdfpu32.asm.obj (.text)
                  00339ae1    0000001c                       : l_tofd28.asm.obj (.text)
                  00339afd    00000018                       : ll_aox28.asm.obj (.text)
                  00339b15    00000013     DSP2833x_MemCopy.obj (.text)
                  00339b28    00000012     rts2800_fpu32.lib : args_main.c.obj (.text)
                  00339b3a    00000010                       : memccpy.c.obj (.text)
                  00339b4a    0000000e                       : fd_sub28.asm.obj (.text)
                  00339b58    0000000c                       : strchr.c.obj (.text)
                  00339b64    00000009                       : _lock.c.obj (.text)
                  00339b6d    00000009                       : fd_neg28.asm.obj (.text)
                  00339b76    00000009                       : wcslen.c.obj (.text)
                  00339b7f    00000008     DSP2833x_CodeStartBranch.obj (.text)
                  00339b87    00000008     rts2800_fpu32.lib : strlen.c.obj (.text)
                  00339b8f    00000007     DSP2833x_DisInt.obj (.text)
                  00339b96    00000007     rts2800_fpu32.lib : memset.c.obj (.text)
                  00339b9d    00000005                       : strcpy.c.obj (.text)
                  00339ba2    00000003     DSP2833x_DBGIER.obj (.text)
                  00339ba5    00000002     rts2800_fpu32.lib : pre_init.c.obj (.text)
                  00339ba7    00000001                       : startup.c.obj (.text)

codestart 
*          0    0033fff6    00000002     
                  0033fff6    00000002     DSP2833x_CodeStartBranch.obj (codestart)

csmpasswds 
*          0    0033fff8    00000008     
                  0033fff8    00000008     DSP2833x_CSMPasswords.obj (csmpasswds)

.stack     1    00000400    00000400     UNINITIALIZED
                  00000400    00000400     --HOLE--

.econst    0    00339ba8    0000027e     
                  00339ba8    00000101     rts2800_fpu32.lib : ctype.c.obj (.econst:.string:__ctypes_)
                  00339ca9    00000001     --HOLE-- [fill = 0]
                  00339caa    00000100     DSP2833x_PieVect.obj (.econst:_PieVectTableInit)
                  00339daa    00000026     rts2800_fpu32.lib : _printfi.c.obj (.econst:.string)
                  00339dd0    0000001c                       : _printfi.c.obj (.econst)
                  00339dec    0000001c                       : s_scalbn.c.obj (.econst)
                  00339e08    00000015     main.obj (.econst:.string)
                  00339e1d    00000001     --HOLE-- [fill = 0]
                  00339e1e    00000008     rts2800_fpu32.lib : s_frexp.c.obj (.econst)

.reset     0    003fffc0    00000002     DSECT
                  003fffc0    00000002     rts2800_fpu32.lib : boot28.asm.obj (.reset)

vectors    0    003fffc2    00000000     DSECT

.adc_cal   0    00380080    00000007     NOLOAD SECTION
                  00380080    00000007     DSP2833x_ADC_cal.obj (.adc_cal)

MODULE SUMMARY

       Module                            code   initialized data   uninitialized data
       ------                            ----   ----------------   ------------------
    .\
       main.obj                          61     21                 0                 
    +--+---------------------------------+------+------------------+--------------------+
       Total:                            61     21                 0                 
                                                                                     
    .\Myheaders\source\
       interruptExample.obj              539    12                 5                 
       GPIOConfig.obj                    281    0                  0                 
       ADCConfig.obj                     79     0                  0                 
       vofa.obj                          58     0                  0                 
       SCIConfig.obj                     57     0                  0                 
       CPUTimerConfig.obj                34     0                  0                 
       DSP2833x_Epwm.obj                 0      4                  1                 
    +--+---------------------------------+------+------------------+--------------------+
       Total:                            1048   16                 6                 
                                                                                     
    .\source\
       DSP2833x_GlobalVariableDefs.obj   0      0                  2679              
       DSP2833x_DefaultIsr.obj           790    0                  0                 
       DSP2833x_SysCtrl.obj              301    0                  0                 
       DSP2833x_PieVect.obj              32     256                0                 
       DSP2833x_CpuTimers.obj            116    0                  24                
       DSP2833x_CSMPasswords.obj         0      126                0                 
       DSP2833x_Sci.obj                  72     0                  0                 
       DSP2833x_PieCtrl.obj              40     0                  0                 
       DSP2833x_MemCopy.obj              19     0                  0                 
       DSP2833x_CodeStartBranch.obj      10     0                  0                 
       DSP2833x_usDelay.obj              8      0                  0                 
       DSP2833x_ADC_cal.obj              7      0                  0                 
       DSP2833x_DisInt.obj               7      0                  0                 
       DSP2833x_DBGIER.obj               3      0                  0                 
    +--+---------------------------------+------+------------------+--------------------+
       Total:                            1405   382                2703              
                                                                                     
    D:\CCS\CCS12.8.1\app\ccs\tools\compiler\ti-cgt-c2000_22.6.1.LTS\lib\rts2800_fpu32.lib
       _printfi.c.obj                    3269   66                 0                 
       ll_div28.asm.obj                  263    0                  0                 
       ctype.c.obj                       0      257                0                 
       s_scalbn.c.obj                    169    28                 0                 
       defs.c.obj                        0      42                 121               
       fd_add28.asm.obj                  156    0                  0                 
       fd_div28.asm.obj                  139    0                  0                 
       fd_mpy28.asm.obj                  131    0                  0                 
       s_frexp.c.obj                     90     8                  0                 
       boot28.asm.obj                    86     0                  0                 
       exit.c.obj                        41     14                 6                 
       printf.c.obj                      52     0                  0                 
       atoi.c.obj                        49     0                  0                 
       _ltoa.c.obj                       48     0                  0                 
       fd_cmp28.asm.obj                  42     0                  0                 
       l_div28.asm.obj                   42     0                  0                 
       cpy_tbl.c.obj                     36     0                  0                 
       s_copysign.c.obj                  36     0                  0                 
       fd_toi28.asm.obj                  33     0                  0                 
       fd_tol28.asm.obj                  31     0                  0                 
       ll_cmp28.asm.obj                  30     0                  0                 
       i_tofd28.asm.obj                  29     0                  0                 
       memcpy.c.obj                      29     0                  0                 
       fs_tofdfpu32.asm.obj              28     0                  0                 
       l_tofd28.asm.obj                  28     0                  0                 
       ll_aox28.asm.obj                  24     0                  0                 
       _lock.c.obj                       9      10                 4                 
       args_main.c.obj                   18     0                  0                 
       memccpy.c.obj                     16     0                  0                 
       fd_sub28.asm.obj                  14     0                  0                 
       strchr.c.obj                      12     0                  0                 
       fd_neg28.asm.obj                  9      0                  0                 
       wcslen.c.obj                      9      0                  0                 
       strlen.c.obj                      8      0                  0                 
       memset.c.obj                      7      0                  0                 
       errno.c.obj                       0      4                  1                 
       strcpy.c.obj                      5      0                  0                 
       pre_init.c.obj                    2      0                  0                 
       startup.c.obj                     1      0                  0                 
    +--+---------------------------------+------+------------------+--------------------+
       Total:                            4991   429                132               
                                                                                     
       Stack:                            0      0                  1024              
    +--+---------------------------------+------+------------------+--------------------+
       Grand Total:                      7505   848                3865              


GLOBAL DATA SYMBOLS: SORTED BY DATA PAGE

address     data page           name
--------    ----------------    ----
00000400      10 (00000400)     __stack

00000880      22 (00000880)     _DevEmuRegs

00000a80      2a (00000a80)     _FlashRegs

00000ae0      2b (00000ac0)     _CsmRegs

00000b00      2c (00000b00)     _AdcMirror
00000b20      2c (00000b00)     _XintfRegs

00000c00      30 (00000c00)     _CpuTimer0Regs
00000c08      30 (00000c00)     _CpuTimer1Regs
00000c10      30 (00000c00)     _CpuTimer2Regs

00000ce0      33 (00000cc0)     _PieCtrlRegs

00000d00      34 (00000d00)     _PieVectTable

00001000      40 (00001000)     _DmaRegs

00005000     140 (00005000)     _McbspaRegs

00005040     141 (00005040)     _McbspbRegs

00006000     180 (00006000)     _ECanaRegs

00006040     181 (00006040)     _ECanaLAMRegs

00006080     182 (00006080)     _ECanaMOTSRegs

000060c0     183 (000060c0)     _ECanaMOTORegs

00006100     184 (00006100)     _ECanaMboxes

00006200     188 (00006200)     _ECanbRegs

00006240     189 (00006240)     _ECanbLAMRegs

00006280     18a (00006280)     _ECanbMOTSRegs

000062c0     18b (000062c0)     _ECanbMOTORegs

00006300     18c (00006300)     _ECanbMboxes

00006800     1a0 (00006800)     _EPwm1Regs

00006840     1a1 (00006840)     _EPwm2Regs

00006880     1a2 (00006880)     _EPwm3Regs

000068c0     1a3 (000068c0)     _EPwm4Regs

00006900     1a4 (00006900)     _EPwm5Regs

00006940     1a5 (00006940)     _EPwm6Regs

00006a00     1a8 (00006a00)     _ECap1Regs
00006a20     1a8 (00006a00)     _ECap2Regs

00006a40     1a9 (00006a40)     _ECap3Regs
00006a60     1a9 (00006a40)     _ECap4Regs

00006a80     1aa (00006a80)     _ECap5Regs
00006aa0     1aa (00006a80)     _ECap6Regs

00006b00     1ac (00006b00)     _EQep1Regs

00006b40     1ad (00006b40)     _EQep2Regs

00006f80     1be (00006f80)     _GpioCtrlRegs

00006fc0     1bf (00006fc0)     _GpioDataRegs
00006fe0     1bf (00006fc0)     _GpioIntRegs

00007010     1c0 (00007000)     _SysCtrlRegs

00007040     1c1 (00007040)     _SpiaRegs
00007050     1c1 (00007040)     _SciaRegs
00007070     1c1 (00007040)     _XIntruptRegs

00007100     1c4 (00007100)     _AdcRegs

00007750     1dd (00007740)     _ScibRegs
00007770     1dd (00007740)     _ScicRegs

00007900     1e4 (00007900)     _I2caRegs

000080d0     203 (000080c0)     _CpuTimer0
000080d8     203 (000080c0)     _CpuTimer1
000080e0     203 (000080c0)     _CpuTimer2
000080e8     203 (000080c0)     ___TI_enable_exit_profile_output
000080ea     203 (000080c0)     ___TI_cleanup_ptr
000080ec     203 (000080c0)     ___TI_dtors_ptr
000080ee     203 (000080c0)     _tbctr
000080ef     203 (000080c0)     _rdata_pointA
000080f0     203 (000080c0)     _rdata_pointB
000080f1     203 (000080c0)     _Voltage1
000080f3     203 (000080c0)     _Dead
000080f4     203 (000080c0)     __lock
000080f6     203 (000080c0)     __unlock
000080f8     203 (000080c0)     ___TI_ft_end
000080f9     203 (000080c0)     _errno

00008100     204 (00008100)     __ftable

00339ba8    ce6e (00339b80)     __ctypes_

00339caa    ce72 (00339c80)     _PieVectTableInit

0033fff8    cfff (0033ffc0)     _CsmPwl

00380090    e002 (00380080)     _PartIdRegs


GLOBAL SYMBOLS: SORTED ALPHABETICALLY BY Name 

page  address   name                            
----  -------   ----                            
0     00338000  .text                           
0     00339952  C$$EXIT                         
0     00339454  FD$$ADD                         
0     003398fe  FD$$CMP                         
0     003394f0  FD$$DIV                         
0     0033957b  FD$$MPY                         
0     00339b6d  FD$$NEG                         
0     00339b4a  FD$$SUB                         
0     00339a0d  FD$$TOI                         
0     00339a4e  FD$$TOL                         
0     00339ac5  FS$$TOFD                        
0     00339a8b  I$$TOFD                         
0     00339928  L$$DIV                          
0     00339937  L$$MOD                          
0     00339ae1  L$$TOFD                         
0     00339afd  LL$$AND                         
0     00339a6d  LL$$CMP                         
0     003390f4  LL$$DIV                         
0     00339130  LL$$MOD                         
0     00339b05  LL$$OR                          
0     00339b0d  LL$$XOR                         
0     00339945  UL$$DIV                         
0     0033994c  UL$$MOD                         
0     00339a7f  ULL$$CMP                        
0     0033916a  ULL$$DIV                        
0     00339199  ULL$$MOD                        
0     00338dab  _ADCINT_ISR                     
0     00380080  _ADC_cal                        
0     00339722  _AdcConfig                      
1     00000b00  _AdcMirror                      
1     00007100  _AdcRegs                        
0     00339637  _ConfigCpuTimer                 
0     000080d0  _CpuTimer0                      
0     003399eb  _CpuTimer0Config                
1     00000c00  _CpuTimer0Regs                  
0     000080d8  _CpuTimer1                      
1     00000c08  _CpuTimer1Regs                  
0     000080e0  _CpuTimer2                      
1     00000c10  _CpuTimer2Regs                  
1     0033fff8  _CsmPwl                         
1     00000ae0  _CsmRegs                        
0     003392c1  _CsmUnlock                      
0     00338cd9  _DATALOG_ISR                    
0     00338ecd  _DINTCH1_ISR                    
0     00338ed7  _DINTCH2_ISR                    
0     00338ee1  _DINTCH3_ISR                    
0     00338eeb  _DINTCH4_ISR                    
0     00338ef5  _DINTCH5_ISR                    
0     00338eff  _DINTCH6_ISR                    
0     00339b8f  _DSP28x_DisableInt              
0     00339b93  _DSP28x_RestoreInt              
0     000080cc  _DSP28x_usDelay                 
0     000080f3  _Dead                           
1     00000880  _DevEmuRegs                     
0     0033920e  _DisableDog                     
1     00001000  _DmaRegs                        
0     00338f59  _ECAN0INTA_ISR                  
0     00338f6d  _ECAN0INTB_ISR                  
0     00338f63  _ECAN1INTA_ISR                  
0     00338f77  _ECAN1INTB_ISR                  
0     00338e41  _ECAP1_INT_ISR                  
0     00338e4b  _ECAP2_INT_ISR                  
0     00338e55  _ECAP3_INT_ISR                  
0     00338e5f  _ECAP4_INT_ISR                  
0     00338e69  _ECAP5_INT_ISR                  
0     00338e73  _ECAP6_INT_ISR                  
1     00006040  _ECanaLAMRegs                   
1     000060c0  _ECanaMOTORegs                  
1     00006080  _ECanaMOTSRegs                  
1     00006100  _ECanaMboxes                    
1     00006000  _ECanaRegs                      
1     00006240  _ECanbLAMRegs                   
1     000062c0  _ECanbMOTORegs                  
1     00006280  _ECanbMOTSRegs                  
1     00006300  _ECanbMboxes                    
1     00006200  _ECanbRegs                      
1     00006a00  _ECap1Regs                      
1     00006a20  _ECap2Regs                      
1     00006a40  _ECap3Regs                      
1     00006a60  _ECap4Regs                      
1     00006a80  _ECap5Regs                      
1     00006aa0  _ECap6Regs                      
0     00338ced  _EMUINT_ISR                     
0     00338e05  _EPWM1_INT_ISR                  
0     00338dc9  _EPWM1_TZINT_ISR                
0     00338e0f  _EPWM2_INT_ISR                  
0     00338dd3  _EPWM2_TZINT_ISR                
0     00338e19  _EPWM3_INT_ISR                  
0     00338ddd  _EPWM3_TZINT_ISR                
0     00338e23  _EPWM4_INT_ISR                  
0     00338de7  _EPWM4_TZINT_ISR                
0     00338e2d  _EPWM5_INT_ISR                  
0     00338df1  _EPWM5_TZINT_ISR                
0     00338e37  _EPWM6_INT_ISR                  
0     00338dfb  _EPWM6_TZINT_ISR                
1     00006800  _EPwm1Regs                      
1     00006840  _EPwm2Regs                      
1     00006880  _EPwm3Regs                      
1     000068c0  _EPwm4Regs                      
1     00006900  _EPwm5Regs                      
1     00006940  _EPwm6Regs                      
0     00338e7d  _EQEP1_INT_ISR                  
0     00338e87  _EQEP2_INT_ISR                  
1     00006b00  _EQep1Regs                      
1     00006b40  _EQep2Regs                      
0     0033999a  _EnableInterrupts               
1     00000a80  _FlashRegs                      
0     00338fdb  _GPIOInit                       
0     00338ffd  _GPIOInit_reuse                 
0     0033901f  _GPIOInit_xint1                 
0     00339048  _GPIOInit_xint2                 
0     00339073  _GPIOInit_xint3                 
0     0033909e  _GPIOInit_xint4                 
0     003390c9  _GPIOInit_xint5                 
1     00006f80  _GpioCtrlRegs                   
1     00006fc0  _GpioDataRegs                   
1     00006fe0  _GpioIntRegs                    
0     00338f09  _I2CINT1A_ISR                   
0     00338f13  _I2CINT2A_ISR                   
1     00007900  _I2caRegs                       
0     00338d01  _ILLEGAL_ISR                    
0     00338cc5  _INT13_ISR                      
0     00338ccf  _INT14_ISR                      
0     003392f2  _ISRADC                         
0     00008082  _ISRTimer0                      
0     00008000  _ISRepwm1                       
0     00008019  _ISRepwm2                       
0     0000802e  _ISRepwm3                       
0     00008043  _ISRepwm4                       
0     00008058  _ISRepwm5                       
0     0000806d  _ISRepwm6                       
0     003395fe  _InitCpuTimers                  
0     000080b1  _InitFlash                      
0     00339266  _InitPeripheralClocks           
0     0033997b  _InitPieCtrl                    
0     00339a2e  _InitPieVectTable               
0     00339216  _InitPll                        
0     00339771  _InitSci                        
0     00339772  _InitSciGpio                    
0     00339779  _InitSciaGpio                   
0     0033978f  _InitScibGpio                   
0     003397a3  _InitScicGpio                   
0     003391fb  _InitSysCtrl                    
0     00338fbd  _LUF_ISR                        
0     00338fb3  _LVF_ISR                        
0     00338eb9  _MRINTA_ISR                     
0     00338ea5  _MRINTB_ISR                     
0     00338ec3  _MXINTA_ISR                     
0     00338eaf  _MXINTB_ISR                     
1     00005000  _McbspaRegs                     
1     00005040  _McbspbRegs                     
0     00339b15  _MemCopy                        
0     00338cf7  _NMI_ISR                        
0     00338fc7  _PIE_RESERVED                   
1     00380090  _PartIdRegs                     
1     00000ce0  _PieCtrlRegs                    
1     00000d00  _PieVectTable                   
0     00339caa  _PieVectTableInit               
0     00338ce3  _RTOSINT_ISR                    
0     003200d0  _RamfuncsLoadEnd                
abs   000000d0  _RamfuncsLoadSize               
0     00320000  _RamfuncsLoadStart              
0     00008000  _RamfuncsRunStart               
0     00339830  _SCIAInit                       
0     00339856  _SCIA_Transmsg                  
0     0033984a  _SCIA_Xmit                      
0     00338f31  _SCIRXINTA_ISR                  
0     00338f45  _SCIRXINTB_ISR                  
0     00338f1d  _SCIRXINTC_ISR                  
0     00338f3b  _SCITXINTA_ISR                  
0     00338f4f  _SCITXINTB_ISR                  
0     00338f27  _SCITXINTC_ISR                  
0     00338d83  _SEQ1INT_ISR                    
0     00338d8d  _SEQ2INT_ISR                    
0     00338e91  _SPIRXINTA_ISR                  
0     00338e9b  _SPITXINTA_ISR                  
1     00007050  _SciaRegs                       
1     00007750  _ScibRegs                       
1     00007770  _ScicRegs                       
0     00339204  _ServiceDog                     
0     00339ba2  _SetDBGIER                      
1     00007040  _SpiaRegs                       
1     00007010  _SysCtrlRegs                    
0     00338db5  _TINT0_ISR                      
0     00338d65  _USER10_ISR                     
0     00338d6f  _USER11_ISR                     
0     00338d79  _USER12_ISR                     
0     00338d0b  _USER1_ISR                      
0     00338d15  _USER2_ISR                      
0     00338d1f  _USER3_ISR                      
0     00338d29  _USER4_ISR                      
0     00338d33  _USER5_ISR                      
0     00338d3d  _USER6_ISR                      
0     00338d47  _USER7_ISR                      
0     00338d51  _USER8_ISR                      
0     00338d5b  _USER9_ISR                      
0     000080f1  _Voltage1                       
0     00338dbf  _WAKEINT_ISR                    
0     00338d97  _XINT1_ISR                      
0     00338da1  _XINT2_ISR                      
0     00338f81  _XINT3_ISR                      
0     00338f8b  _XINT4_ISR                      
0     00338f95  _XINT5_ISR                      
0     00338f9f  _XINT6_ISR                      
0     00338fa9  _XINT7_ISR                      
1     00007070  _XIntruptRegs                   
1     00000b20  _XintfRegs                      
1     00000800  __STACK_END                     
abs   00000400  __STACK_SIZE                    
0     000080ea  ___TI_cleanup_ptr               
0     000080ec  ___TI_dtors_ptr                 
0     000080e8  ___TI_enable_exit_profile_output
0     000080f8  ___TI_ft_end                    
0     003398ce  ___TI_ltoa                      
abs   ffffffff  ___TI_pprof_out_hndl            
0     00338b40  ___TI_printfi                   
abs   ffffffff  ___TI_prof_data_size            
abs   ffffffff  ___TI_prof_data_start           
abs   ffffffff  ___binit__                      
abs   ffffffff  ___c_args__                     
0     00339e26  ___cinit__                      
0     00339ba8  ___etext__                      
abs   ffffffff  ___pinit__                      
0     00338000  ___text__                       
0     00339b28  __args_main                     
0     00339ba8  __ctypes_                       
0     00008100  __ftable                        
0     000080f4  __lock                          
0     00339b6c  __nop                           
0     00339b68  __register_lock                 
0     00339b64  __register_unlock               
1     00000400  __stack                         
0     00339ba7  __system_post_cinit             
0     00339ba5  __system_pre_init               
0     000080f6  __unlock                        
0     00339952  _abort                          
0     0033989d  _atoi                           
0     003396cc  _c_int00                        
0     003399a3  _copy_in                        
0     003399c7  _copysignl                      
0     000080f9  _errno                          
0     00339954  _exit                           
0     003397f6  _fputc                          
0     00339817  _fputs                          
0     00339672  _frexpl                         
0     003393ab  _ldexpl                         
0     003397b9  _main                           
0     00339b3a  _memccpy                        
0     00339aa8  _memcpy                         
0     00339b96  _memset                         
0     0033986f  _printf                         
0     00339801  _putc                           
0     0033980c  _putchar                        
0     000080ef  _rdata_pointA                   
0     000080f0  _rdata_pointB                   
0     00338fd1  _rsvd_ISR                       
0     003393ab  _scalbnl                        
0     00339394  _sciaRxFifoIsr                  
0     0033937f  _sciaTxFifoIsr                  
0     00339b58  _strchr                         
0     00339b9d  _strcpy                         
0     00339b87  _strlen                         
0     000080ee  _tbctr                          
0     00339b76  _wcslen                         
0     00339307  _xint1_isr                      
0     0033931f  _xint2_isr                      
0     00339337  _xint3_isr                      
0     0033934f  _xint4_isr                      
0     00339367  _xint5_isr                      
abs   ffffffff  binit                           
0     00339e26  cinit                           
0     0033fff6  code_start                      
0     00339ba8  etext                           
abs   ffffffff  pinit                           


GLOBAL SYMBOLS: SORTED BY Symbol Address 

page  address   name                            
----  -------   ----                            
0     00008000  _ISRepwm1                       
0     00008000  _RamfuncsRunStart               
0     00008019  _ISRepwm2                       
0     0000802e  _ISRepwm3                       
0     00008043  _ISRepwm4                       
0     00008058  _ISRepwm5                       
0     0000806d  _ISRepwm6                       
0     00008082  _ISRTimer0                      
0     000080b1  _InitFlash                      
0     000080cc  _DSP28x_usDelay                 
0     000080d0  _CpuTimer0                      
0     000080d8  _CpuTimer1                      
0     000080e0  _CpuTimer2                      
0     000080e8  ___TI_enable_exit_profile_output
0     000080ea  ___TI_cleanup_ptr               
0     000080ec  ___TI_dtors_ptr                 
0     000080ee  _tbctr                          
0     000080ef  _rdata_pointA                   
0     000080f0  _rdata_pointB                   
0     000080f1  _Voltage1                       
0     000080f3  _Dead                           
0     000080f4  __lock                          
0     000080f6  __unlock                        
0     000080f8  ___TI_ft_end                    
0     000080f9  _errno                          
0     00008100  __ftable                        
0     00320000  _RamfuncsLoadStart              
0     003200d0  _RamfuncsLoadEnd                
0     00338000  .text                           
0     00338000  ___text__                       
0     00338b40  ___TI_printfi                   
0     00338cc5  _INT13_ISR                      
0     00338ccf  _INT14_ISR                      
0     00338cd9  _DATALOG_ISR                    
0     00338ce3  _RTOSINT_ISR                    
0     00338ced  _EMUINT_ISR                     
0     00338cf7  _NMI_ISR                        
0     00338d01  _ILLEGAL_ISR                    
0     00338d0b  _USER1_ISR                      
0     00338d15  _USER2_ISR                      
0     00338d1f  _USER3_ISR                      
0     00338d29  _USER4_ISR                      
0     00338d33  _USER5_ISR                      
0     00338d3d  _USER6_ISR                      
0     00338d47  _USER7_ISR                      
0     00338d51  _USER8_ISR                      
0     00338d5b  _USER9_ISR                      
0     00338d65  _USER10_ISR                     
0     00338d6f  _USER11_ISR                     
0     00338d79  _USER12_ISR                     
0     00338d83  _SEQ1INT_ISR                    
0     00338d8d  _SEQ2INT_ISR                    
0     00338d97  _XINT1_ISR                      
0     00338da1  _XINT2_ISR                      
0     00338dab  _ADCINT_ISR                     
0     00338db5  _TINT0_ISR                      
0     00338dbf  _WAKEINT_ISR                    
0     00338dc9  _EPWM1_TZINT_ISR                
0     00338dd3  _EPWM2_TZINT_ISR                
0     00338ddd  _EPWM3_TZINT_ISR                
0     00338de7  _EPWM4_TZINT_ISR                
0     00338df1  _EPWM5_TZINT_ISR                
0     00338dfb  _EPWM6_TZINT_ISR                
0     00338e05  _EPWM1_INT_ISR                  
0     00338e0f  _EPWM2_INT_ISR                  
0     00338e19  _EPWM3_INT_ISR                  
0     00338e23  _EPWM4_INT_ISR                  
0     00338e2d  _EPWM5_INT_ISR                  
0     00338e37  _EPWM6_INT_ISR                  
0     00338e41  _ECAP1_INT_ISR                  
0     00338e4b  _ECAP2_INT_ISR                  
0     00338e55  _ECAP3_INT_ISR                  
0     00338e5f  _ECAP4_INT_ISR                  
0     00338e69  _ECAP5_INT_ISR                  
0     00338e73  _ECAP6_INT_ISR                  
0     00338e7d  _EQEP1_INT_ISR                  
0     00338e87  _EQEP2_INT_ISR                  
0     00338e91  _SPIRXINTA_ISR                  
0     00338e9b  _SPITXINTA_ISR                  
0     00338ea5  _MRINTB_ISR                     
0     00338eaf  _MXINTB_ISR                     
0     00338eb9  _MRINTA_ISR                     
0     00338ec3  _MXINTA_ISR                     
0     00338ecd  _DINTCH1_ISR                    
0     00338ed7  _DINTCH2_ISR                    
0     00338ee1  _DINTCH3_ISR                    
0     00338eeb  _DINTCH4_ISR                    
0     00338ef5  _DINTCH5_ISR                    
0     00338eff  _DINTCH6_ISR                    
0     00338f09  _I2CINT1A_ISR                   
0     00338f13  _I2CINT2A_ISR                   
0     00338f1d  _SCIRXINTC_ISR                  
0     00338f27  _SCITXINTC_ISR                  
0     00338f31  _SCIRXINTA_ISR                  
0     00338f3b  _SCITXINTA_ISR                  
0     00338f45  _SCIRXINTB_ISR                  
0     00338f4f  _SCITXINTB_ISR                  
0     00338f59  _ECAN0INTA_ISR                  
0     00338f63  _ECAN1INTA_ISR                  
0     00338f6d  _ECAN0INTB_ISR                  
0     00338f77  _ECAN1INTB_ISR                  
0     00338f81  _XINT3_ISR                      
0     00338f8b  _XINT4_ISR                      
0     00338f95  _XINT5_ISR                      
0     00338f9f  _XINT6_ISR                      
0     00338fa9  _XINT7_ISR                      
0     00338fb3  _LVF_ISR                        
0     00338fbd  _LUF_ISR                        
0     00338fc7  _PIE_RESERVED                   
0     00338fd1  _rsvd_ISR                       
0     00338fdb  _GPIOInit                       
0     00338ffd  _GPIOInit_reuse                 
0     0033901f  _GPIOInit_xint1                 
0     00339048  _GPIOInit_xint2                 
0     00339073  _GPIOInit_xint3                 
0     0033909e  _GPIOInit_xint4                 
0     003390c9  _GPIOInit_xint5                 
0     003390f4  LL$$DIV                         
0     00339130  LL$$MOD                         
0     0033916a  ULL$$DIV                        
0     00339199  ULL$$MOD                        
0     003391fb  _InitSysCtrl                    
0     00339204  _ServiceDog                     
0     0033920e  _DisableDog                     
0     00339216  _InitPll                        
0     00339266  _InitPeripheralClocks           
0     003392c1  _CsmUnlock                      
0     003392f2  _ISRADC                         
0     00339307  _xint1_isr                      
0     0033931f  _xint2_isr                      
0     00339337  _xint3_isr                      
0     0033934f  _xint4_isr                      
0     00339367  _xint5_isr                      
0     0033937f  _sciaTxFifoIsr                  
0     00339394  _sciaRxFifoIsr                  
0     003393ab  _ldexpl                         
0     003393ab  _scalbnl                        
0     00339454  FD$$ADD                         
0     003394f0  FD$$DIV                         
0     0033957b  FD$$MPY                         
0     003395fe  _InitCpuTimers                  
0     00339637  _ConfigCpuTimer                 
0     00339672  _frexpl                         
0     003396cc  _c_int00                        
0     00339722  _AdcConfig                      
0     00339771  _InitSci                        
0     00339772  _InitSciGpio                    
0     00339779  _InitSciaGpio                   
0     0033978f  _InitScibGpio                   
0     003397a3  _InitScicGpio                   
0     003397b9  _main                           
0     003397f6  _fputc                          
0     00339801  _putc                           
0     0033980c  _putchar                        
0     00339817  _fputs                          
0     00339830  _SCIAInit                       
0     0033984a  _SCIA_Xmit                      
0     00339856  _SCIA_Transmsg                  
0     0033986f  _printf                         
0     0033989d  _atoi                           
0     003398ce  ___TI_ltoa                      
0     003398fe  FD$$CMP                         
0     00339928  L$$DIV                          
0     00339937  L$$MOD                          
0     00339945  UL$$DIV                         
0     0033994c  UL$$MOD                         
0     00339952  C$$EXIT                         
0     00339952  _abort                          
0     00339954  _exit                           
0     0033997b  _InitPieCtrl                    
0     0033999a  _EnableInterrupts               
0     003399a3  _copy_in                        
0     003399c7  _copysignl                      
0     003399eb  _CpuTimer0Config                
0     00339a0d  FD$$TOI                         
0     00339a2e  _InitPieVectTable               
0     00339a4e  FD$$TOL                         
0     00339a6d  LL$$CMP                         
0     00339a7f  ULL$$CMP                        
0     00339a8b  I$$TOFD                         
0     00339aa8  _memcpy                         
0     00339ac5  FS$$TOFD                        
0     00339ae1  L$$TOFD                         
0     00339afd  LL$$AND                         
0     00339b05  LL$$OR                          
0     00339b0d  LL$$XOR                         
0     00339b15  _MemCopy                        
0     00339b28  __args_main                     
0     00339b3a  _memccpy                        
0     00339b4a  FD$$SUB                         
0     00339b58  _strchr                         
0     00339b64  __register_unlock               
0     00339b68  __register_lock                 
0     00339b6c  __nop                           
0     00339b6d  FD$$NEG                         
0     00339b76  _wcslen                         
0     00339b87  _strlen                         
0     00339b8f  _DSP28x_DisableInt              
0     00339b93  _DSP28x_RestoreInt              
0     00339b96  _memset                         
0     00339b9d  _strcpy                         
0     00339ba2  _SetDBGIER                      
0     00339ba5  __system_pre_init               
0     00339ba7  __system_post_cinit             
0     00339ba8  ___etext__                      
0     00339ba8  __ctypes_                       
0     00339ba8  etext                           
0     00339caa  _PieVectTableInit               
0     00339e26  ___cinit__                      
0     00339e26  cinit                           
0     0033fff6  code_start                      
0     00380080  _ADC_cal                        
1     00000400  __stack                         
1     00000800  __STACK_END                     
1     00000880  _DevEmuRegs                     
1     00000a80  _FlashRegs                      
1     00000ae0  _CsmRegs                        
1     00000b00  _AdcMirror                      
1     00000b20  _XintfRegs                      
1     00000c00  _CpuTimer0Regs                  
1     00000c08  _CpuTimer1Regs                  
1     00000c10  _CpuTimer2Regs                  
1     00000ce0  _PieCtrlRegs                    
1     00000d00  _PieVectTable                   
1     00001000  _DmaRegs                        
1     00005000  _McbspaRegs                     
1     00005040  _McbspbRegs                     
1     00006000  _ECanaRegs                      
1     00006040  _ECanaLAMRegs                   
1     00006080  _ECanaMOTSRegs                  
1     000060c0  _ECanaMOTORegs                  
1     00006100  _ECanaMboxes                    
1     00006200  _ECanbRegs                      
1     00006240  _ECanbLAMRegs                   
1     00006280  _ECanbMOTSRegs                  
1     000062c0  _ECanbMOTORegs                  
1     00006300  _ECanbMboxes                    
1     00006800  _EPwm1Regs                      
1     00006840  _EPwm2Regs                      
1     00006880  _EPwm3Regs                      
1     000068c0  _EPwm4Regs                      
1     00006900  _EPwm5Regs                      
1     00006940  _EPwm6Regs                      
1     00006a00  _ECap1Regs                      
1     00006a20  _ECap2Regs                      
1     00006a40  _ECap3Regs                      
1     00006a60  _ECap4Regs                      
1     00006a80  _ECap5Regs                      
1     00006aa0  _ECap6Regs                      
1     00006b00  _EQep1Regs                      
1     00006b40  _EQep2Regs                      
1     00006f80  _GpioCtrlRegs                   
1     00006fc0  _GpioDataRegs                   
1     00006fe0  _GpioIntRegs                    
1     00007010  _SysCtrlRegs                    
1     00007040  _SpiaRegs                       
1     00007050  _SciaRegs                       
1     00007070  _XIntruptRegs                   
1     00007100  _AdcRegs                        
1     00007750  _ScibRegs                       
1     00007770  _ScicRegs                       
1     00007900  _I2caRegs                       
1     0033fff8  _CsmPwl                         
1     00380090  _PartIdRegs                     
abs   000000d0  _RamfuncsLoadSize               
abs   00000400  __STACK_SIZE                    
abs   ffffffff  ___TI_pprof_out_hndl            
abs   ffffffff  ___TI_prof_data_size            
abs   ffffffff  ___TI_prof_data_start           
abs   ffffffff  ___binit__                      
abs   ffffffff  ___c_args__                     
abs   ffffffff  ___pinit__                      
abs   ffffffff  binit                           
abs   ffffffff  pinit                           

[274 symbols]
