<?xml version="1.0" encoding="ISO-8859-1" ?>
<link_info>
   <banner>TMS320C2000 Linker PC v22.6.1.LTS</banner>
   <copyright>Copyright (c) 1996-2018 Texas Instruments Incorporated</copyright>
   <link_time>0x69b7b789</link_time>
   <link_errors>0x0</link_errors>
   <output_file>ADC_test.out</output_file>
   <entry_point>
      <name>_c_int00</name>
      <address>0x3396cc</address>
   </entry_point>
   <input_file_list>
      <input_file id="fl-2">
         <path>.\</path>
         <kind>object</kind>
         <file>main.obj</file>
         <name>main.obj</name>
      </input_file>
      <input_file id="fl-3">
         <path>.\Myheaders\source\</path>
         <kind>object</kind>
         <file>ADCConfig.obj</file>
         <name>ADCConfig.obj</name>
      </input_file>
      <input_file id="fl-4">
         <path>.\Myheaders\source\</path>
         <kind>object</kind>
         <file>CPUTimerConfig.obj</file>
         <name>CPUTimerConfig.obj</name>
      </input_file>
      <input_file id="fl-5">
         <path>.\Myheaders\source\</path>
         <kind>object</kind>
         <file>DSP2833x_Epwm.obj</file>
         <name>DSP2833x_Epwm.obj</name>
      </input_file>
      <input_file id="fl-6">
         <path>.\Myheaders\source\</path>
         <kind>object</kind>
         <file>GPIOConfig.obj</file>
         <name>GPIOConfig.obj</name>
      </input_file>
      <input_file id="fl-7">
         <path>.\Myheaders\source\</path>
         <kind>object</kind>
         <file>SCIConfig.obj</file>
         <name>SCIConfig.obj</name>
      </input_file>
      <input_file id="fl-8">
         <path>.\Myheaders\source\</path>
         <kind>object</kind>
         <file>ePWMConfig.obj</file>
         <name>ePWMConfig.obj</name>
      </input_file>
      <input_file id="fl-9">
         <path>.\Myheaders\source\</path>
         <kind>object</kind>
         <file>interruptExample.obj</file>
         <name>interruptExample.obj</name>
      </input_file>
      <input_file id="fl-a">
         <path>.\Myheaders\source\</path>
         <kind>object</kind>
         <file>vofa.obj</file>
         <name>vofa.obj</name>
      </input_file>
      <input_file id="fl-b">
         <path>.\source\</path>
         <kind>object</kind>
         <file>DSP2833x_ADC_cal.obj</file>
         <name>DSP2833x_ADC_cal.obj</name>
      </input_file>
      <input_file id="fl-c">
         <path>.\source\</path>
         <kind>object</kind>
         <file>DSP2833x_Adc.obj</file>
         <name>DSP2833x_Adc.obj</name>
      </input_file>
      <input_file id="fl-d">
         <path>.\source\</path>
         <kind>object</kind>
         <file>DSP2833x_CSMPasswords.obj</file>
         <name>DSP2833x_CSMPasswords.obj</name>
      </input_file>
      <input_file id="fl-e">
         <path>.\source\</path>
         <kind>object</kind>
         <file>DSP2833x_CodeStartBranch.obj</file>
         <name>DSP2833x_CodeStartBranch.obj</name>
      </input_file>
      <input_file id="fl-f">
         <path>.\source\</path>
         <kind>object</kind>
         <file>DSP2833x_CpuTimers.obj</file>
         <name>DSP2833x_CpuTimers.obj</name>
      </input_file>
      <input_file id="fl-10">
         <path>.\source\</path>
         <kind>object</kind>
         <file>DSP2833x_DBGIER.obj</file>
         <name>DSP2833x_DBGIER.obj</name>
      </input_file>
      <input_file id="fl-11">
         <path>.\source\</path>
         <kind>object</kind>
         <file>DSP2833x_DMA.obj</file>
         <name>DSP2833x_DMA.obj</name>
      </input_file>
      <input_file id="fl-12">
         <path>.\source\</path>
         <kind>object</kind>
         <file>DSP2833x_DefaultIsr.obj</file>
         <name>DSP2833x_DefaultIsr.obj</name>
      </input_file>
      <input_file id="fl-13">
         <path>.\source\</path>
         <kind>object</kind>
         <file>DSP2833x_DisInt.obj</file>
         <name>DSP2833x_DisInt.obj</name>
      </input_file>
      <input_file id="fl-14">
         <path>.\source\</path>
         <kind>object</kind>
         <file>DSP2833x_Epwm.obj</file>
         <name>DSP2833x_Epwm.obj</name>
      </input_file>
      <input_file id="fl-15">
         <path>.\source\</path>
         <kind>object</kind>
         <file>DSP2833x_GlobalVariableDefs.obj</file>
         <name>DSP2833x_GlobalVariableDefs.obj</name>
      </input_file>
      <input_file id="fl-16">
         <path>.\source\</path>
         <kind>object</kind>
         <file>DSP2833x_Gpio.obj</file>
         <name>DSP2833x_Gpio.obj</name>
      </input_file>
      <input_file id="fl-17">
         <path>.\source\</path>
         <kind>object</kind>
         <file>DSP2833x_I2C.obj</file>
         <name>DSP2833x_I2C.obj</name>
      </input_file>
      <input_file id="fl-18">
         <path>.\source\</path>
         <kind>object</kind>
         <file>DSP2833x_MemCopy.obj</file>
         <name>DSP2833x_MemCopy.obj</name>
      </input_file>
      <input_file id="fl-19">
         <path>.\source\</path>
         <kind>object</kind>
         <file>DSP2833x_PieCtrl.obj</file>
         <name>DSP2833x_PieCtrl.obj</name>
      </input_file>
      <input_file id="fl-1a">
         <path>.\source\</path>
         <kind>object</kind>
         <file>DSP2833x_PieVect.obj</file>
         <name>DSP2833x_PieVect.obj</name>
      </input_file>
      <input_file id="fl-1b">
         <path>.\source\</path>
         <kind>object</kind>
         <file>DSP2833x_Sci.obj</file>
         <name>DSP2833x_Sci.obj</name>
      </input_file>
      <input_file id="fl-1c">
         <path>.\source\</path>
         <kind>object</kind>
         <file>DSP2833x_SysCtrl.obj</file>
         <name>DSP2833x_SysCtrl.obj</name>
      </input_file>
      <input_file id="fl-1d">
         <path>.\source\</path>
         <kind>object</kind>
         <file>DSP2833x_Xintf.obj</file>
         <name>DSP2833x_Xintf.obj</name>
      </input_file>
      <input_file id="fl-1e">
         <path>.\source\</path>
         <kind>object</kind>
         <file>DSP2833x_usDelay.obj</file>
         <name>DSP2833x_usDelay.obj</name>
      </input_file>
      <input_file id="fl-23">
         <kind>object</kind>
         <file>&lt;internal&gt;</file>
         <name>&lt;internal&gt;</name>
      </input_file>
      <input_file id="fl-2f">
         <path>D:\CCS\CCS12.8.1\app\ccs\tools\compiler\ti-cgt-c2000_22.6.1.LTS\lib\</path>
         <kind>archive</kind>
         <file>rts2800_fpu32.lib</file>
         <name>boot28.asm.obj</name>
      </input_file>
      <input_file id="fl-30">
         <path>D:\CCS\CCS12.8.1\app\ccs\tools\compiler\ti-cgt-c2000_22.6.1.LTS\lib\</path>
         <kind>archive</kind>
         <file>rts2800_fpu32.lib</file>
         <name>args_main.c.obj</name>
      </input_file>
      <input_file id="fl-31">
         <path>D:\CCS\CCS12.8.1\app\ccs\tools\compiler\ti-cgt-c2000_22.6.1.LTS\lib\</path>
         <kind>archive</kind>
         <file>rts2800_fpu32.lib</file>
         <name>startup.c.obj</name>
      </input_file>
      <input_file id="fl-32">
         <path>D:\CCS\CCS12.8.1\app\ccs\tools\compiler\ti-cgt-c2000_22.6.1.LTS\lib\</path>
         <kind>archive</kind>
         <file>rts2800_fpu32.lib</file>
         <name>pre_init.c.obj</name>
      </input_file>
      <input_file id="fl-33">
         <path>D:\CCS\CCS12.8.1\app\ccs\tools\compiler\ti-cgt-c2000_22.6.1.LTS\lib\</path>
         <kind>archive</kind>
         <file>rts2800_fpu32.lib</file>
         <name>cpy_tbl.c.obj</name>
      </input_file>
      <input_file id="fl-34">
         <path>D:\CCS\CCS12.8.1\app\ccs\tools\compiler\ti-cgt-c2000_22.6.1.LTS\lib\</path>
         <kind>archive</kind>
         <file>rts2800_fpu32.lib</file>
         <name>exit.c.obj</name>
      </input_file>
      <input_file id="fl-35">
         <path>D:\CCS\CCS12.8.1\app\ccs\tools\compiler\ti-cgt-c2000_22.6.1.LTS\lib\</path>
         <kind>archive</kind>
         <file>rts2800_fpu32.lib</file>
         <name>_lock.c.obj</name>
      </input_file>
      <input_file id="fl-36">
         <path>D:\CCS\CCS12.8.1\app\ccs\tools\compiler\ti-cgt-c2000_22.6.1.LTS\lib\</path>
         <kind>archive</kind>
         <file>rts2800_fpu32.lib</file>
         <name>memcpy.c.obj</name>
      </input_file>
      <input_file id="fl-37">
         <path>D:\CCS\CCS12.8.1\app\ccs\tools\compiler\ti-cgt-c2000_22.6.1.LTS\lib\</path>
         <kind>archive</kind>
         <file>rts2800_fpu32.lib</file>
         <name>printf.c.obj</name>
      </input_file>
      <input_file id="fl-38">
         <path>D:\CCS\CCS12.8.1\app\ccs\tools\compiler\ti-cgt-c2000_22.6.1.LTS\lib\</path>
         <kind>archive</kind>
         <file>rts2800_fpu32.lib</file>
         <name>_printfi.c.obj</name>
      </input_file>
      <input_file id="fl-39">
         <path>D:\CCS\CCS12.8.1\app\ccs\tools\compiler\ti-cgt-c2000_22.6.1.LTS\lib\</path>
         <kind>archive</kind>
         <file>rts2800_fpu32.lib</file>
         <name>fd_cmp28.asm.obj</name>
      </input_file>
      <input_file id="fl-3a">
         <path>D:\CCS\CCS12.8.1\app\ccs\tools\compiler\ti-cgt-c2000_22.6.1.LTS\lib\</path>
         <kind>archive</kind>
         <file>rts2800_fpu32.lib</file>
         <name>fd_div28.asm.obj</name>
      </input_file>
      <input_file id="fl-3b">
         <path>D:\CCS\CCS12.8.1\app\ccs\tools\compiler\ti-cgt-c2000_22.6.1.LTS\lib\</path>
         <kind>archive</kind>
         <file>rts2800_fpu32.lib</file>
         <name>fd_mpy28.asm.obj</name>
      </input_file>
      <input_file id="fl-3c">
         <path>D:\CCS\CCS12.8.1\app\ccs\tools\compiler\ti-cgt-c2000_22.6.1.LTS\lib\</path>
         <kind>archive</kind>
         <file>rts2800_fpu32.lib</file>
         <name>fd_neg28.asm.obj</name>
      </input_file>
      <input_file id="fl-3d">
         <path>D:\CCS\CCS12.8.1\app\ccs\tools\compiler\ti-cgt-c2000_22.6.1.LTS\lib\</path>
         <kind>archive</kind>
         <file>rts2800_fpu32.lib</file>
         <name>fd_sub28.asm.obj</name>
      </input_file>
      <input_file id="fl-3e">
         <path>D:\CCS\CCS12.8.1\app\ccs\tools\compiler\ti-cgt-c2000_22.6.1.LTS\lib\</path>
         <kind>archive</kind>
         <file>rts2800_fpu32.lib</file>
         <name>fd_add28.asm.obj</name>
      </input_file>
      <input_file id="fl-3f">
         <path>D:\CCS\CCS12.8.1\app\ccs\tools\compiler\ti-cgt-c2000_22.6.1.LTS\lib\</path>
         <kind>archive</kind>
         <file>rts2800_fpu32.lib</file>
         <name>fd_toi28.asm.obj</name>
      </input_file>
      <input_file id="fl-40">
         <path>D:\CCS\CCS12.8.1\app\ccs\tools\compiler\ti-cgt-c2000_22.6.1.LTS\lib\</path>
         <kind>archive</kind>
         <file>rts2800_fpu32.lib</file>
         <name>fd_tol28.asm.obj</name>
      </input_file>
      <input_file id="fl-41">
         <path>D:\CCS\CCS12.8.1\app\ccs\tools\compiler\ti-cgt-c2000_22.6.1.LTS\lib\</path>
         <kind>archive</kind>
         <file>rts2800_fpu32.lib</file>
         <name>fs_tofdfpu32.asm.obj</name>
      </input_file>
      <input_file id="fl-42">
         <path>D:\CCS\CCS12.8.1\app\ccs\tools\compiler\ti-cgt-c2000_22.6.1.LTS\lib\</path>
         <kind>archive</kind>
         <file>rts2800_fpu32.lib</file>
         <name>i_tofd28.asm.obj</name>
      </input_file>
      <input_file id="fl-43">
         <path>D:\CCS\CCS12.8.1\app\ccs\tools\compiler\ti-cgt-c2000_22.6.1.LTS\lib\</path>
         <kind>archive</kind>
         <file>rts2800_fpu32.lib</file>
         <name>l_tofd28.asm.obj</name>
      </input_file>
      <input_file id="fl-44">
         <path>D:\CCS\CCS12.8.1\app\ccs\tools\compiler\ti-cgt-c2000_22.6.1.LTS\lib\</path>
         <kind>archive</kind>
         <file>rts2800_fpu32.lib</file>
         <name>ll_aox28.asm.obj</name>
      </input_file>
      <input_file id="fl-45">
         <path>D:\CCS\CCS12.8.1\app\ccs\tools\compiler\ti-cgt-c2000_22.6.1.LTS\lib\</path>
         <kind>archive</kind>
         <file>rts2800_fpu32.lib</file>
         <name>ll_cmp28.asm.obj</name>
      </input_file>
      <input_file id="fl-46">
         <path>D:\CCS\CCS12.8.1\app\ccs\tools\compiler\ti-cgt-c2000_22.6.1.LTS\lib\</path>
         <kind>archive</kind>
         <file>rts2800_fpu32.lib</file>
         <name>ll_div28.asm.obj</name>
      </input_file>
      <input_file id="fl-47">
         <path>D:\CCS\CCS12.8.1\app\ccs\tools\compiler\ti-cgt-c2000_22.6.1.LTS\lib\</path>
         <kind>archive</kind>
         <file>rts2800_fpu32.lib</file>
         <name>_ltoa.c.obj</name>
      </input_file>
      <input_file id="fl-48">
         <path>D:\CCS\CCS12.8.1\app\ccs\tools\compiler\ti-cgt-c2000_22.6.1.LTS\lib\</path>
         <kind>archive</kind>
         <file>rts2800_fpu32.lib</file>
         <name>l_div28.asm.obj</name>
      </input_file>
      <input_file id="fl-49">
         <path>D:\CCS\CCS12.8.1\app\ccs\tools\compiler\ti-cgt-c2000_22.6.1.LTS\lib\</path>
         <kind>archive</kind>
         <file>rts2800_fpu32.lib</file>
         <name>defs.c.obj</name>
      </input_file>
      <input_file id="fl-4a">
         <path>D:\CCS\CCS12.8.1\app\ccs\tools\compiler\ti-cgt-c2000_22.6.1.LTS\lib\</path>
         <kind>archive</kind>
         <file>rts2800_fpu32.lib</file>
         <name>atoi.c.obj</name>
      </input_file>
      <input_file id="fl-4b">
         <path>D:\CCS\CCS12.8.1\app\ccs\tools\compiler\ti-cgt-c2000_22.6.1.LTS\lib\</path>
         <kind>archive</kind>
         <file>rts2800_fpu32.lib</file>
         <name>ctype.c.obj</name>
      </input_file>
      <input_file id="fl-4c">
         <path>D:\CCS\CCS12.8.1\app\ccs\tools\compiler\ti-cgt-c2000_22.6.1.LTS\lib\</path>
         <kind>archive</kind>
         <file>rts2800_fpu32.lib</file>
         <name>s_frexp.c.obj</name>
      </input_file>
      <input_file id="fl-4d">
         <path>D:\CCS\CCS12.8.1\app\ccs\tools\compiler\ti-cgt-c2000_22.6.1.LTS\lib\</path>
         <kind>archive</kind>
         <file>rts2800_fpu32.lib</file>
         <name>s_scalbn.c.obj</name>
      </input_file>
      <input_file id="fl-4e">
         <path>D:\CCS\CCS12.8.1\app\ccs\tools\compiler\ti-cgt-c2000_22.6.1.LTS\lib\</path>
         <kind>archive</kind>
         <file>rts2800_fpu32.lib</file>
         <name>s_copysign.c.obj</name>
      </input_file>
      <input_file id="fl-4f">
         <path>D:\CCS\CCS12.8.1\app\ccs\tools\compiler\ti-cgt-c2000_22.6.1.LTS\lib\</path>
         <kind>archive</kind>
         <file>rts2800_fpu32.lib</file>
         <name>errno.c.obj</name>
      </input_file>
      <input_file id="fl-50">
         <path>D:\CCS\CCS12.8.1\app\ccs\tools\compiler\ti-cgt-c2000_22.6.1.LTS\lib\</path>
         <kind>archive</kind>
         <file>rts2800_fpu32.lib</file>
         <name>memccpy.c.obj</name>
      </input_file>
      <input_file id="fl-51">
         <path>D:\CCS\CCS12.8.1\app\ccs\tools\compiler\ti-cgt-c2000_22.6.1.LTS\lib\</path>
         <kind>archive</kind>
         <file>rts2800_fpu32.lib</file>
         <name>memset.c.obj</name>
      </input_file>
      <input_file id="fl-52">
         <path>D:\CCS\CCS12.8.1\app\ccs\tools\compiler\ti-cgt-c2000_22.6.1.LTS\lib\</path>
         <kind>archive</kind>
         <file>rts2800_fpu32.lib</file>
         <name>strchr.c.obj</name>
      </input_file>
      <input_file id="fl-53">
         <path>D:\CCS\CCS12.8.1\app\ccs\tools\compiler\ti-cgt-c2000_22.6.1.LTS\lib\</path>
         <kind>archive</kind>
         <file>rts2800_fpu32.lib</file>
         <name>strcpy.c.obj</name>
      </input_file>
      <input_file id="fl-54">
         <path>D:\CCS\CCS12.8.1\app\ccs\tools\compiler\ti-cgt-c2000_22.6.1.LTS\lib\</path>
         <kind>archive</kind>
         <file>rts2800_fpu32.lib</file>
         <name>strlen.c.obj</name>
      </input_file>
      <input_file id="fl-55">
         <path>D:\CCS\CCS12.8.1\app\ccs\tools\compiler\ti-cgt-c2000_22.6.1.LTS\lib\</path>
         <kind>archive</kind>
         <file>rts2800_fpu32.lib</file>
         <name>wcslen.c.obj</name>
      </input_file>
   </input_file_list>
   <object_component_list>
      <object_component id="oc-e5">
         <name>PieVectTableFile</name>
         <uninitialized>true</uninitialized>
         <run_address>0xd00</run_address>
         <size>0x100</size>
         <input_file_ref idref="fl-15"/>
      </object_component>
      <object_component id="oc-e1">
         <name>DevEmuRegsFile</name>
         <uninitialized>true</uninitialized>
         <run_address>0x880</run_address>
         <size>0xd0</size>
         <input_file_ref idref="fl-15"/>
      </object_component>
      <object_component id="oc-b9">
         <name>FlashRegsFile</name>
         <uninitialized>true</uninitialized>
         <run_address>0xa80</run_address>
         <size>0x8</size>
         <input_file_ref idref="fl-15"/>
      </object_component>
      <object_component id="oc-bc">
         <name>CsmRegsFile</name>
         <uninitialized>true</uninitialized>
         <run_address>0xae0</run_address>
         <size>0x10</size>
         <input_file_ref idref="fl-15"/>
      </object_component>
      <object_component id="oc-bb">
         <name>AdcMirrorFile</name>
         <uninitialized>true</uninitialized>
         <run_address>0xb00</run_address>
         <size>0x10</size>
         <input_file_ref idref="fl-15"/>
      </object_component>
      <object_component id="oc-c4">
         <name>XintfRegsFile</name>
         <uninitialized>true</uninitialized>
         <run_address>0xb20</run_address>
         <size>0x1e</size>
         <input_file_ref idref="fl-15"/>
      </object_component>
      <object_component id="oc-b5">
         <name>CpuTimer0RegsFile</name>
         <uninitialized>true</uninitialized>
         <run_address>0xc00</run_address>
         <size>0x8</size>
         <input_file_ref idref="fl-15"/>
      </object_component>
      <object_component id="oc-b6">
         <name>CpuTimer1RegsFile</name>
         <uninitialized>true</uninitialized>
         <run_address>0xc08</run_address>
         <size>0x8</size>
         <input_file_ref idref="fl-15"/>
      </object_component>
      <object_component id="oc-b7">
         <name>CpuTimer2RegsFile</name>
         <uninitialized>true</uninitialized>
         <run_address>0xc10</run_address>
         <size>0x8</size>
         <input_file_ref idref="fl-15"/>
      </object_component>
      <object_component id="oc-c2">
         <name>PieCtrlRegsFile</name>
         <uninitialized>true</uninitialized>
         <run_address>0xce0</run_address>
         <size>0x1a</size>
         <input_file_ref idref="fl-15"/>
      </object_component>
      <object_component id="oc-e2">
         <name>DmaRegsFile</name>
         <uninitialized>true</uninitialized>
         <run_address>0x1000</run_address>
         <size>0xe0</size>
         <input_file_ref idref="fl-15"/>
      </object_component>
      <object_component id="oc-d4">
         <name>McbspaRegsFile</name>
         <uninitialized>true</uninitialized>
         <run_address>0x5000</run_address>
         <size>0x25</size>
         <input_file_ref idref="fl-15"/>
      </object_component>
      <object_component id="oc-d5">
         <name>McbspbRegsFile</name>
         <uninitialized>true</uninitialized>
         <run_address>0x5040</run_address>
         <size>0x25</size>
         <input_file_ref idref="fl-15"/>
      </object_component>
      <object_component id="oc-d7">
         <name>ECanaRegsFile</name>
         <uninitialized>true</uninitialized>
         <run_address>0x6000</run_address>
         <size>0x34</size>
         <input_file_ref idref="fl-15"/>
      </object_component>
      <object_component id="oc-d9">
         <name>ECanaLAMRegsFile</name>
         <uninitialized>true</uninitialized>
         <run_address>0x6040</run_address>
         <size>0x40</size>
         <input_file_ref idref="fl-15"/>
      </object_component>
      <object_component id="oc-e3">
         <name>ECanaMboxesFile</name>
         <uninitialized>true</uninitialized>
         <run_address>0x6100</run_address>
         <size>0x100</size>
         <input_file_ref idref="fl-15"/>
      </object_component>
      <object_component id="oc-da">
         <name>ECanaMOTSRegsFile</name>
         <uninitialized>true</uninitialized>
         <run_address>0x6080</run_address>
         <size>0x40</size>
         <input_file_ref idref="fl-15"/>
      </object_component>
      <object_component id="oc-db">
         <name>ECanaMOTORegsFile</name>
         <uninitialized>true</uninitialized>
         <run_address>0x60c0</run_address>
         <size>0x40</size>
         <input_file_ref idref="fl-15"/>
      </object_component>
      <object_component id="oc-d8">
         <name>ECanbRegsFile</name>
         <uninitialized>true</uninitialized>
         <run_address>0x6200</run_address>
         <size>0x34</size>
         <input_file_ref idref="fl-15"/>
      </object_component>
      <object_component id="oc-dc">
         <name>ECanbLAMRegsFile</name>
         <uninitialized>true</uninitialized>
         <run_address>0x6240</run_address>
         <size>0x40</size>
         <input_file_ref idref="fl-15"/>
      </object_component>
      <object_component id="oc-e4">
         <name>ECanbMboxesFile</name>
         <uninitialized>true</uninitialized>
         <run_address>0x6300</run_address>
         <size>0x100</size>
         <input_file_ref idref="fl-15"/>
      </object_component>
      <object_component id="oc-dd">
         <name>ECanbMOTSRegsFile</name>
         <uninitialized>true</uninitialized>
         <run_address>0x6280</run_address>
         <size>0x40</size>
         <input_file_ref idref="fl-15"/>
      </object_component>
      <object_component id="oc-de">
         <name>ECanbMOTORegsFile</name>
         <uninitialized>true</uninitialized>
         <run_address>0x62c0</run_address>
         <size>0x40</size>
         <input_file_ref idref="fl-15"/>
      </object_component>
      <object_component id="oc-cd">
         <name>EPwm1RegsFile</name>
         <uninitialized>true</uninitialized>
         <run_address>0x6800</run_address>
         <size>0x22</size>
         <input_file_ref idref="fl-15"/>
      </object_component>
      <object_component id="oc-ce">
         <name>EPwm2RegsFile</name>
         <uninitialized>true</uninitialized>
         <run_address>0x6840</run_address>
         <size>0x22</size>
         <input_file_ref idref="fl-15"/>
      </object_component>
      <object_component id="oc-cf">
         <name>EPwm3RegsFile</name>
         <uninitialized>true</uninitialized>
         <run_address>0x6880</run_address>
         <size>0x22</size>
         <input_file_ref idref="fl-15"/>
      </object_component>
      <object_component id="oc-d0">
         <name>EPwm4RegsFile</name>
         <uninitialized>true</uninitialized>
         <run_address>0x68c0</run_address>
         <size>0x22</size>
         <input_file_ref idref="fl-15"/>
      </object_component>
      <object_component id="oc-d1">
         <name>EPwm5RegsFile</name>
         <uninitialized>true</uninitialized>
         <run_address>0x6900</run_address>
         <size>0x22</size>
         <input_file_ref idref="fl-15"/>
      </object_component>
      <object_component id="oc-d2">
         <name>EPwm6RegsFile</name>
         <uninitialized>true</uninitialized>
         <run_address>0x6940</run_address>
         <size>0x22</size>
         <input_file_ref idref="fl-15"/>
      </object_component>
      <object_component id="oc-c5">
         <name>ECap1RegsFile</name>
         <uninitialized>true</uninitialized>
         <run_address>0x6a00</run_address>
         <size>0x20</size>
         <input_file_ref idref="fl-15"/>
      </object_component>
      <object_component id="oc-c6">
         <name>ECap2RegsFile</name>
         <uninitialized>true</uninitialized>
         <run_address>0x6a20</run_address>
         <size>0x20</size>
         <input_file_ref idref="fl-15"/>
      </object_component>
      <object_component id="oc-c7">
         <name>ECap3RegsFile</name>
         <uninitialized>true</uninitialized>
         <run_address>0x6a40</run_address>
         <size>0x20</size>
         <input_file_ref idref="fl-15"/>
      </object_component>
      <object_component id="oc-c8">
         <name>ECap4RegsFile</name>
         <uninitialized>true</uninitialized>
         <run_address>0x6a60</run_address>
         <size>0x20</size>
         <input_file_ref idref="fl-15"/>
      </object_component>
      <object_component id="oc-c9">
         <name>ECap5RegsFile</name>
         <uninitialized>true</uninitialized>
         <run_address>0x6a80</run_address>
         <size>0x20</size>
         <input_file_ref idref="fl-15"/>
      </object_component>
      <object_component id="oc-ca">
         <name>ECap6RegsFile</name>
         <uninitialized>true</uninitialized>
         <run_address>0x6aa0</run_address>
         <size>0x20</size>
         <input_file_ref idref="fl-15"/>
      </object_component>
      <object_component id="oc-df">
         <name>EQep1RegsFile</name>
         <uninitialized>true</uninitialized>
         <run_address>0x6b00</run_address>
         <size>0x40</size>
         <input_file_ref idref="fl-15"/>
      </object_component>
      <object_component id="oc-e0">
         <name>EQep2RegsFile</name>
         <uninitialized>true</uninitialized>
         <run_address>0x6b40</run_address>
         <size>0x40</size>
         <input_file_ref idref="fl-15"/>
      </object_component>
      <object_component id="oc-d6">
         <name>GpioCtrlRegsFile</name>
         <uninitialized>true</uninitialized>
         <run_address>0x6f80</run_address>
         <size>0x2e</size>
         <input_file_ref idref="fl-15"/>
      </object_component>
      <object_component id="oc-cb">
         <name>GpioDataRegsFile</name>
         <uninitialized>true</uninitialized>
         <run_address>0x6fc0</run_address>
         <size>0x20</size>
         <input_file_ref idref="fl-15"/>
      </object_component>
      <object_component id="oc-ba">
         <name>GpioIntRegsFile</name>
         <uninitialized>true</uninitialized>
         <run_address>0x6fe0</run_address>
         <size>0xa</size>
         <input_file_ref idref="fl-15"/>
      </object_component>
      <object_component id="oc-cc">
         <name>SysCtrlRegsFile</name>
         <uninitialized>true</uninitialized>
         <run_address>0x7010</run_address>
         <size>0x20</size>
         <input_file_ref idref="fl-15"/>
      </object_component>
      <object_component id="oc-c0">
         <name>SpiaRegsFile</name>
         <uninitialized>true</uninitialized>
         <run_address>0x7040</run_address>
         <size>0x10</size>
         <input_file_ref idref="fl-15"/>
      </object_component>
      <object_component id="oc-bd">
         <name>SciaRegsFile</name>
         <uninitialized>true</uninitialized>
         <run_address>0x7050</run_address>
         <size>0x10</size>
         <input_file_ref idref="fl-15"/>
      </object_component>
      <object_component id="oc-c1">
         <name>XIntruptRegsFile</name>
         <uninitialized>true</uninitialized>
         <run_address>0x7070</run_address>
         <size>0x10</size>
         <input_file_ref idref="fl-15"/>
      </object_component>
      <object_component id="oc-c3">
         <name>AdcRegsFile</name>
         <uninitialized>true</uninitialized>
         <run_address>0x7100</run_address>
         <size>0x1e</size>
         <input_file_ref idref="fl-15"/>
      </object_component>
      <object_component id="oc-be">
         <name>ScibRegsFile</name>
         <uninitialized>true</uninitialized>
         <run_address>0x7750</run_address>
         <size>0x10</size>
         <input_file_ref idref="fl-15"/>
      </object_component>
      <object_component id="oc-bf">
         <name>ScicRegsFile</name>
         <uninitialized>true</uninitialized>
         <run_address>0x7770</run_address>
         <size>0x10</size>
         <input_file_ref idref="fl-15"/>
      </object_component>
      <object_component id="oc-d3">
         <name>I2caRegsFile</name>
         <uninitialized>true</uninitialized>
         <run_address>0x7900</run_address>
         <size>0x22</size>
         <input_file_ref idref="fl-15"/>
      </object_component>
      <object_component id="oc-b8">
         <name>CsmPwlFile</name>
         <uninitialized>true</uninitialized>
         <run_address>0x33fff8</run_address>
         <size>0x8</size>
         <input_file_ref idref="fl-15"/>
      </object_component>
      <object_component id="oc-b4">
         <name>PartIdRegsFile</name>
         <uninitialized>true</uninitialized>
         <run_address>0x380090</run_address>
         <size>0x1</size>
         <input_file_ref idref="fl-15"/>
      </object_component>
      <object_component id="oc-1f4">
         <name>.cinit:__ftable</name>
         <load_address>0x339e26</load_address>
         <run_address>0x339e26</run_address>
         <size>0x26</size>
         <input_file_ref idref="fl-49"/>
      </object_component>
      <object_component id="oc-12f">
         <name>.cinit</name>
         <load_address>0x339e4c</load_address>
         <run_address>0x339e4c</run_address>
         <size>0xe</size>
         <input_file_ref idref="fl-34"/>
      </object_component>
      <object_component id="oc-74">
         <name>.cinit</name>
         <load_address>0x339e5a</load_address>
         <run_address>0x339e5a</run_address>
         <size>0xc</size>
         <input_file_ref idref="fl-9"/>
      </object_component>
      <object_component id="oc-1e2">
         <name>.cinit:__lock</name>
         <load_address>0x339e66</load_address>
         <run_address>0x339e66</run_address>
         <size>0x5</size>
         <input_file_ref idref="fl-35"/>
      </object_component>
      <object_component id="oc-1ee">
         <name>.cinit:__unlock</name>
         <load_address>0x339e6b</load_address>
         <run_address>0x339e6b</run_address>
         <size>0x5</size>
         <input_file_ref idref="fl-35"/>
      </object_component>
      <object_component id="oc-5e">
         <name>.cinit</name>
         <load_address>0x339e70</load_address>
         <run_address>0x339e70</run_address>
         <size>0x4</size>
         <input_file_ref idref="fl-5"/>
      </object_component>
      <object_component id="oc-19c">
         <name>.cinit</name>
         <load_address>0x339e74</load_address>
         <run_address>0x339e74</run_address>
         <size>0x4</size>
         <input_file_ref idref="fl-49"/>
      </object_component>
      <object_component id="oc-1b8">
         <name>.cinit</name>
         <load_address>0x339e78</load_address>
         <run_address>0x339e78</run_address>
         <size>0x4</size>
         <input_file_ref idref="fl-4f"/>
      </object_component>
      <object_component id="oc-1fb">
         <name>.text</name>
         <load_address>0x338000</load_address>
         <run_address>0x338000</run_address>
         <size>0x6d0</size>
         <input_file_ref idref="fl-38"/>
      </object_component>
      <object_component id="oc-1f6">
         <name>.text:__TI_printfi</name>
         <load_address>0x3386d0</load_address>
         <run_address>0x3386d0</run_address>
         <size>0x5f5</size>
         <input_file_ref idref="fl-38"/>
      </object_component>
      <object_component id="oc-a4">
         <name>.text:retain</name>
         <load_address>0x338cc5</load_address>
         <run_address>0x338cc5</run_address>
         <size>0x316</size>
         <input_file_ref idref="fl-12"/>
      </object_component>
      <object_component id="oc-1e8">
         <name>.text</name>
         <load_address>0x338fdb</load_address>
         <run_address>0x338fdb</run_address>
         <size>0x119</size>
         <input_file_ref idref="fl-6"/>
      </object_component>
      <object_component id="oc-18c">
         <name>.text</name>
         <load_address>0x3390f4</load_address>
         <run_address>0x3390f4</run_address>
         <size>0x107</size>
         <input_file_ref idref="fl-46"/>
      </object_component>
      <object_component id="oc-1e3">
         <name>.text</name>
         <load_address>0x3391fb</load_address>
         <run_address>0x3391fb</run_address>
         <size>0xf7</size>
         <input_file_ref idref="fl-1c"/>
      </object_component>
      <object_component id="oc-77">
         <name>.text:retain</name>
         <load_address>0x3392f2</load_address>
         <run_address>0x3392f2</run_address>
         <size>0xb9</size>
         <input_file_ref idref="fl-9"/>
      </object_component>
      <object_component id="oc-201">
         <name>.text</name>
         <load_address>0x3393ab</load_address>
         <run_address>0x3393ab</run_address>
         <size>0xa9</size>
         <input_file_ref idref="fl-4d"/>
      </object_component>
      <object_component id="oc-164">
         <name>.text</name>
         <load_address>0x339454</load_address>
         <run_address>0x339454</run_address>
         <size>0x9c</size>
         <input_file_ref idref="fl-3e"/>
      </object_component>
      <object_component id="oc-150">
         <name>.text</name>
         <load_address>0x3394f0</load_address>
         <run_address>0x3394f0</run_address>
         <size>0x8b</size>
         <input_file_ref idref="fl-3a"/>
      </object_component>
      <object_component id="oc-155">
         <name>.text</name>
         <load_address>0x33957b</load_address>
         <run_address>0x33957b</run_address>
         <size>0x83</size>
         <input_file_ref idref="fl-3b"/>
      </object_component>
      <object_component id="oc-1f0">
         <name>.text</name>
         <load_address>0x3395fe</load_address>
         <run_address>0x3395fe</run_address>
         <size>0x74</size>
         <input_file_ref idref="fl-f"/>
      </object_component>
      <object_component id="oc-200">
         <name>.text</name>
         <load_address>0x339672</load_address>
         <run_address>0x339672</run_address>
         <size>0x5a</size>
         <input_file_ref idref="fl-4c"/>
      </object_component>
      <object_component id="oc-4c">
         <name>.text</name>
         <load_address>0x3396cc</load_address>
         <run_address>0x3396cc</run_address>
         <size>0x56</size>
         <input_file_ref idref="fl-2f"/>
      </object_component>
      <object_component id="oc-1e9">
         <name>.text</name>
         <load_address>0x339722</load_address>
         <run_address>0x339722</run_address>
         <size>0x4f</size>
         <input_file_ref idref="fl-3"/>
      </object_component>
      <object_component id="oc-1f1">
         <name>.text</name>
         <load_address>0x339771</load_address>
         <run_address>0x339771</run_address>
         <size>0x48</size>
         <input_file_ref idref="fl-1b"/>
      </object_component>
      <object_component id="oc-1e0">
         <name>.text</name>
         <load_address>0x3397b9</load_address>
         <run_address>0x3397b9</run_address>
         <size>0x3d</size>
         <input_file_ref idref="fl-2"/>
      </object_component>
      <object_component id="oc-1f2">
         <name>.text</name>
         <load_address>0x3397f6</load_address>
         <run_address>0x3397f6</run_address>
         <size>0x3a</size>
         <input_file_ref idref="fl-a"/>
      </object_component>
      <object_component id="oc-1eb">
         <name>.text</name>
         <load_address>0x339830</load_address>
         <run_address>0x339830</run_address>
         <size>0x39</size>
         <input_file_ref idref="fl-7"/>
      </object_component>
      <object_component id="oc-1ec">
         <name>.text</name>
         <load_address>0x339869</load_address>
         <run_address>0x339869</run_address>
         <size>0x34</size>
         <input_file_ref idref="fl-37"/>
      </object_component>
      <object_component id="oc-1f8">
         <name>.text</name>
         <load_address>0x33989d</load_address>
         <run_address>0x33989d</run_address>
         <size>0x31</size>
         <input_file_ref idref="fl-4a"/>
      </object_component>
      <object_component id="oc-1ff">
         <name>.text</name>
         <load_address>0x3398ce</load_address>
         <run_address>0x3398ce</run_address>
         <size>0x30</size>
         <input_file_ref idref="fl-47"/>
      </object_component>
      <object_component id="oc-14b">
         <name>.text</name>
         <load_address>0x3398fe</load_address>
         <run_address>0x3398fe</run_address>
         <size>0x2a</size>
         <input_file_ref idref="fl-39"/>
      </object_component>
      <object_component id="oc-196">
         <name>.text</name>
         <load_address>0x339928</load_address>
         <run_address>0x339928</run_address>
         <size>0x2a</size>
         <input_file_ref idref="fl-48"/>
      </object_component>
      <object_component id="oc-1dd">
         <name>.text</name>
         <load_address>0x339952</load_address>
         <run_address>0x339952</run_address>
         <size>0x29</size>
         <input_file_ref idref="fl-34"/>
      </object_component>
      <object_component id="oc-1e6">
         <name>.text</name>
         <load_address>0x33997b</load_address>
         <run_address>0x33997b</run_address>
         <size>0x28</size>
         <input_file_ref idref="fl-19"/>
      </object_component>
      <object_component id="oc-1da">
         <name>.text</name>
         <load_address>0x3399a3</load_address>
         <run_address>0x3399a3</run_address>
         <size>0x24</size>
         <input_file_ref idref="fl-33"/>
      </object_component>
      <object_component id="oc-203">
         <name>.text</name>
         <load_address>0x3399c7</load_address>
         <run_address>0x3399c7</run_address>
         <size>0x24</size>
         <input_file_ref idref="fl-4e"/>
      </object_component>
      <object_component id="oc-1ea">
         <name>.text</name>
         <load_address>0x3399eb</load_address>
         <run_address>0x3399eb</run_address>
         <size>0x22</size>
         <input_file_ref idref="fl-4"/>
      </object_component>
      <object_component id="oc-169">
         <name>.text</name>
         <load_address>0x339a0d</load_address>
         <run_address>0x339a0d</run_address>
         <size>0x21</size>
         <input_file_ref idref="fl-3f"/>
      </object_component>
      <object_component id="oc-1e7">
         <name>.text</name>
         <load_address>0x339a2e</load_address>
         <run_address>0x339a2e</run_address>
         <size>0x20</size>
         <input_file_ref idref="fl-1a"/>
      </object_component>
      <object_component id="oc-16e">
         <name>.text</name>
         <load_address>0x339a4e</load_address>
         <run_address>0x339a4e</run_address>
         <size>0x1f</size>
         <input_file_ref idref="fl-40"/>
      </object_component>
      <object_component id="oc-187">
         <name>.text</name>
         <load_address>0x339a6d</load_address>
         <run_address>0x339a6d</run_address>
         <size>0x1e</size>
         <input_file_ref idref="fl-45"/>
      </object_component>
      <object_component id="oc-178">
         <name>.text</name>
         <load_address>0x339a8b</load_address>
         <run_address>0x339a8b</run_address>
         <size>0x1d</size>
         <input_file_ref idref="fl-42"/>
      </object_component>
      <object_component id="oc-1df">
         <name>.text</name>
         <load_address>0x339aa8</load_address>
         <run_address>0x339aa8</run_address>
         <size>0x1d</size>
         <input_file_ref idref="fl-36"/>
      </object_component>
      <object_component id="oc-173">
         <name>.text</name>
         <load_address>0x339ac5</load_address>
         <run_address>0x339ac5</run_address>
         <size>0x1c</size>
         <input_file_ref idref="fl-41"/>
      </object_component>
      <object_component id="oc-17d">
         <name>.text</name>
         <load_address>0x339ae1</load_address>
         <run_address>0x339ae1</run_address>
         <size>0x1c</size>
         <input_file_ref idref="fl-43"/>
      </object_component>
      <object_component id="oc-182">
         <name>.text</name>
         <load_address>0x339afd</load_address>
         <run_address>0x339afd</run_address>
         <size>0x18</size>
         <input_file_ref idref="fl-44"/>
      </object_component>
      <object_component id="oc-1e4">
         <name>.text</name>
         <load_address>0x339b15</load_address>
         <run_address>0x339b15</run_address>
         <size>0x13</size>
         <input_file_ref idref="fl-18"/>
      </object_component>
      <object_component id="oc-1dc">
         <name>.text</name>
         <load_address>0x339b28</load_address>
         <run_address>0x339b28</run_address>
         <size>0x12</size>
         <input_file_ref idref="fl-30"/>
      </object_component>
      <object_component id="oc-1fc">
         <name>.text</name>
         <load_address>0x339b3a</load_address>
         <run_address>0x339b3a</run_address>
         <size>0x10</size>
         <input_file_ref idref="fl-50"/>
      </object_component>
      <object_component id="oc-15f">
         <name>.text</name>
         <load_address>0x339b4a</load_address>
         <run_address>0x339b4a</run_address>
         <size>0xe</size>
         <input_file_ref idref="fl-3d"/>
      </object_component>
      <object_component id="oc-202">
         <name>.text</name>
         <load_address>0x339b58</load_address>
         <run_address>0x339b58</run_address>
         <size>0xc</size>
         <input_file_ref idref="fl-52"/>
      </object_component>
      <object_component id="oc-1ed">
         <name>.text</name>
         <load_address>0x339b64</load_address>
         <run_address>0x339b64</run_address>
         <size>0x9</size>
         <input_file_ref idref="fl-35"/>
      </object_component>
      <object_component id="oc-15a">
         <name>.text</name>
         <load_address>0x339b6d</load_address>
         <run_address>0x339b6d</run_address>
         <size>0x9</size>
         <input_file_ref idref="fl-3c"/>
      </object_component>
      <object_component id="oc-1fd">
         <name>.text</name>
         <load_address>0x339b76</load_address>
         <run_address>0x339b76</run_address>
         <size>0x9</size>
         <input_file_ref idref="fl-55"/>
      </object_component>
      <object_component id="oc-8d">
         <name>.text</name>
         <load_address>0x339b7f</load_address>
         <run_address>0x339b7f</run_address>
         <size>0x8</size>
         <input_file_ref idref="fl-e"/>
      </object_component>
      <object_component id="oc-1f7">
         <name>.text</name>
         <load_address>0x339b87</load_address>
         <run_address>0x339b87</run_address>
         <size>0x8</size>
         <input_file_ref idref="fl-54"/>
      </object_component>
      <object_component id="oc-a9">
         <name>.text</name>
         <load_address>0x339b8f</load_address>
         <run_address>0x339b8f</run_address>
         <size>0x7</size>
         <input_file_ref idref="fl-13"/>
      </object_component>
      <object_component id="oc-1f9">
         <name>.text</name>
         <load_address>0x339b96</load_address>
         <run_address>0x339b96</run_address>
         <size>0x7</size>
         <input_file_ref idref="fl-51"/>
      </object_component>
      <object_component id="oc-1fa">
         <name>.text</name>
         <load_address>0x339b9d</load_address>
         <run_address>0x339b9d</run_address>
         <size>0x5</size>
         <input_file_ref idref="fl-53"/>
      </object_component>
      <object_component id="oc-99">
         <name>.text</name>
         <load_address>0x339ba2</load_address>
         <run_address>0x339ba2</run_address>
         <size>0x3</size>
         <input_file_ref idref="fl-10"/>
      </object_component>
      <object_component id="oc-1d9">
         <name>.text</name>
         <load_address>0x339ba5</load_address>
         <run_address>0x339ba5</run_address>
         <size>0x2</size>
         <input_file_ref idref="fl-32"/>
      </object_component>
      <object_component id="oc-1db">
         <name>.text</name>
         <load_address>0x339ba7</load_address>
         <run_address>0x339ba7</run_address>
         <size>0x1</size>
         <input_file_ref idref="fl-31"/>
      </object_component>
      <object_component id="oc-8e">
         <name>codestart</name>
         <load_address>0x33fff6</load_address>
         <run_address>0x33fff6</run_address>
         <size>0x2</size>
         <input_file_ref idref="fl-e"/>
      </object_component>
      <object_component id="oc-76">
         <name>.TI.ramfunc:retain</name>
         <load_address>0x320000</load_address>
         <run_address>0x8000</run_address>
         <size>0xb1</size>
         <input_file_ref idref="fl-9"/>
      </object_component>
      <object_component id="oc-1e5">
         <name>.TI.ramfunc</name>
         <load_address>0x3200b1</load_address>
         <run_address>0x80b1</run_address>
         <size>0x1b</size>
         <input_file_ref idref="fl-1c"/>
      </object_component>
      <object_component id="oc-10f">
         <name>.TI.ramfunc</name>
         <load_address>0x3200cc</load_address>
         <run_address>0x80cc</run_address>
         <size>0x4</size>
         <input_file_ref idref="fl-1e"/>
      </object_component>
      <object_component id="oc-8b">
         <name>csmpasswds</name>
         <load_address>0x33fff8</load_address>
         <run_address>0x33fff8</run_address>
         <size>0x8</size>
         <input_file_ref idref="fl-d"/>
      </object_component>
      <object_component id="oc-8c">
         <name>csm_rsvd</name>
         <load_address>0x33ff80</load_address>
         <run_address>0x33ff80</run_address>
         <size>0x76</size>
         <input_file_ref idref="fl-d"/>
      </object_component>
      <object_component id="oc-114">
         <name>.stack</name>
         <uninitialized>true</uninitialized>
         <run_address>0x400</run_address>
         <size>0x0</size>
         <input_file_ref idref="fl-2f"/>
      </object_component>
      <object_component id="oc-259">
         <name>.stack</name>
         <uninitialized>true</uninitialized>
         <run_address>0x400</run_address>
         <size>0x0</size>
      </object_component>
      <object_component id="oc-5f">
         <name>.ebss</name>
         <uninitialized>true</uninitialized>
         <run_address>0x80f3</run_address>
         <size>0x1</size>
         <input_file_ref idref="fl-5"/>
      </object_component>
      <object_component id="oc-75">
         <name>.ebss</name>
         <uninitialized>true</uninitialized>
         <run_address>0x80ee</run_address>
         <size>0x3</size>
         <input_file_ref idref="fl-9"/>
      </object_component>
      <object_component id="oc-1de">
         <name>.ebss:_Voltage1</name>
         <uninitialized>true</uninitialized>
         <run_address>0x80f1</run_address>
         <size>0x2</size>
         <input_file_ref idref="fl-9"/>
      </object_component>
      <object_component id="oc-94">
         <name>.ebss</name>
         <uninitialized>true</uninitialized>
         <run_address>0x80d0</run_address>
         <size>0x18</size>
         <input_file_ref idref="fl-f"/>
      </object_component>
      <object_component id="oc-130">
         <name>.ebss</name>
         <uninitialized>true</uninitialized>
         <run_address>0x80e8</run_address>
         <size>0x6</size>
         <input_file_ref idref="fl-34"/>
      </object_component>
      <object_component id="oc-1e1">
         <name>.ebss:__lock</name>
         <uninitialized>true</uninitialized>
         <run_address>0x80f4</run_address>
         <size>0x2</size>
         <input_file_ref idref="fl-35"/>
      </object_component>
      <object_component id="oc-1f5">
         <name>.ebss:__unlock</name>
         <uninitialized>true</uninitialized>
         <run_address>0x80f6</run_address>
         <size>0x2</size>
         <input_file_ref idref="fl-35"/>
      </object_component>
      <object_component id="oc-19d">
         <name>.ebss</name>
         <uninitialized>true</uninitialized>
         <run_address>0x80f8</run_address>
         <size>0x1</size>
         <input_file_ref idref="fl-49"/>
      </object_component>
      <object_component id="oc-1f3">
         <name>.ebss:__ftable</name>
         <uninitialized>true</uninitialized>
         <run_address>0x8100</run_address>
         <size>0x78</size>
         <input_file_ref idref="fl-49"/>
      </object_component>
      <object_component id="oc-1b9">
         <name>.ebss</name>
         <uninitialized>true</uninitialized>
         <run_address>0x80f9</run_address>
         <size>0x1</size>
         <input_file_ref idref="fl-4f"/>
      </object_component>
      <object_component id="oc-1fe">
         <name>.econst:.string:__ctypes_</name>
         <load_address>0x339ba8</load_address>
         <run_address>0x339ba8</run_address>
         <size>0x101</size>
         <input_file_ref idref="fl-4b"/>
      </object_component>
      <object_component id="oc-1ef">
         <name>.econst:_PieVectTableInit</name>
         <load_address>0x339caa</load_address>
         <run_address>0x339caa</run_address>
         <size>0x100</size>
         <input_file_ref idref="fl-1a"/>
      </object_component>
      <object_component id="oc-146">
         <name>.econst:.string</name>
         <load_address>0x339daa</load_address>
         <run_address>0x339daa</run_address>
         <size>0x26</size>
         <input_file_ref idref="fl-38"/>
      </object_component>
      <object_component id="oc-145">
         <name>.econst</name>
         <load_address>0x339dd0</load_address>
         <run_address>0x339dd0</run_address>
         <size>0x1c</size>
         <input_file_ref idref="fl-38"/>
      </object_component>
      <object_component id="oc-1ad">
         <name>.econst</name>
         <load_address>0x339dec</load_address>
         <run_address>0x339dec</run_address>
         <size>0x1c</size>
         <input_file_ref idref="fl-4d"/>
      </object_component>
      <object_component id="oc-4e">
         <name>.econst:.string</name>
         <load_address>0x339e08</load_address>
         <run_address>0x339e08</run_address>
         <size>0x15</size>
         <input_file_ref idref="fl-2"/>
      </object_component>
      <object_component id="oc-1a7">
         <name>.econst</name>
         <load_address>0x339e1e</load_address>
         <run_address>0x339e1e</run_address>
         <size>0x8</size>
         <input_file_ref idref="fl-4c"/>
      </object_component>
      <object_component id="oc-115">
         <name>.reset</name>
         <load_address>0x3fffc0</load_address>
         <run_address>0x3fffc0</run_address>
         <size>0x2</size>
         <input_file_ref idref="fl-2f"/>
      </object_component>
      <object_component id="oc-81">
         <name>.adc_cal</name>
         <load_address>0x380080</load_address>
         <run_address>0x380080</run_address>
         <size>0x7</size>
         <input_file_ref idref="fl-b"/>
      </object_component>
      <object_component id="oc-4d">
         <name>.debug_info</name>
         <load_address>0x0</load_address>
         <run_address>0x0</run_address>
         <size>0x1255</size>
         <input_file_ref idref="fl-2"/>
      </object_component>
      <object_component id="oc-53">
         <name>.debug_info</name>
         <load_address>0x1255</load_address>
         <run_address>0x1255</run_address>
         <size>0x34b3</size>
         <input_file_ref idref="fl-3"/>
      </object_component>
      <object_component id="oc-58">
         <name>.debug_info</name>
         <load_address>0x4708</load_address>
         <run_address>0x4708</run_address>
         <size>0x1e5a</size>
         <input_file_ref idref="fl-4"/>
      </object_component>
      <object_component id="oc-5d">
         <name>.debug_info</name>
         <load_address>0x6562</load_address>
         <run_address>0x6562</run_address>
         <size>0x3d95</size>
         <input_file_ref idref="fl-5"/>
      </object_component>
      <object_component id="oc-64">
         <name>.debug_info</name>
         <load_address>0xa2f7</load_address>
         <run_address>0xa2f7</run_address>
         <size>0x455d</size>
         <input_file_ref idref="fl-6"/>
      </object_component>
      <object_component id="oc-69">
         <name>.debug_info</name>
         <load_address>0xe854</load_address>
         <run_address>0xe854</run_address>
         <size>0xf93</size>
         <input_file_ref idref="fl-7"/>
      </object_component>
      <object_component id="oc-6e">
         <name>.debug_info</name>
         <load_address>0xf7e7</load_address>
         <run_address>0xf7e7</run_address>
         <size>0x2486</size>
         <input_file_ref idref="fl-8"/>
      </object_component>
      <object_component id="oc-73">
         <name>.debug_info</name>
         <load_address>0x11c6d</load_address>
         <run_address>0x11c6d</run_address>
         <size>0x4fd5</size>
         <input_file_ref idref="fl-9"/>
      </object_component>
      <object_component id="oc-7c">
         <name>.debug_info</name>
         <load_address>0x16c42</load_address>
         <run_address>0x16c42</run_address>
         <size>0x1102</size>
         <input_file_ref idref="fl-a"/>
      </object_component>
      <object_component id="oc-83">
         <name>.debug_info</name>
         <load_address>0x17d44</load_address>
         <run_address>0x17d44</run_address>
         <size>0xfa</size>
         <input_file_ref idref="fl-b"/>
      </object_component>
      <object_component id="oc-86">
         <name>.debug_info</name>
         <load_address>0x17e3e</load_address>
         <run_address>0x17e3e</run_address>
         <size>0x1e69</size>
         <input_file_ref idref="fl-c"/>
      </object_component>
      <object_component id="oc-90">
         <name>.debug_info</name>
         <load_address>0x19ca7</load_address>
         <run_address>0x19ca7</run_address>
         <size>0x13a</size>
         <input_file_ref idref="fl-e"/>
      </object_component>
      <object_component id="oc-93">
         <name>.debug_info</name>
         <load_address>0x19de1</load_address>
         <run_address>0x19de1</run_address>
         <size>0x987</size>
         <input_file_ref idref="fl-f"/>
      </object_component>
      <object_component id="oc-9b">
         <name>.debug_info</name>
         <load_address>0x1a768</load_address>
         <run_address>0x1a768</run_address>
         <size>0xf8</size>
         <input_file_ref idref="fl-10"/>
      </object_component>
      <object_component id="oc-9e">
         <name>.debug_info</name>
         <load_address>0x1a860</load_address>
         <run_address>0x1a860</run_address>
         <size>0x16fa</size>
         <input_file_ref idref="fl-11"/>
      </object_component>
      <object_component id="oc-a3">
         <name>.debug_info</name>
         <load_address>0x1bf5a</load_address>
         <run_address>0x1bf5a</run_address>
         <size>0x243c</size>
         <input_file_ref idref="fl-12"/>
      </object_component>
      <object_component id="oc-ab">
         <name>.debug_info</name>
         <load_address>0x1e396</load_address>
         <run_address>0x1e396</run_address>
         <size>0xfe</size>
         <input_file_ref idref="fl-13"/>
      </object_component>
      <object_component id="oc-ae">
         <name>.debug_info</name>
         <load_address>0x1e494</load_address>
         <run_address>0x1e494</run_address>
         <size>0x1b6f</size>
         <input_file_ref idref="fl-14"/>
      </object_component>
      <object_component id="oc-b3">
         <name>.debug_info</name>
         <load_address>0x20003</load_address>
         <run_address>0x20003</run_address>
         <size>0x13426</size>
         <input_file_ref idref="fl-15"/>
      </object_component>
      <object_component id="oc-e7">
         <name>.debug_info</name>
         <load_address>0x33429</load_address>
         <run_address>0x33429</run_address>
         <size>0x1b6f</size>
         <input_file_ref idref="fl-16"/>
      </object_component>
      <object_component id="oc-ec">
         <name>.debug_info</name>
         <load_address>0x34f98</load_address>
         <run_address>0x34f98</run_address>
         <size>0x1b6e</size>
         <input_file_ref idref="fl-17"/>
      </object_component>
      <object_component id="oc-f1">
         <name>.debug_info</name>
         <load_address>0x36b06</load_address>
         <run_address>0x36b06</run_address>
         <size>0x440</size>
         <input_file_ref idref="fl-18"/>
      </object_component>
      <object_component id="oc-f6">
         <name>.debug_info</name>
         <load_address>0x36f46</load_address>
         <run_address>0x36f46</run_address>
         <size>0xb2f</size>
         <input_file_ref idref="fl-19"/>
      </object_component>
      <object_component id="oc-fb">
         <name>.debug_info</name>
         <load_address>0x37a75</load_address>
         <run_address>0x37a75</run_address>
         <size>0x22ae</size>
         <input_file_ref idref="fl-1a"/>
      </object_component>
      <object_component id="oc-100">
         <name>.debug_info</name>
         <load_address>0x39d23</load_address>
         <run_address>0x39d23</run_address>
         <size>0x1da1</size>
         <input_file_ref idref="fl-1b"/>
      </object_component>
      <object_component id="oc-105">
         <name>.debug_info</name>
         <load_address>0x3bac4</load_address>
         <run_address>0x3bac4</run_address>
         <size>0x20eb</size>
         <input_file_ref idref="fl-1c"/>
      </object_component>
      <object_component id="oc-10a">
         <name>.debug_info</name>
         <load_address>0x3dbaf</load_address>
         <run_address>0x3dbaf</run_address>
         <size>0x2126</size>
         <input_file_ref idref="fl-1d"/>
      </object_component>
      <object_component id="oc-111">
         <name>.debug_info</name>
         <load_address>0x3fcd5</load_address>
         <run_address>0x3fcd5</run_address>
         <size>0xfc</size>
         <input_file_ref idref="fl-1e"/>
      </object_component>
      <object_component id="oc-116">
         <name>.debug_info</name>
         <load_address>0x3fdd1</load_address>
         <run_address>0x3fdd1</run_address>
         <size>0x173</size>
         <input_file_ref idref="fl-2f"/>
      </object_component>
      <object_component id="oc-11a">
         <name>.debug_info</name>
         <load_address>0x3ff44</load_address>
         <run_address>0x3ff44</run_address>
         <size>0x467</size>
         <input_file_ref idref="fl-30"/>
      </object_component>
      <object_component id="oc-11f">
         <name>.debug_info</name>
         <load_address>0x403ab</load_address>
         <run_address>0x403ab</run_address>
         <size>0x3aa</size>
         <input_file_ref idref="fl-31"/>
      </object_component>
      <object_component id="oc-124">
         <name>.debug_info</name>
         <load_address>0x40755</load_address>
         <run_address>0x40755</run_address>
         <size>0x3ad</size>
         <input_file_ref idref="fl-32"/>
      </object_component>
      <object_component id="oc-129">
         <name>.debug_info</name>
         <load_address>0x40b02</load_address>
         <run_address>0x40b02</run_address>
         <size>0x561</size>
         <input_file_ref idref="fl-33"/>
      </object_component>
      <object_component id="oc-12e">
         <name>.debug_info</name>
         <load_address>0x41063</load_address>
         <run_address>0x41063</run_address>
         <size>0x544</size>
         <input_file_ref idref="fl-34"/>
      </object_component>
      <object_component id="oc-135">
         <name>.debug_info</name>
         <load_address>0x415a7</load_address>
         <run_address>0x415a7</run_address>
         <size>0x4cc</size>
         <input_file_ref idref="fl-35"/>
      </object_component>
      <object_component id="oc-13a">
         <name>.debug_info</name>
         <load_address>0x41a73</load_address>
         <run_address>0x41a73</run_address>
         <size>0x43a</size>
         <input_file_ref idref="fl-36"/>
      </object_component>
      <object_component id="oc-13f">
         <name>.debug_info</name>
         <load_address>0x41ead</load_address>
         <run_address>0x41ead</run_address>
         <size>0x714</size>
         <input_file_ref idref="fl-37"/>
      </object_component>
      <object_component id="oc-144">
         <name>.debug_info</name>
         <load_address>0x425c1</load_address>
         <run_address>0x425c1</run_address>
         <size>0x2a4f</size>
         <input_file_ref idref="fl-38"/>
      </object_component>
      <object_component id="oc-14c">
         <name>.debug_info</name>
         <load_address>0x45010</load_address>
         <run_address>0x45010</run_address>
         <size>0x120</size>
         <input_file_ref idref="fl-39"/>
      </object_component>
      <object_component id="oc-151">
         <name>.debug_info</name>
         <load_address>0x45130</load_address>
         <run_address>0x45130</run_address>
         <size>0x114</size>
         <input_file_ref idref="fl-3a"/>
      </object_component>
      <object_component id="oc-156">
         <name>.debug_info</name>
         <load_address>0x45244</load_address>
         <run_address>0x45244</run_address>
         <size>0x114</size>
         <input_file_ref idref="fl-3b"/>
      </object_component>
      <object_component id="oc-15b">
         <name>.debug_info</name>
         <load_address>0x45358</load_address>
         <run_address>0x45358</run_address>
         <size>0x114</size>
         <input_file_ref idref="fl-3c"/>
      </object_component>
      <object_component id="oc-160">
         <name>.debug_info</name>
         <load_address>0x4546c</load_address>
         <run_address>0x4546c</run_address>
         <size>0x122</size>
         <input_file_ref idref="fl-3d"/>
      </object_component>
      <object_component id="oc-165">
         <name>.debug_info</name>
         <load_address>0x4558e</load_address>
         <run_address>0x4558e</run_address>
         <size>0x114</size>
         <input_file_ref idref="fl-3e"/>
      </object_component>
      <object_component id="oc-16a">
         <name>.debug_info</name>
         <load_address>0x456a2</load_address>
         <run_address>0x456a2</run_address>
         <size>0x114</size>
         <input_file_ref idref="fl-3f"/>
      </object_component>
      <object_component id="oc-16f">
         <name>.debug_info</name>
         <load_address>0x457b6</load_address>
         <run_address>0x457b6</run_address>
         <size>0x114</size>
         <input_file_ref idref="fl-40"/>
      </object_component>
      <object_component id="oc-174">
         <name>.debug_info</name>
         <load_address>0x458ca</load_address>
         <run_address>0x458ca</run_address>
         <size>0x11a</size>
         <input_file_ref idref="fl-41"/>
      </object_component>
      <object_component id="oc-179">
         <name>.debug_info</name>
         <load_address>0x459e4</load_address>
         <run_address>0x459e4</run_address>
         <size>0x118</size>
         <input_file_ref idref="fl-42"/>
      </object_component>
      <object_component id="oc-17e">
         <name>.debug_info</name>
         <load_address>0x45afc</load_address>
         <run_address>0x45afc</run_address>
         <size>0x118</size>
         <input_file_ref idref="fl-43"/>
      </object_component>
      <object_component id="oc-183">
         <name>.debug_info</name>
         <load_address>0x45c14</load_address>
         <run_address>0x45c14</run_address>
         <size>0x176</size>
         <input_file_ref idref="fl-44"/>
      </object_component>
      <object_component id="oc-188">
         <name>.debug_info</name>
         <load_address>0x45d8a</load_address>
         <run_address>0x45d8a</run_address>
         <size>0x14e</size>
         <input_file_ref idref="fl-45"/>
      </object_component>
      <object_component id="oc-18d">
         <name>.debug_info</name>
         <load_address>0x45ed8</load_address>
         <run_address>0x45ed8</run_address>
         <size>0x231</size>
         <input_file_ref idref="fl-46"/>
      </object_component>
      <object_component id="oc-191">
         <name>.debug_info</name>
         <load_address>0x46109</load_address>
         <run_address>0x46109</run_address>
         <size>0x46c</size>
         <input_file_ref idref="fl-47"/>
      </object_component>
      <object_component id="oc-197">
         <name>.debug_info</name>
         <load_address>0x46575</load_address>
         <run_address>0x46575</run_address>
         <size>0x1a5</size>
         <input_file_ref idref="fl-48"/>
      </object_component>
      <object_component id="oc-19b">
         <name>.debug_info</name>
         <load_address>0x4671a</load_address>
         <run_address>0x4671a</run_address>
         <size>0x2bb</size>
         <input_file_ref idref="fl-49"/>
      </object_component>
      <object_component id="oc-19f">
         <name>.debug_info</name>
         <load_address>0x469d5</load_address>
         <run_address>0x469d5</run_address>
         <size>0x41f</size>
         <input_file_ref idref="fl-4a"/>
      </object_component>
      <object_component id="oc-1a4">
         <name>.debug_info</name>
         <load_address>0x46df4</load_address>
         <run_address>0x46df4</run_address>
         <size>0x1e7</size>
         <input_file_ref idref="fl-4b"/>
      </object_component>
      <object_component id="oc-1a6">
         <name>.debug_info</name>
         <load_address>0x46fdb</load_address>
         <run_address>0x46fdb</run_address>
         <size>0x4a6</size>
         <input_file_ref idref="fl-4c"/>
      </object_component>
      <object_component id="oc-1ac">
         <name>.debug_info</name>
         <load_address>0x47481</load_address>
         <run_address>0x47481</run_address>
         <size>0x532</size>
         <input_file_ref idref="fl-4d"/>
      </object_component>
      <object_component id="oc-1b2">
         <name>.debug_info</name>
         <load_address>0x479b3</load_address>
         <run_address>0x479b3</run_address>
         <size>0x423</size>
         <input_file_ref idref="fl-4e"/>
      </object_component>
      <object_component id="oc-1b7">
         <name>.debug_info</name>
         <load_address>0x47dd6</load_address>
         <run_address>0x47dd6</run_address>
         <size>0x1c6</size>
         <input_file_ref idref="fl-4f"/>
      </object_component>
      <object_component id="oc-1bb">
         <name>.debug_info</name>
         <load_address>0x47f9c</load_address>
         <run_address>0x47f9c</run_address>
         <size>0x45e</size>
         <input_file_ref idref="fl-50"/>
      </object_component>
      <object_component id="oc-1c0">
         <name>.debug_info</name>
         <load_address>0x483fa</load_address>
         <run_address>0x483fa</run_address>
         <size>0x502</size>
         <input_file_ref idref="fl-51"/>
      </object_component>
      <object_component id="oc-1c5">
         <name>.debug_info</name>
         <load_address>0x488fc</load_address>
         <run_address>0x488fc</run_address>
         <size>0x4f1</size>
         <input_file_ref idref="fl-52"/>
      </object_component>
      <object_component id="oc-1ca">
         <name>.debug_info</name>
         <load_address>0x48ded</load_address>
         <run_address>0x48ded</run_address>
         <size>0x4e5</size>
         <input_file_ref idref="fl-53"/>
      </object_component>
      <object_component id="oc-1cf">
         <name>.debug_info</name>
         <load_address>0x492d2</load_address>
         <run_address>0x492d2</run_address>
         <size>0x4aa</size>
         <input_file_ref idref="fl-54"/>
      </object_component>
      <object_component id="oc-1d4">
         <name>.debug_info</name>
         <load_address>0x4977c</load_address>
         <run_address>0x4977c</run_address>
         <size>0x40c</size>
         <input_file_ref idref="fl-55"/>
      </object_component>
      <object_component id="oc-25a">
         <name>.debug_info</name>
         <load_address>0x49b88</load_address>
         <run_address>0x49b88</run_address>
         <size>0xa5</size>
      </object_component>
      <object_component id="oc-4f">
         <name>.debug_frame</name>
         <load_address>0x0</load_address>
         <run_address>0x0</run_address>
         <size>0x40</size>
         <input_file_ref idref="fl-2"/>
      </object_component>
      <object_component id="oc-54">
         <name>.debug_frame</name>
         <load_address>0x40</load_address>
         <run_address>0x40</run_address>
         <size>0x40</size>
         <input_file_ref idref="fl-3"/>
      </object_component>
      <object_component id="oc-59">
         <name>.debug_frame</name>
         <load_address>0x80</load_address>
         <run_address>0x80</run_address>
         <size>0x44</size>
         <input_file_ref idref="fl-4"/>
      </object_component>
      <object_component id="oc-60">
         <name>.debug_frame</name>
         <load_address>0xc4</load_address>
         <run_address>0xc4</run_address>
         <size>0x28</size>
         <input_file_ref idref="fl-5"/>
      </object_component>
      <object_component id="oc-65">
         <name>.debug_frame</name>
         <load_address>0xec</load_address>
         <run_address>0xec</run_address>
         <size>0xd0</size>
         <input_file_ref idref="fl-6"/>
      </object_component>
      <object_component id="oc-6a">
         <name>.debug_frame</name>
         <load_address>0x1bc</load_address>
         <run_address>0x1bc</run_address>
         <size>0x78</size>
         <input_file_ref idref="fl-7"/>
      </object_component>
      <object_component id="oc-6f">
         <name>.debug_frame</name>
         <load_address>0x234</load_address>
         <run_address>0x234</run_address>
         <size>0x28</size>
         <input_file_ref idref="fl-8"/>
      </object_component>
      <object_component id="oc-78">
         <name>.debug_frame</name>
         <load_address>0x25c</load_address>
         <run_address>0x25c</run_address>
         <size>0x280</size>
         <input_file_ref idref="fl-9"/>
      </object_component>
      <object_component id="oc-7d">
         <name>.debug_frame</name>
         <load_address>0x4dc</load_address>
         <run_address>0x4dc</run_address>
         <size>0x98</size>
         <input_file_ref idref="fl-a"/>
      </object_component>
      <object_component id="oc-87">
         <name>.debug_frame</name>
         <load_address>0x574</load_address>
         <run_address>0x574</run_address>
         <size>0x28</size>
         <input_file_ref idref="fl-c"/>
      </object_component>
      <object_component id="oc-95">
         <name>.debug_frame</name>
         <load_address>0x59c</load_address>
         <run_address>0x59c</run_address>
         <size>0x5c</size>
         <input_file_ref idref="fl-f"/>
      </object_component>
      <object_component id="oc-9f">
         <name>.debug_frame</name>
         <load_address>0x5f8</load_address>
         <run_address>0x5f8</run_address>
         <size>0x28</size>
         <input_file_ref idref="fl-11"/>
      </object_component>
      <object_component id="oc-a5">
         <name>.debug_frame</name>
         <load_address>0x620</load_address>
         <run_address>0x620</run_address>
         <size>0xa08</size>
         <input_file_ref idref="fl-12"/>
      </object_component>
      <object_component id="oc-af">
         <name>.debug_frame</name>
         <load_address>0x1028</load_address>
         <run_address>0x1028</run_address>
         <size>0x28</size>
         <input_file_ref idref="fl-14"/>
      </object_component>
      <object_component id="oc-e8">
         <name>.debug_frame</name>
         <load_address>0x1050</load_address>
         <run_address>0x1050</run_address>
         <size>0x28</size>
         <input_file_ref idref="fl-16"/>
      </object_component>
      <object_component id="oc-ed">
         <name>.debug_frame</name>
         <load_address>0x1078</load_address>
         <run_address>0x1078</run_address>
         <size>0x28</size>
         <input_file_ref idref="fl-17"/>
      </object_component>
      <object_component id="oc-f2">
         <name>.debug_frame</name>
         <load_address>0x10a0</load_address>
         <run_address>0x10a0</run_address>
         <size>0x44</size>
         <input_file_ref idref="fl-18"/>
      </object_component>
      <object_component id="oc-f7">
         <name>.debug_frame</name>
         <load_address>0x10e4</load_address>
         <run_address>0x10e4</run_address>
         <size>0x58</size>
         <input_file_ref idref="fl-19"/>
      </object_component>
      <object_component id="oc-fc">
         <name>.debug_frame</name>
         <load_address>0x113c</load_address>
         <run_address>0x113c</run_address>
         <size>0x44</size>
         <input_file_ref idref="fl-1a"/>
      </object_component>
      <object_component id="oc-101">
         <name>.debug_frame</name>
         <load_address>0x1180</load_address>
         <run_address>0x1180</run_address>
         <size>0xa0</size>
         <input_file_ref idref="fl-1b"/>
      </object_component>
      <object_component id="oc-106">
         <name>.debug_frame</name>
         <load_address>0x1220</load_address>
         <run_address>0x1220</run_address>
         <size>0xd8</size>
         <input_file_ref idref="fl-1c"/>
      </object_component>
      <object_component id="oc-10b">
         <name>.debug_frame</name>
         <load_address>0x12f8</load_address>
         <run_address>0x12f8</run_address>
         <size>0x28</size>
         <input_file_ref idref="fl-1d"/>
      </object_component>
      <object_component id="oc-11b">
         <name>.debug_frame</name>
         <load_address>0x1320</load_address>
         <run_address>0x1320</run_address>
         <size>0x40</size>
         <input_file_ref idref="fl-30"/>
      </object_component>
      <object_component id="oc-120">
         <name>.debug_frame</name>
         <load_address>0x1360</load_address>
         <run_address>0x1360</run_address>
         <size>0x40</size>
         <input_file_ref idref="fl-31"/>
      </object_component>
      <object_component id="oc-125">
         <name>.debug_frame</name>
         <load_address>0x13a0</load_address>
         <run_address>0x13a0</run_address>
         <size>0x40</size>
         <input_file_ref idref="fl-32"/>
      </object_component>
      <object_component id="oc-12a">
         <name>.debug_frame</name>
         <load_address>0x13e0</load_address>
         <run_address>0x13e0</run_address>
         <size>0x60</size>
         <input_file_ref idref="fl-33"/>
      </object_component>
      <object_component id="oc-131">
         <name>.debug_frame</name>
         <load_address>0x1440</load_address>
         <run_address>0x1440</run_address>
         <size>0x60</size>
         <input_file_ref idref="fl-34"/>
      </object_component>
      <object_component id="oc-136">
         <name>.debug_frame</name>
         <load_address>0x14a0</load_address>
         <run_address>0x14a0</run_address>
         <size>0x70</size>
         <input_file_ref idref="fl-35"/>
      </object_component>
      <object_component id="oc-13b">
         <name>.debug_frame</name>
         <load_address>0x1510</load_address>
         <run_address>0x1510</run_address>
         <size>0x40</size>
         <input_file_ref idref="fl-36"/>
      </object_component>
      <object_component id="oc-140">
         <name>.debug_frame</name>
         <load_address>0x1550</load_address>
         <run_address>0x1550</run_address>
         <size>0x7c</size>
         <input_file_ref idref="fl-37"/>
      </object_component>
      <object_component id="oc-147">
         <name>.debug_frame</name>
         <load_address>0x15cc</load_address>
         <run_address>0x15cc</run_address>
         <size>0x434</size>
         <input_file_ref idref="fl-38"/>
      </object_component>
      <object_component id="oc-192">
         <name>.debug_frame</name>
         <load_address>0x1a00</load_address>
         <run_address>0x1a00</run_address>
         <size>0x4c</size>
         <input_file_ref idref="fl-47"/>
      </object_component>
      <object_component id="oc-1a0">
         <name>.debug_frame</name>
         <load_address>0x1a4c</load_address>
         <run_address>0x1a4c</run_address>
         <size>0x40</size>
         <input_file_ref idref="fl-4a"/>
      </object_component>
      <object_component id="oc-1a8">
         <name>.debug_frame</name>
         <load_address>0x1a8c</load_address>
         <run_address>0x1a8c</run_address>
         <size>0x58</size>
         <input_file_ref idref="fl-4c"/>
      </object_component>
      <object_component id="oc-1ae">
         <name>.debug_frame</name>
         <load_address>0x1ae4</load_address>
         <run_address>0x1ae4</run_address>
         <size>0x58</size>
         <input_file_ref idref="fl-4d"/>
      </object_component>
      <object_component id="oc-1b3">
         <name>.debug_frame</name>
         <load_address>0x1b3c</load_address>
         <run_address>0x1b3c</run_address>
         <size>0x44</size>
         <input_file_ref idref="fl-4e"/>
      </object_component>
      <object_component id="oc-1bc">
         <name>.debug_frame</name>
         <load_address>0x1b80</load_address>
         <run_address>0x1b80</run_address>
         <size>0x40</size>
         <input_file_ref idref="fl-50"/>
      </object_component>
      <object_component id="oc-1c1">
         <name>.debug_frame</name>
         <load_address>0x1bc0</load_address>
         <run_address>0x1bc0</run_address>
         <size>0x40</size>
         <input_file_ref idref="fl-51"/>
      </object_component>
      <object_component id="oc-1c6">
         <name>.debug_frame</name>
         <load_address>0x1c00</load_address>
         <run_address>0x1c00</run_address>
         <size>0x44</size>
         <input_file_ref idref="fl-52"/>
      </object_component>
      <object_component id="oc-1cb">
         <name>.debug_frame</name>
         <load_address>0x1c44</load_address>
         <run_address>0x1c44</run_address>
         <size>0x40</size>
         <input_file_ref idref="fl-53"/>
      </object_component>
      <object_component id="oc-1d0">
         <name>.debug_frame</name>
         <load_address>0x1c84</load_address>
         <run_address>0x1c84</run_address>
         <size>0x40</size>
         <input_file_ref idref="fl-54"/>
      </object_component>
      <object_component id="oc-1d5">
         <name>.debug_frame</name>
         <load_address>0x1cc4</load_address>
         <run_address>0x1cc4</run_address>
         <size>0x40</size>
         <input_file_ref idref="fl-55"/>
      </object_component>
      <object_component id="oc-50">
         <name>.debug_line</name>
         <load_address>0x0</load_address>
         <run_address>0x0</run_address>
         <size>0x5f</size>
         <input_file_ref idref="fl-2"/>
      </object_component>
      <object_component id="oc-55">
         <name>.debug_line</name>
         <load_address>0x5f</load_address>
         <run_address>0x5f</run_address>
         <size>0x75</size>
         <input_file_ref idref="fl-3"/>
      </object_component>
      <object_component id="oc-5a">
         <name>.debug_line</name>
         <load_address>0xd4</load_address>
         <run_address>0xd4</run_address>
         <size>0x63</size>
         <input_file_ref idref="fl-4"/>
      </object_component>
      <object_component id="oc-61">
         <name>.debug_line</name>
         <load_address>0x137</load_address>
         <run_address>0x137</run_address>
         <size>0x44</size>
         <input_file_ref idref="fl-5"/>
      </object_component>
[...]
         <name>_GpioCtrlRegs</name>
         <value>0x6f80</value>
         <object_component_ref idref="oc-d6"/>
      </symbol>
      <symbol id="sm-33c">
         <name>_PieVectTable</name>
         <value>0xd00</value>
         <object_component_ref idref="oc-e5"/>
      </symbol>
      <symbol id="sm-33d">
         <name>_ECap4Regs</name>
         <value>0x6a60</value>
         <object_component_ref idref="oc-c8"/>
      </symbol>
      <symbol id="sm-33e">
         <name>_CsmRegs</name>
         <value>0xae0</value>
         <object_component_ref idref="oc-bc"/>
      </symbol>
      <symbol id="sm-33f">
         <name>_ECanaLAMRegs</name>
         <value>0x6040</value>
         <object_component_ref idref="oc-d9"/>
      </symbol>
      <symbol id="sm-340">
         <name>_ECanbMOTORegs</name>
         <value>0x62c0</value>
         <object_component_ref idref="oc-de"/>
      </symbol>
      <symbol id="sm-341">
         <name>_EPwm4Regs</name>
         <value>0x68c0</value>
         <object_component_ref idref="oc-d0"/>
      </symbol>
      <symbol id="sm-342">
         <name>_ECap5Regs</name>
         <value>0x6a80</value>
         <object_component_ref idref="oc-c9"/>
      </symbol>
      <symbol id="sm-343">
         <name>_CpuTimer1Regs</name>
         <value>0xc08</value>
         <object_component_ref idref="oc-b6"/>
      </symbol>
      <symbol id="sm-344">
         <name>_SysCtrlRegs</name>
         <value>0x7010</value>
         <object_component_ref idref="oc-cc"/>
      </symbol>
      <symbol id="sm-345">
         <name>_EPwm5Regs</name>
         <value>0x6900</value>
         <object_component_ref idref="oc-d1"/>
      </symbol>
      <symbol id="sm-346">
         <name>_SpiaRegs</name>
         <value>0x7040</value>
         <object_component_ref idref="oc-c0"/>
      </symbol>
      <symbol id="sm-347">
         <name>_ECanaMOTSRegs</name>
         <value>0x6080</value>
         <object_component_ref idref="oc-da"/>
      </symbol>
      <symbol id="sm-348">
         <name>_ECap6Regs</name>
         <value>0x6aa0</value>
         <object_component_ref idref="oc-ca"/>
      </symbol>
      <symbol id="sm-349">
         <name>_DmaRegs</name>
         <value>0x1000</value>
         <object_component_ref idref="oc-e2"/>
      </symbol>
      <symbol id="sm-34a">
         <name>_FlashRegs</name>
         <value>0xa80</value>
         <object_component_ref idref="oc-b9"/>
      </symbol>
      <symbol id="sm-34b">
         <name>_CpuTimer0Regs</name>
         <value>0xc00</value>
         <object_component_ref idref="oc-b5"/>
      </symbol>
      <symbol id="sm-34c">
         <name>_DevEmuRegs</name>
         <value>0x880</value>
         <object_component_ref idref="oc-e1"/>
      </symbol>
      <symbol id="sm-34d">
         <name>_McbspbRegs</name>
         <value>0x5040</value>
         <object_component_ref idref="oc-d5"/>
      </symbol>
      <symbol id="sm-34e">
         <name>_EPwm6Regs</name>
         <value>0x6940</value>
         <object_component_ref idref="oc-d2"/>
      </symbol>
      <symbol id="sm-34f">
         <name>_SciaRegs</name>
         <value>0x7050</value>
         <object_component_ref idref="oc-bd"/>
      </symbol>
      <symbol id="sm-350">
         <name>_GpioDataRegs</name>
         <value>0x6fc0</value>
         <object_component_ref idref="oc-cb"/>
      </symbol>
      <symbol id="sm-351">
         <name>_CsmPwl</name>
         <value>0x33fff8</value>
         <object_component_ref idref="oc-b8"/>
      </symbol>
      <symbol id="sm-352">
         <name>_AdcRegs</name>
         <value>0x7100</value>
         <object_component_ref idref="oc-c3"/>
      </symbol>
      <symbol id="sm-353">
         <name>_XIntruptRegs</name>
         <value>0x7070</value>
         <object_component_ref idref="oc-c1"/>
      </symbol>
      <symbol id="sm-354">
         <name>_CpuTimer2Regs</name>
         <value>0xc10</value>
         <object_component_ref idref="oc-b7"/>
      </symbol>
      <symbol id="sm-355">
         <name>_PieCtrlRegs</name>
         <value>0xce0</value>
         <object_component_ref idref="oc-c2"/>
      </symbol>
      <symbol id="sm-356">
         <name>_ECanbMOTSRegs</name>
         <value>0x6280</value>
         <object_component_ref idref="oc-dd"/>
      </symbol>
      <symbol id="sm-357">
         <name>_ECanaRegs</name>
         <value>0x6000</value>
         <object_component_ref idref="oc-d7"/>
      </symbol>
      <symbol id="sm-358">
         <name>_AdcMirror</name>
         <value>0xb00</value>
         <object_component_ref idref="oc-bb"/>
      </symbol>
      <symbol id="sm-359">
         <name>_ECanbMboxes</name>
         <value>0x6300</value>
         <object_component_ref idref="oc-e4"/>
      </symbol>
      <symbol id="sm-35a">
         <name>_XintfRegs</name>
         <value>0xb20</value>
         <object_component_ref idref="oc-c4"/>
      </symbol>
      <symbol id="sm-35b">
         <name>_ScicRegs</name>
         <value>0x7770</value>
         <object_component_ref idref="oc-bf"/>
      </symbol>
      <symbol id="sm-35c">
         <name>_ECap1Regs</name>
         <value>0x6a00</value>
         <object_component_ref idref="oc-c5"/>
      </symbol>
      <symbol id="sm-35d">
         <name>_EQep1Regs</name>
         <value>0x6b00</value>
         <object_component_ref idref="oc-df"/>
      </symbol>
      <symbol id="sm-35e">
         <name>_McbspaRegs</name>
         <value>0x5000</value>
         <object_component_ref idref="oc-d4"/>
      </symbol>
      <symbol id="sm-35f">
         <name>_EPwm1Regs</name>
         <value>0x6800</value>
         <object_component_ref idref="oc-cd"/>
      </symbol>
      <symbol id="sm-360">
         <name>_ECanbRegs</name>
         <value>0x6200</value>
         <object_component_ref idref="oc-d8"/>
      </symbol>
      <symbol id="sm-361">
         <name>_ScibRegs</name>
         <value>0x7750</value>
         <object_component_ref idref="oc-be"/>
      </symbol>
      <symbol id="sm-362">
         <name>_ECap2Regs</name>
         <value>0x6a20</value>
         <object_component_ref idref="oc-c6"/>
      </symbol>
      <symbol id="sm-363">
         <name>_GpioIntRegs</name>
         <value>0x6fe0</value>
         <object_component_ref idref="oc-ba"/>
      </symbol>
      <symbol id="sm-364">
         <name>_EQep2Regs</name>
         <value>0x6b40</value>
         <object_component_ref idref="oc-e0"/>
      </symbol>
      <symbol id="sm-365">
         <name>_PartIdRegs</name>
         <value>0x380090</value>
         <object_component_ref idref="oc-b4"/>
      </symbol>
      <symbol id="sm-366">
         <name>_EPwm2Regs</name>
         <value>0x6840</value>
         <object_component_ref idref="oc-ce"/>
      </symbol>
      <symbol id="sm-367">
         <name>_ECanaMboxes</name>
         <value>0x6100</value>
         <object_component_ref idref="oc-e3"/>
      </symbol>
      <symbol id="sm-368">
         <name>_ECap3Regs</name>
         <value>0x6a40</value>
         <object_component_ref idref="oc-c7"/>
      </symbol>
      <symbol id="sm-369">
         <name>_ECanaMOTORegs</name>
         <value>0x60c0</value>
         <object_component_ref idref="oc-db"/>
      </symbol>
      <symbol id="sm-36a">
         <name>_EPwm3Regs</name>
         <value>0x6880</value>
         <object_component_ref idref="oc-cf"/>
      </symbol>
      <symbol id="sm-36b">
         <name>_ECanbLAMRegs</name>
         <value>0x6240</value>
         <object_component_ref idref="oc-dc"/>
      </symbol>
      <symbol id="sm-36c">
         <name>_I2caRegs</name>
         <value>0x7900</value>
         <object_component_ref idref="oc-d3"/>
      </symbol>
      <symbol id="sm-38c">
         <name>_MemCopy</name>
         <value>0x339b15</value>
         <object_component_ref idref="oc-1e4"/>
      </symbol>
      <symbol id="sm-399">
         <name>_InitPieCtrl</name>
         <value>0x33997b</value>
         <object_component_ref idref="oc-1e6"/>
      </symbol>
      <symbol id="sm-39b">
         <name>_EnableInterrupts</name>
         <value>0x33999a</value>
         <object_component_ref idref="oc-1e6"/>
      </symbol>
      <symbol id="sm-3ac">
         <name>_PieVectTableInit</name>
         <value>0x339caa</value>
         <object_component_ref idref="oc-1ef"/>
      </symbol>
      <symbol id="sm-3ad">
         <name>_InitPieVectTable</name>
         <value>0x339a2e</value>
         <object_component_ref idref="oc-1e7"/>
      </symbol>
      <symbol id="sm-3ba">
         <name>_InitScicGpio</name>
         <value>0x3397a3</value>
         <object_component_ref idref="oc-1f1"/>
      </symbol>
      <symbol id="sm-3bc">
         <name>_InitScibGpio</name>
         <value>0x33978f</value>
         <object_component_ref idref="oc-1f1"/>
      </symbol>
      <symbol id="sm-3be">
         <name>_InitSciaGpio</name>
         <value>0x339779</value>
         <object_component_ref idref="oc-1f1"/>
      </symbol>
      <symbol id="sm-3c0">
         <name>_InitSciGpio</name>
         <value>0x339772</value>
         <object_component_ref idref="oc-1f1"/>
      </symbol>
      <symbol id="sm-3c2">
         <name>_InitSci</name>
         <value>0x339771</value>
         <object_component_ref idref="oc-1f1"/>
      </symbol>
      <symbol id="sm-3da">
         <name>_InitPll</name>
         <value>0x339216</value>
         <object_component_ref idref="oc-1e3"/>
      </symbol>
      <symbol id="sm-3dc">
         <name>_DisableDog</name>
         <value>0x33920e</value>
         <object_component_ref idref="oc-1e3"/>
      </symbol>
      <symbol id="sm-3de">
         <name>_InitPeripheralClocks</name>
         <value>0x339266</value>
         <object_component_ref idref="oc-1e3"/>
      </symbol>
      <symbol id="sm-3e0">
         <name>_InitFlash</name>
         <value>0x80b1</value>
         <object_component_ref idref="oc-1e5"/>
      </symbol>
      <symbol id="sm-3e2">
         <name>_CsmUnlock</name>
         <value>0x3392c1</value>
         <object_component_ref idref="oc-1e3"/>
      </symbol>
      <symbol id="sm-3e4">
         <name>_ServiceDog</name>
         <value>0x339204</value>
         <object_component_ref idref="oc-1e3"/>
      </symbol>
      <symbol id="sm-3e6">
         <name>_InitSysCtrl</name>
         <value>0x3391fb</value>
         <object_component_ref idref="oc-1e3"/>
      </symbol>
      <symbol id="sm-3fc">
         <name>_DSP28x_usDelay</name>
         <value>0x80cc</value>
         <object_component_ref idref="oc-10f"/>
      </symbol>
      <symbol id="sm-417">
         <name>_c_int00</name>
         <value>0x3396cc</value>
         <object_component_ref idref="oc-4c"/>
      </symbol>
      <symbol id="sm-418">
         <name>__stack</name>
         <value>0x400</value>
         <object_component_ref idref="oc-114"/>
      </symbol>
      <symbol id="sm-427">
         <name>__args_main</name>
         <value>0x339b28</value>
         <object_component_ref idref="oc-1dc"/>
      </symbol>
      <symbol id="sm-435">
         <name>__system_post_cinit</name>
         <value>0x339ba7</value>
         <object_component_ref idref="oc-1db"/>
      </symbol>
      <symbol id="sm-442">
         <name>__system_pre_init</name>
         <value>0x339ba5</value>
         <object_component_ref idref="oc-1d9"/>
      </symbol>
      <symbol id="sm-452">
         <name>_copy_in</name>
         <value>0x3399a3</value>
         <object_component_ref idref="oc-1da"/>
      </symbol>
      <symbol id="sm-467">
         <name>C$$EXIT</name>
         <value>0x339952</value>
         <object_component_ref idref="oc-1dd"/>
      </symbol>
      <symbol id="sm-468">
         <name>_exit</name>
         <value>0x339954</value>
         <object_component_ref idref="oc-1dd"/>
      </symbol>
      <symbol id="sm-46a">
         <name>___TI_cleanup_ptr</name>
         <value>0x80ea</value>
         <object_component_ref idref="oc-130"/>
      </symbol>
      <symbol id="sm-46b">
         <name>___TI_enable_exit_profile_output</name>
         <value>0x80e8</value>
         <object_component_ref idref="oc-130"/>
      </symbol>
      <symbol id="sm-46c">
         <name>_abort</name>
         <value>0x339952</value>
         <object_component_ref idref="oc-1dd"/>
      </symbol>
      <symbol id="sm-46e">
         <name>___TI_dtors_ptr</name>
         <value>0x80ec</value>
         <object_component_ref idref="oc-130"/>
      </symbol>
      <symbol id="sm-482">
         <name>__unlock</name>
         <value>0x80f6</value>
         <object_component_ref idref="oc-1f5"/>
      </symbol>
      <symbol id="sm-483">
         <name>__lock</name>
         <value>0x80f4</value>
         <object_component_ref idref="oc-1e1"/>
      </symbol>
      <symbol id="sm-484">
         <name>__register_lock</name>
         <value>0x339b68</value>
         <object_component_ref idref="oc-1ed"/>
      </symbol>
      <symbol id="sm-486">
         <name>__nop</name>
         <value>0x339b6c</value>
         <object_component_ref idref="oc-1ed"/>
      </symbol>
      <symbol id="sm-488">
         <name>__register_unlock</name>
         <value>0x339b64</value>
         <object_component_ref idref="oc-1ed"/>
      </symbol>
      <symbol id="sm-49a">
         <name>_memcpy</name>
         <value>0x339aa8</value>
         <object_component_ref idref="oc-1df"/>
      </symbol>
      <symbol id="sm-4ab">
         <name>_printf</name>
         <value>0x33986f</value>
         <object_component_ref idref="oc-1ec"/>
      </symbol>
      <symbol id="sm-60f">
         <name>___TI_printfi</name>
         <value>0x338b40</value>
         <object_component_ref idref="oc-1f6"/>
      </symbol>
      <symbol id="sm-620">
         <name>FD$$CMP</name>
         <value>0x3398fe</value>
         <object_component_ref idref="oc-14b"/>
      </symbol>
      <symbol id="sm-637">
         <name>FD$$DIV</name>
         <value>0x3394f0</value>
         <object_component_ref idref="oc-150"/>
      </symbol>
      <symbol id="sm-649">
         <name>FD$$MPY</name>
         <value>0x33957b</value>
         <object_component_ref idref="oc-155"/>
      </symbol>
      <symbol id="sm-656">
         <name>FD$$NEG</name>
         <value>0x339b6d</value>
         <object_component_ref idref="oc-15a"/>
      </symbol>
      <symbol id="sm-662">
         <name>FD$$SUB</name>
         <value>0x339b4a</value>
         <object_component_ref idref="oc-15f"/>
      </symbol>
      <symbol id="sm-67d">
         <name>FD$$ADD</name>
         <value>0x339454</value>
         <object_component_ref idref="oc-164"/>
      </symbol>
      <symbol id="sm-68c">
         <name>FD$$TOI</name>
         <value>0x339a0d</value>
         <object_component_ref idref="oc-169"/>
      </symbol>
      <symbol id="sm-69b">
         <name>FD$$TOL</name>
         <value>0x339a4e</value>
         <object_component_ref idref="oc-16e"/>
      </symbol>
      <symbol id="sm-6ab">
         <name>FS$$TOFD</name>
         <value>0x339ac5</value>
         <object_component_ref idref="oc-173"/>
      </symbol>
      <symbol id="sm-6bb">
         <name>I$$TOFD</name>
         <value>0x339a8b</value>
         <object_component_ref idref="oc-178"/>
      </symbol>
      <symbol id="sm-6cb">
         <name>L$$TOFD</name>
         <value>0x339ae1</value>
         <object_component_ref idref="oc-17d"/>
      </symbol>
      <symbol id="sm-6d7">
         <name>LL$$AND</name>
         <value>0x339afd</value>
         <object_component_ref idref="oc-182"/>
      </symbol>
      <symbol id="sm-6d8">
         <name>LL$$OR</name>
         <value>0x339b05</value>
         <object_component_ref idref="oc-182"/>
      </symbol>
      <symbol id="sm-6d9">
         <name>LL$$XOR</name>
         <value>0x339b0d</value>
         <object_component_ref idref="oc-182"/>
      </symbol>
      <symbol id="sm-6e7">
         <name>ULL$$CMP</name>
         <value>0x339a7f</value>
         <object_component_ref idref="oc-187"/>
      </symbol>
      <symbol id="sm-6e8">
         <name>LL$$CMP</name>
         <value>0x339a6d</value>
         <object_component_ref idref="oc-187"/>
      </symbol>
      <symbol id="sm-714">
         <name>ULL$$MOD</name>
         <value>0x339199</value>
         <object_component_ref idref="oc-18c"/>
      </symbol>
      <symbol id="sm-715">
         <name>ULL$$DIV</name>
         <value>0x33916a</value>
         <object_component_ref idref="oc-18c"/>
      </symbol>
      <symbol id="sm-716">
         <name>LL$$MOD</name>
         <value>0x339130</value>
         <object_component_ref idref="oc-18c"/>
      </symbol>
      <symbol id="sm-717">
         <name>LL$$DIV</name>
         <value>0x3390f4</value>
         <object_component_ref idref="oc-18c"/>
      </symbol>
      <symbol id="sm-725">
         <name>___TI_ltoa</name>
         <value>0x3398ce</value>
         <object_component_ref idref="oc-1ff"/>
      </symbol>
      <symbol id="sm-732">
         <name>UL$$MOD</name>
         <value>0x33994c</value>
         <object_component_ref idref="oc-196"/>
      </symbol>
      <symbol id="sm-733">
         <name>L$$MOD</name>
         <value>0x339937</value>
         <object_component_ref idref="oc-196"/>
      </symbol>
      <symbol id="sm-734">
         <name>L$$DIV</name>
         <value>0x339928</value>
         <object_component_ref idref="oc-196"/>
      </symbol>
      <symbol id="sm-735">
         <name>UL$$DIV</name>
         <value>0x339945</value>
         <object_component_ref idref="oc-196"/>
      </symbol>
      <symbol id="sm-744">
         <name>___TI_ft_end</name>
         <value>0x80f8</value>
         <object_component_ref idref="oc-19d"/>
      </symbol>
      <symbol id="sm-745">
         <name>__ftable</name>
         <value>0x8100</value>
         <object_component_ref idref="oc-1f3"/>
      </symbol>
      <symbol id="sm-759">
         <name>_atoi</name>
         <value>0x33989d</value>
         <object_component_ref idref="oc-1f8"/>
      </symbol>
      <symbol id="sm-762">
         <name>__ctypes_</name>
         <value>0x339ba8</value>
         <object_component_ref idref="oc-1fe"/>
      </symbol>
      <symbol id="sm-775">
         <name>_frexpl</name>
         <value>0x339672</value>
         <object_component_ref idref="oc-200"/>
      </symbol>
      <symbol id="sm-794">
         <name>_scalbnl</name>
         <value>0x3393ab</value>
         <object_component_ref idref="oc-201"/>
      </symbol>
      <symbol id="sm-796">
         <name>_ldexpl</name>
         <value>0x3393ab</value>
         <object_component_ref idref="oc-201"/>
      </symbol>
      <symbol id="sm-7a3">
         <name>_copysignl</name>
         <value>0x3399c7</value>
         <object_component_ref idref="oc-203"/>
      </symbol>
      <symbol id="sm-7ae">
         <name>_errno</name>
         <value>0x80f9</value>
         <object_component_ref idref="oc-1b9"/>
      </symbol>
      <symbol id="sm-7bd">
         <name>_memccpy</name>
         <value>0x339b3a</value>
         <object_component_ref idref="oc-1fc"/>
      </symbol>
      <symbol id="sm-7cc">
         <name>_memset</name>
         <value>0x339b96</value>
         <object_component_ref idref="oc-1f9"/>
      </symbol>
      <symbol id="sm-7dc">
         <name>_strchr</name>
         <value>0x339b58</value>
         <object_component_ref idref="oc-202"/>
      </symbol>
      <symbol id="sm-7ea">
         <name>_strcpy</name>
         <value>0x339b9d</value>
         <object_component_ref idref="oc-1fa"/>
      </symbol>
      <symbol id="sm-7f8">
         <name>_strlen</name>
         <value>0x339b87</value>
         <object_component_ref idref="oc-1f7"/>
      </symbol>
      <symbol id="sm-807">
         <name>_wcslen</name>
         <value>0x339b76</value>
         <object_component_ref idref="oc-1fd"/>
      </symbol>
   </symbol_table>
   <title>Link successful</title>
</link_info>
