<?xml version="1.0" encoding="ISO-8859-1" ?>
<link_info>
   <banner>TMS320C2000 Linker PC v22.6.1.LTS</banner>
   <copyright>Copyright (c) 1996-2018 Texas Instruments Incorporated</copyright>
   <link_time>0x69bd2cb0</link_time>
   <link_errors>0x0</link_errors>
   <output_file>eCAN_test.out</output_file>
   <entry_point>
      <name>_c_int00</name>
      <address>0x339a0b</address>
   </entry_point>
   <input_file_list>
      <input_file id="fl-2">
         <path>.\</path>
         <kind>object</kind>
         <file>main.obj</file>
         <name>main.obj</name>
      </input_file>
      <input_file id="fl-3">
         <path>.\Myheaders\source\</path>
         <kind>object</kind>
         <file>ADCConfig.obj</file>
         <name>ADCConfig.obj</name>
      </input_file>
      <input_file id="fl-4">
         <path>.\Myheaders\source\</path>
         <kind>object</kind>
         <file>CANConfig.obj</file>
         <name>CANConfig.obj</name>
      </input_file>
      <input_file id="fl-5">
         <path>.\Myheaders\source\</path>
         <kind>object</kind>
         <file>CPUTimerConfig.obj</file>
         <name>CPUTimerConfig.obj</name>
      </input_file>
      <input_file id="fl-6">
         <path>.\Myheaders\source\</path>
         <kind>object</kind>
         <file>DSP2833x_Epwm.obj</file>
         <name>DSP2833x_Epwm.obj</name>
      </input_file>
      <input_file id="fl-7">
         <path>.\Myheaders\source\</path>
         <kind>object</kind>
         <file>GPIOConfig.obj</file>
         <name>GPIOConfig.obj</name>
      </input_file>
      <input_file id="fl-8">
         <path>.\Myheaders\source\</path>
         <kind>object</kind>
         <file>SCIConfig.obj</file>
         <name>SCIConfig.obj</name>
      </input_file>
      <input_file id="fl-9">
         <path>.\Myheaders\source\</path>
         <kind>object</kind>
         <file>ePWMConfig.obj</file>
         <name>ePWMConfig.obj</name>
      </input_file>
      <input_file id="fl-a">
         <path>.\Myheaders\source\</path>
         <kind>object</kind>
         <file>interruptExample.obj</file>
         <name>interruptExample.obj</name>
      </input_file>
      <input_file id="fl-b">
         <path>.\Myheaders\source\</path>
         <kind>object</kind>
         <file>vofa.obj</file>
         <name>vofa.obj</name>
      </input_file>
      <input_file id="fl-c">
         <path>.\eCAN_Device\</path>
         <kind>object</kind>
         <file>eCAN_Device.obj</file>
         <name>eCAN_Device.obj</name>
      </input_file>
      <input_file id="fl-d">
         <path>.\eCAN_Device\</path>
         <kind>object</kind>
         <file>eCAN_test.obj</file>
         <name>eCAN_test.obj</name>
      </input_file>
      <input_file id="fl-e">
         <path>.\source\</path>
         <kind>object</kind>
         <file>DSP2833x_ADC_cal.obj</file>
         <name>DSP2833x_ADC_cal.obj</name>
      </input_file>
      <input_file id="fl-f">
         <path>.\source\</path>
         <kind>object</kind>
         <file>DSP2833x_Adc.obj</file>
         <name>DSP2833x_Adc.obj</name>
      </input_file>
      <input_file id="fl-10">
         <path>.\source\</path>
         <kind>object</kind>
         <file>DSP2833x_CSMPasswords.obj</file>
         <name>DSP2833x_CSMPasswords.obj</name>
      </input_file>
      <input_file id="fl-11">
         <path>.\source\</path>
         <kind>object</kind>
         <file>DSP2833x_CodeStartBranch.obj</file>
         <name>DSP2833x_CodeStartBranch.obj</name>
      </input_file>
      <input_file id="fl-12">
         <path>.\source\</path>
         <kind>object</kind>
         <file>DSP2833x_CpuTimers.obj</file>
         <name>DSP2833x_CpuTimers.obj</name>
      </input_file>
      <input_file id="fl-13">
         <path>.\source\</path>
         <kind>object</kind>
         <file>DSP2833x_DBGIER.obj</file>
         <name>DSP2833x_DBGIER.obj</name>
      </input_file>
      <input_file id="fl-14">
         <path>.\source\</path>
         <kind>object</kind>
         <file>DSP2833x_DMA.obj</file>
         <name>DSP2833x_DMA.obj</name>
      </input_file>
      <input_file id="fl-15">
         <path>.\source\</path>
         <kind>object</kind>
         <file>DSP2833x_DefaultIsr.obj</file>
         <name>DSP2833x_DefaultIsr.obj</name>
      </input_file>
      <input_file id="fl-16">
         <path>.\source\</path>
         <kind>object</kind>
         <file>DSP2833x_DisInt.obj</file>
         <name>DSP2833x_DisInt.obj</name>
      </input_file>
      <input_file id="fl-17">
         <path>.\source\</path>
         <kind>object</kind>
         <file>DSP2833x_ECan.obj</file>
         <name>DSP2833x_ECan.obj</name>
      </input_file>
      <input_file id="fl-18">
         <path>.\source\</path>
         <kind>object</kind>
         <file>DSP2833x_Epwm.obj</file>
         <name>DSP2833x_Epwm.obj</name>
      </input_file>
      <input_file id="fl-19">
         <path>.\source\</path>
         <kind>object</kind>
         <file>DSP2833x_GlobalVariableDefs.obj</file>
         <name>DSP2833x_GlobalVariableDefs.obj</name>
      </input_file>
      <input_file id="fl-1a">
         <path>.\source\</path>
         <kind>object</kind>
         <file>DSP2833x_Gpio.obj</file>
         <name>DSP2833x_Gpio.obj</name>
      </input_file>
      <input_file id="fl-1b">
         <path>.\source\</path>
         <kind>object</kind>
         <file>DSP2833x_I2C.obj</file>
         <name>DSP2833x_I2C.obj</name>
      </input_file>
      <input_file id="fl-1c">
         <path>.\source\</path>
         <kind>object</kind>
         <file>DSP2833x_MemCopy.obj</file>
         <name>DSP2833x_MemCopy.obj</name>
      </input_file>
      <input_file id="fl-1d">
         <path>.\source\</path>
         <kind>object</kind>
         <file>DSP2833x_PieCtrl.obj</file>
         <name>DSP2833x_PieCtrl.obj</name>
      </input_file>
      <input_file id="fl-1e">
         <path>.\source\</path>
         <kind>object</kind>
         <file>DSP2833x_PieVect.obj</file>
         <name>DSP2833x_PieVect.obj</name>
      </input_file>
      <input_file id="fl-1f">
         <path>.\source\</path>
         <kind>object</kind>
         <file>DSP2833x_Sci.obj</file>
         <name>DSP2833x_Sci.obj</name>
      </input_file>
      <input_file id="fl-20">
         <path>.\source\</path>
         <kind>object</kind>
         <file>DSP2833x_SysCtrl.obj</file>
         <name>DSP2833x_SysCtrl.obj</name>
      </input_file>
      <input_file id="fl-21">
         <path>.\source\</path>
         <kind>object</kind>
         <file>DSP2833x_Xintf.obj</file>
         <name>DSP2833x_Xintf.obj</name>
      </input_file>
      <input_file id="fl-22">
         <path>.\source\</path>
         <kind>object</kind>
         <file>DSP2833x_usDelay.obj</file>
         <name>DSP2833x_usDelay.obj</name>
      </input_file>
      <input_file id="fl-27">
         <kind>object</kind>
         <file>&lt;internal&gt;</file>
         <name>&lt;internal&gt;</name>
      </input_file>
      <input_file id="fl-33">
         <path>D:\CCS\CCS12.8.1\app\ccs\tools\compiler\ti-cgt-c2000_22.6.1.LTS\lib\</path>
         <kind>archive</kind>
         <file>rts2800_fpu32.lib</file>
         <name>boot28.asm.obj</name>
      </input_file>
      <input_file id="fl-34">
         <path>D:\CCS\CCS12.8.1\app\ccs\tools\compiler\ti-cgt-c2000_22.6.1.LTS\lib\</path>
         <kind>archive</kind>
         <file>rts2800_fpu32.lib</file>
         <name>args_main.c.obj</name>
      </input_file>
      <input_file id="fl-35">
         <path>D:\CCS\CCS12.8.1\app\ccs\tools\compiler\ti-cgt-c2000_22.6.1.LTS\lib\</path>
         <kind>archive</kind>
         <file>rts2800_fpu32.lib</file>
         <name>startup.c.obj</name>
      </input_file>
      <input_file id="fl-36">
         <path>D:\CCS\CCS12.8.1\app\ccs\tools\compiler\ti-cgt-c2000_22.6.1.LTS\lib\</path>
         <kind>archive</kind>
         <file>rts2800_fpu32.lib</file>
         <name>pre_init.c.obj</name>
      </input_file>
      <input_file id="fl-37">
         <path>D:\CCS\CCS12.8.1\app\ccs\tools\compiler\ti-cgt-c2000_22.6.1.LTS\lib\</path>
         <kind>archive</kind>
         <file>rts2800_fpu32.lib</file>
         <name>cpy_tbl.c.obj</name>
      </input_file>
      <input_file id="fl-38">
         <path>D:\CCS\CCS12.8.1\app\ccs\tools\compiler\ti-cgt-c2000_22.6.1.LTS\lib\</path>
         <kind>archive</kind>
         <file>rts2800_fpu32.lib</file>
         <name>exit.c.obj</name>
      </input_file>
      <input_file id="fl-39">
         <path>D:\CCS\CCS12.8.1\app\ccs\tools\compiler\ti-cgt-c2000_22.6.1.LTS\lib\</path>
         <kind>archive</kind>
         <file>rts2800_fpu32.lib</file>
         <name>_lock.c.obj</name>
      </input_file>
      <input_file id="fl-3a">
         <path>D:\CCS\CCS12.8.1\app\ccs\tools\compiler\ti-cgt-c2000_22.6.1.LTS\lib\</path>
         <kind>archive</kind>
         <file>rts2800_fpu32.lib</file>
         <name>memcpy.c.obj</name>
      </input_file>
      <input_file id="fl-3b">
         <path>D:\CCS\CCS12.8.1\app\ccs\tools\compiler\ti-cgt-c2000_22.6.1.LTS\lib\</path>
         <kind>archive</kind>
         <file>rts2800_fpu32.lib</file>
         <name>printf.c.obj</name>
      </input_file>
      <input_file id="fl-3c">
         <path>D:\CCS\CCS12.8.1\app\ccs\tools\compiler\ti-cgt-c2000_22.6.1.LTS\lib\</path>
         <kind>archive</kind>
         <file>rts2800_fpu32.lib</file>
         <name>_printfi.c.obj</name>
      </input_file>
      <input_file id="fl-3d">
         <path>D:\CCS\CCS12.8.1\app\ccs\tools\compiler\ti-cgt-c2000_22.6.1.LTS\lib\</path>
         <kind>archive</kind>
         <file>rts2800_fpu32.lib</file>
         <name>fd_cmp28.asm.obj</name>
      </input_file>
      <input_file id="fl-3e">
         <path>D:\CCS\CCS12.8.1\app\ccs\tools\compiler\ti-cgt-c2000_22.6.1.LTS\lib\</path>
         <kind>archive</kind>
         <file>rts2800_fpu32.lib</file>
         <name>fd_div28.asm.obj</name>
      </input_file>
      <input_file id="fl-3f">
         <path>D:\CCS\CCS12.8.1\app\ccs\tools\compiler\ti-cgt-c2000_22.6.1.LTS\lib\</path>
         <kind>archive</kind>
         <file>rts2800_fpu32.lib</file>
         <name>fd_mpy28.asm.obj</name>
      </input_file>
      <input_file id="fl-40">
         <path>D:\CCS\CCS12.8.1\app\ccs\tools\compiler\ti-cgt-c2000_22.6.1.LTS\lib\</path>
         <kind>archive</kind>
         <file>rts2800_fpu32.lib</file>
         <name>fd_neg28.asm.obj</name>
      </input_file>
      <input_file id="fl-41">
         <path>D:\CCS\CCS12.8.1\app\ccs\tools\compiler\ti-cgt-c2000_22.6.1.LTS\lib\</path>
         <kind>archive</kind>
         <file>rts2800_fpu32.lib</file>
         <name>fd_sub28.asm.obj</name>
      </input_file>
      <input_file id="fl-42">
         <path>D:\CCS\CCS12.8.1\app\ccs\tools\compiler\ti-cgt-c2000_22.6.1.LTS\lib\</path>
         <kind>archive</kind>
         <file>rts2800_fpu32.lib</file>
         <name>fd_add28.asm.obj</name>
      </input_file>
      <input_file id="fl-43">
         <path>D:\CCS\CCS12.8.1\app\ccs\tools\compiler\ti-cgt-c2000_22.6.1.LTS\lib\</path>
         <kind>archive</kind>
         <file>rts2800_fpu32.lib</file>
         <name>fd_toi28.asm.obj</name>
      </input_file>
      <input_file id="fl-44">
         <path>D:\CCS\CCS12.8.1\app\ccs\tools\compiler\ti-cgt-c2000_22.6.1.LTS\lib\</path>
         <kind>archive</kind>
         <file>rts2800_fpu32.lib</file>
         <name>fd_tol28.asm.obj</name>
      </input_file>
      <input_file id="fl-45">
         <path>D:\CCS\CCS12.8.1\app\ccs\tools\compiler\ti-cgt-c2000_22.6.1.LTS\lib\</path>
         <kind>archive</kind>
         <file>rts2800_fpu32.lib</file>
         <name>fs_tofdfpu32.asm.obj</name>
      </input_file>
      <input_file id="fl-46">
         <path>D:\CCS\CCS12.8.1\app\ccs\tools\compiler\ti-cgt-c2000_22.6.1.LTS\lib\</path>
         <kind>archive</kind>
         <file>rts2800_fpu32.lib</file>
         <name>i_tofd28.asm.obj</name>
      </input_file>
      <input_file id="fl-47">
         <path>D:\CCS\CCS12.8.1\app\ccs\tools\compiler\ti-cgt-c2000_22.6.1.LTS\lib\</path>
         <kind>archive</kind>
         <file>rts2800_fpu32.lib</file>
         <name>l_tofd28.asm.obj</name>
      </input_file>
      <input_file id="fl-48">
         <path>D:\CCS\CCS12.8.1\app\ccs\tools\compiler\ti-cgt-c2000_22.6.1.LTS\lib\</path>
         <kind>archive</kind>
         <file>rts2800_fpu32.lib</file>
         <name>ll_aox28.asm.obj</name>
      </input_file>
      <input_file id="fl-49">
         <path>D:\CCS\CCS12.8.1\app\ccs\tools\compiler\ti-cgt-c2000_22.6.1.LTS\lib\</path>
         <kind>archive</kind>
         <file>rts2800_fpu32.lib</file>
         <name>ll_cmp28.asm.obj</name>
      </input_file>
      <input_file id="fl-4a">
         <path>D:\CCS\CCS12.8.1\app\ccs\tools\compiler\ti-cgt-c2000_22.6.1.LTS\lib\</path>
         <kind>archive</kind>
         <file>rts2800_fpu32.lib</file>
         <name>ll_div28.asm.obj</name>
      </input_file>
      <input_file id="fl-4b">
         <path>D:\CCS\CCS12.8.1\app\ccs\tools\compiler\ti-cgt-c2000_22.6.1.LTS\lib\</path>
         <kind>archive</kind>
         <file>rts2800_fpu32.lib</file>
         <name>_ltoa.c.obj</name>
      </input_file>
      <input_file id="fl-4c">
         <path>D:\CCS\CCS12.8.1\app\ccs\tools\compiler\ti-cgt-c2000_22.6.1.LTS\lib\</path>
         <kind>archive</kind>
         <file>rts2800_fpu32.lib</file>
         <name>l_div28.asm.obj</name>
      </input_file>
      <input_file id="fl-4d">
         <path>D:\CCS\CCS12.8.1\app\ccs\tools\compiler\ti-cgt-c2000_22.6.1.LTS\lib\</path>
         <kind>archive</kind>
         <file>rts2800_fpu32.lib</file>
         <name>defs.c.obj</name>
      </input_file>
      <input_file id="fl-4e">
         <path>D:\CCS\CCS12.8.1\app\ccs\tools\compiler\ti-cgt-c2000_22.6.1.LTS\lib\</path>
         <kind>archive</kind>
         <file>rts2800_fpu32.lib</file>
         <name>atoi.c.obj</name>
      </input_file>
      <input_file id="fl-4f">
         <path>D:\CCS\CCS12.8.1\app\ccs\tools\compiler\ti-cgt-c2000_22.6.1.LTS\lib\</path>
         <kind>archive</kind>
         <file>rts2800_fpu32.lib</file>
         <name>ctype.c.obj</name>
      </input_file>
      <input_file id="fl-50">
         <path>D:\CCS\CCS12.8.1\app\ccs\tools\compiler\ti-cgt-c2000_22.6.1.LTS\lib\</path>
         <kind>archive</kind>
         <file>rts2800_fpu32.lib</file>
         <name>s_frexp.c.obj</name>
      </input_file>
      <input_file id="fl-51">
         <path>D:\CCS\CCS12.8.1\app\ccs\tools\compiler\ti-cgt-c2000_22.6.1.LTS\lib\</path>
         <kind>archive</kind>
         <file>rts2800_fpu32.lib</file>
         <name>s_scalbn.c.obj</name>
      </input_file>
      <input_file id="fl-52">
         <path>D:\CCS\CCS12.8.1\app\ccs\tools\compiler\ti-cgt-c2000_22.6.1.LTS\lib\</path>
         <kind>archive</kind>
         <file>rts2800_fpu32.lib</file>
         <name>s_copysign.c.obj</name>
      </input_file>
      <input_file id="fl-53">
         <path>D:\CCS\CCS12.8.1\app\ccs\tools\compiler\ti-cgt-c2000_22.6.1.LTS\lib\</path>
         <kind>archive</kind>
         <file>rts2800_fpu32.lib</file>
         <name>errno.c.obj</name>
      </input_file>
      <input_file id="fl-54">
         <path>D:\CCS\CCS12.8.1\app\ccs\tools\compiler\ti-cgt-c2000_22.6.1.LTS\lib\</path>
         <kind>archive</kind>
         <file>rts2800_fpu32.lib</file>
         <name>memccpy.c.obj</name>
      </input_file>
      <input_file id="fl-55">
         <path>D:\CCS\CCS12.8.1\app\ccs\tools\compiler\ti-cgt-c2000_22.6.1.LTS\lib\</path>
         <kind>archive</kind>
         <file>rts2800_fpu32.lib</file>
         <name>memset.c.obj</name>
      </input_file>
      <input_file id="fl-56">
         <path>D:\CCS\CCS12.8.1\app\ccs\tools\compiler\ti-cgt-c2000_22.6.1.LTS\lib\</path>
         <kind>archive</kind>
         <file>rts2800_fpu32.lib</file>
         <name>strchr.c.obj</name>
      </input_file>
      <input_file id="fl-57">
         <path>D:\CCS\CCS12.8.1\app\ccs\tools\compiler\ti-cgt-c2000_22.6.1.LTS\lib\</path>
         <kind>archive</kind>
         <file>rts2800_fpu32.lib</file>
         <name>strcmp.c.obj</name>
      </input_file>
      <input_file id="fl-58">
         <path>D:\CCS\CCS12.8.1\app\ccs\tools\compiler\ti-cgt-c2000_22.6.1.LTS\lib\</path>
         <kind>archive</kind>
         <file>rts2800_fpu32.lib</file>
         <name>strcpy.c.obj</name>
      </input_file>
      <input_file id="fl-59">
         <path>D:\CCS\CCS12.8.1\app\ccs\tools\compiler\ti-cgt-c2000_22.6.1.LTS\lib\</path>
         <kind>archive</kind>
         <file>rts2800_fpu32.lib</file>
         <name>strlen.c.obj</name>
      </input_file>
      <input_file id="fl-5a">
         <path>D:\CCS\CCS12.8.1\app\ccs\tools\compiler\ti-cgt-c2000_22.6.1.LTS\lib\</path>
         <kind>archive</kind>
         <file>rts2800_fpu32.lib</file>
         <name>wcslen.c.obj</name>
      </input_file>
   </input_file_list>
   <object_component_list>
      <object_component id="oc-fe">
         <name>PieVectTableFile</name>
         <uninitialized>true</uninitialized>
         <run_address>0xd00</run_address>
         <size>0x100</size>
         <input_file_ref idref="fl-19"/>
      </object_component>
      <object_component id="oc-fa">
         <name>DevEmuRegsFile</name>
         <uninitialized>true</uninitialized>
         <run_address>0x880</run_address>
         <size>0xd0</size>
         <input_file_ref idref="fl-19"/>
      </object_component>
      <object_component id="oc-d2">
         <name>FlashRegsFile</name>
         <uninitialized>true</uninitialized>
         <run_address>0xa80</run_address>
         <size>0x8</size>
         <input_file_ref idref="fl-19"/>
      </object_component>
      <object_component id="oc-d5">
         <name>CsmRegsFile</name>
         <uninitialized>true</uninitialized>
         <run_address>0xae0</run_address>
         <size>0x10</size>
         <input_file_ref idref="fl-19"/>
      </object_component>
      <object_component id="oc-d4">
         <name>AdcMirrorFile</name>
         <uninitialized>true</uninitialized>
         <run_address>0xb00</run_address>
         <size>0x10</size>
         <input_file_ref idref="fl-19"/>
      </object_component>
      <object_component id="oc-dd">
         <name>XintfRegsFile</name>
         <uninitialized>true</uninitialized>
         <run_address>0xb20</run_address>
         <size>0x1e</size>
         <input_file_ref idref="fl-19"/>
      </object_component>
      <object_component id="oc-ce">
         <name>CpuTimer0RegsFile</name>
         <uninitialized>true</uninitialized>
         <run_address>0xc00</run_address>
         <size>0x8</size>
         <input_file_ref idref="fl-19"/>
      </object_component>
      <object_component id="oc-cf">
         <name>CpuTimer1RegsFile</name>
         <uninitialized>true</uninitialized>
         <run_address>0xc08</run_address>
         <size>0x8</size>
         <input_file_ref idref="fl-19"/>
      </object_component>
      <object_component id="oc-d0">
         <name>CpuTimer2RegsFile</name>
         <uninitialized>true</uninitialized>
         <run_address>0xc10</run_address>
         <size>0x8</size>
         <input_file_ref idref="fl-19"/>
      </object_component>
      <object_component id="oc-db">
         <name>PieCtrlRegsFile</name>
         <uninitialized>true</uninitialized>
         <run_address>0xce0</run_address>
         <size>0x1a</size>
         <input_file_ref idref="fl-19"/>
      </object_component>
      <object_component id="oc-fb">
         <name>DmaRegsFile</name>
         <uninitialized>true</uninitialized>
         <run_address>0x1000</run_address>
         <size>0xe0</size>
         <input_file_ref idref="fl-19"/>
      </object_component>
      <object_component id="oc-ed">
         <name>McbspaRegsFile</name>
         <uninitialized>true</uninitialized>
         <run_address>0x5000</run_address>
         <size>0x25</size>
         <input_file_ref idref="fl-19"/>
      </object_component>
      <object_component id="oc-ee">
         <name>McbspbRegsFile</name>
         <uninitialized>true</uninitialized>
         <run_address>0x5040</run_address>
         <size>0x25</size>
         <input_file_ref idref="fl-19"/>
      </object_component>
      <object_component id="oc-f0">
         <name>ECanaRegsFile</name>
         <uninitialized>true</uninitialized>
         <run_address>0x6000</run_address>
         <size>0x34</size>
         <input_file_ref idref="fl-19"/>
      </object_component>
      <object_component id="oc-f2">
         <name>ECanaLAMRegsFile</name>
         <uninitialized>true</uninitialized>
         <run_address>0x6040</run_address>
         <size>0x40</size>
         <input_file_ref idref="fl-19"/>
      </object_component>
      <object_component id="oc-fc">
         <name>ECanaMboxesFile</name>
         <uninitialized>true</uninitialized>
         <run_address>0x6100</run_address>
         <size>0x100</size>
         <input_file_ref idref="fl-19"/>
      </object_component>
      <object_component id="oc-f3">
         <name>ECanaMOTSRegsFile</name>
         <uninitialized>true</uninitialized>
         <run_address>0x6080</run_address>
         <size>0x40</size>
         <input_file_ref idref="fl-19"/>
      </object_component>
      <object_component id="oc-f4">
         <name>ECanaMOTORegsFile</name>
         <uninitialized>true</uninitialized>
         <run_address>0x60c0</run_address>
         <size>0x40</size>
         <input_file_ref idref="fl-19"/>
      </object_component>
      <object_component id="oc-f1">
         <name>ECanbRegsFile</name>
         <uninitialized>true</uninitialized>
         <run_address>0x6200</run_address>
         <size>0x34</size>
         <input_file_ref idref="fl-19"/>
      </object_component>
      <object_component id="oc-f5">
         <name>ECanbLAMRegsFile</name>
         <uninitialized>true</uninitialized>
         <run_address>0x6240</run_address>
         <size>0x40</size>
         <input_file_ref idref="fl-19"/>
      </object_component>
      <object_component id="oc-fd">
         <name>ECanbMboxesFile</name>
         <uninitialized>true</uninitialized>
         <run_address>0x6300</run_address>
         <size>0x100</size>
         <input_file_ref idref="fl-19"/>
      </object_component>
      <object_component id="oc-f6">
         <name>ECanbMOTSRegsFile</name>
         <uninitialized>true</uninitialized>
         <run_address>0x6280</run_address>
         <size>0x40</size>
         <input_file_ref idref="fl-19"/>
      </object_component>
      <object_component id="oc-f7">
         <name>ECanbMOTORegsFile</name>
         <uninitialized>true</uninitialized>
         <run_address>0x62c0</run_address>
         <size>0x40</size>
         <input_file_ref idref="fl-19"/>
      </object_component>
      <object_component id="oc-e6">
         <name>EPwm1RegsFile</name>
         <uninitialized>true</uninitialized>
         <run_address>0x6800</run_address>
         <size>0x22</size>
         <input_file_ref idref="fl-19"/>
      </object_component>
      <object_component id="oc-e7">
         <name>EPwm2RegsFile</name>
         <uninitialized>true</uninitialized>
         <run_address>0x6840</run_address>
         <size>0x22</size>
         <input_file_ref idref="fl-19"/>
      </object_component>
      <object_component id="oc-e8">
         <name>EPwm3RegsFile</name>
         <uninitialized>true</uninitialized>
         <run_address>0x6880</run_address>
         <size>0x22</size>
         <input_file_ref idref="fl-19"/>
      </object_component>
      <object_component id="oc-e9">
         <name>EPwm4RegsFile</name>
         <uninitialized>true</uninitialized>
         <run_address>0x68c0</run_address>
         <size>0x22</size>
         <input_file_ref idref="fl-19"/>
      </object_component>
      <object_component id="oc-ea">
         <name>EPwm5RegsFile</name>
         <uninitialized>true</uninitialized>
         <run_address>0x6900</run_address>
         <size>0x22</size>
         <input_file_ref idref="fl-19"/>
      </object_component>
      <object_component id="oc-eb">
         <name>EPwm6RegsFile</name>
         <uninitialized>true</uninitialized>
         <run_address>0x6940</run_address>
         <size>0x22</size>
         <input_file_ref idref="fl-19"/>
      </object_component>
      <object_component id="oc-de">
         <name>ECap1RegsFile</name>
         <uninitialized>true</uninitialized>
         <run_address>0x6a00</run_address>
         <size>0x20</size>
         <input_file_ref idref="fl-19"/>
      </object_component>
      <object_component id="oc-df">
         <name>ECap2RegsFile</name>
         <uninitialized>true</uninitialized>
         <run_address>0x6a20</run_address>
         <size>0x20</size>
         <input_file_ref idref="fl-19"/>
      </object_component>
      <object_component id="oc-e0">
         <name>ECap3RegsFile</name>
         <uninitialized>true</uninitialized>
         <run_address>0x6a40</run_address>
         <size>0x20</size>
         <input_file_ref idref="fl-19"/>
      </object_component>
      <object_component id="oc-e1">
         <name>ECap4RegsFile</name>
         <uninitialized>true</uninitialized>
         <run_address>0x6a60</run_address>
         <size>0x20</size>
         <input_file_ref idref="fl-19"/>
      </object_component>
      <object_component id="oc-e2">
         <name>ECap5RegsFile</name>
         <uninitialized>true</uninitialized>
         <run_address>0x6a80</run_address>
         <size>0x20</size>
         <input_file_ref idref="fl-19"/>
      </object_component>
      <object_component id="oc-e3">
         <name>ECap6RegsFile</name>
         <uninitialized>true</uninitialized>
         <run_address>0x6aa0</run_address>
         <size>0x20</size>
         <input_file_ref idref="fl-19"/>
      </object_component>
      <object_component id="oc-f8">
         <name>EQep1RegsFile</name>
         <uninitialized>true</uninitialized>
         <run_address>0x6b00</run_address>
         <size>0x40</size>
         <input_file_ref idref="fl-19"/>
      </object_component>
      <object_component id="oc-f9">
         <name>EQep2RegsFile</name>
         <uninitialized>true</uninitialized>
         <run_address>0x6b40</run_address>
         <size>0x40</size>
         <input_file_ref idref="fl-19"/>
      </object_component>
      <object_component id="oc-ef">
         <name>GpioCtrlRegsFile</name>
         <uninitialized>true</uninitialized>
         <run_address>0x6f80</run_address>
         <size>0x2e</size>
         <input_file_ref idref="fl-19"/>
      </object_component>
      <object_component id="oc-e4">
         <name>GpioDataRegsFile</name>
         <uninitialized>true</uninitialized>
         <run_address>0x6fc0</run_address>
         <size>0x20</size>
         <input_file_ref idref="fl-19"/>
      </object_component>
      <object_component id="oc-d3">
         <name>GpioIntRegsFile</name>
         <uninitialized>true</uninitialized>
         <run_address>0x6fe0</run_address>
         <size>0xa</size>
         <input_file_ref idref="fl-19"/>
      </object_component>
      <object_component id="oc-e5">
         <name>SysCtrlRegsFile</name>
         <uninitialized>true</uninitialized>
         <run_address>0x7010</run_address>
         <size>0x20</size>
         <input_file_ref idref="fl-19"/>
      </object_component>
      <object_component id="oc-d9">
         <name>SpiaRegsFile</name>
         <uninitialized>true</uninitialized>
         <run_address>0x7040</run_address>
         <size>0x10</size>
         <input_file_ref idref="fl-19"/>
      </object_component>
      <object_component id="oc-d6">
         <name>SciaRegsFile</name>
         <uninitialized>true</uninitialized>
         <run_address>0x7050</run_address>
         <size>0x10</size>
         <input_file_ref idref="fl-19"/>
      </object_component>
      <object_component id="oc-da">
         <name>XIntruptRegsFile</name>
         <uninitialized>true</uninitialized>
         <run_address>0x7070</run_address>
         <size>0x10</size>
         <input_file_ref idref="fl-19"/>
      </object_component>
      <object_component id="oc-dc">
         <name>AdcRegsFile</name>
         <uninitialized>true</uninitialized>
         <run_address>0x7100</run_address>
         <size>0x1e</size>
         <input_file_ref idref="fl-19"/>
      </object_component>
      <object_component id="oc-d7">
         <name>ScibRegsFile</name>
         <uninitialized>true</uninitialized>
         <run_address>0x7750</run_address>
         <size>0x10</size>
         <input_file_ref idref="fl-19"/>
      </object_component>
      <object_component id="oc-d8">
         <name>ScicRegsFile</name>
         <uninitialized>true</uninitialized>
         <run_address>0x7770</run_address>
         <size>0x10</size>
         <input_file_ref idref="fl-19"/>
      </object_component>
      <object_component id="oc-ec">
         <name>I2caRegsFile</name>
         <uninitialized>true</uninitialized>
         <run_address>0x7900</run_address>
         <size>0x22</size>
         <input_file_ref idref="fl-19"/>
      </object_component>
      <object_component id="oc-d1">
         <name>CsmPwlFile</name>
         <uninitialized>true</uninitialized>
         <run_address>0x33fff8</run_address>
         <size>0x8</size>
         <input_file_ref idref="fl-19"/>
      </object_component>
      <object_component id="oc-cd">
         <name>PartIdRegsFile</name>
         <uninitialized>true</uninitialized>
         <run_address>0x380090</run_address>
         <size>0x1</size>
         <input_file_ref idref="fl-19"/>
      </object_component>
      <object_component id="oc-205">
         <name>.cinit:__ftable</name>
         <load_address>0x33a0f4</load_address>
         <run_address>0x33a0f4</run_address>
         <size>0x26</size>
         <input_file_ref idref="fl-4d"/>
      </object_component>
      <object_component id="oc-87">
         <name>.cinit</name>
         <load_address>0x33a11a</load_address>
         <run_address>0x33a11a</run_address>
         <size>0x19</size>
         <input_file_ref idref="fl-c"/>
      </object_component>
      <object_component id="oc-148">
         <name>.cinit</name>
         <load_address>0x33a133</load_address>
         <run_address>0x33a133</run_address>
         <size>0xe</size>
         <input_file_ref idref="fl-38"/>
      </object_component>
      <object_component id="oc-78">
         <name>.cinit</name>
         <load_address>0x33a141</load_address>
         <run_address>0x33a141</run_address>
         <size>0xc</size>
         <input_file_ref idref="fl-a"/>
      </object_component>
      <object_component id="oc-202">
         <name>.cinit:__lock</name>
         <load_address>0x33a14d</load_address>
         <run_address>0x33a14d</run_address>
         <size>0x5</size>
         <input_file_ref idref="fl-39"/>
      </object_component>
      <object_component id="oc-207">
         <name>.cinit:__unlock</name>
         <load_address>0x33a152</load_address>
         <run_address>0x33a152</run_address>
         <size>0x5</size>
         <input_file_ref idref="fl-39"/>
      </object_component>
      <object_component id="oc-62">
         <name>.cinit</name>
         <load_address>0x33a157</load_address>
         <run_address>0x33a157</run_address>
         <size>0x4</size>
         <input_file_ref idref="fl-6"/>
      </object_component>
      <object_component id="oc-1b5">
         <name>.cinit</name>
         <load_address>0x33a15b</load_address>
         <run_address>0x33a15b</run_address>
         <size>0x4</size>
         <input_file_ref idref="fl-4d"/>
      </object_component>
      <object_component id="oc-1d1">
         <name>.cinit</name>
         <load_address>0x33a15f</load_address>
         <run_address>0x33a15f</run_address>
         <size>0x4</size>
         <input_file_ref idref="fl-53"/>
      </object_component>
      <object_component id="oc-218">
         <name>.text</name>
         <load_address>0x338000</load_address>
         <run_address>0x338000</run_address>
         <size>0x6d0</size>
         <input_file_ref idref="fl-3c"/>
      </object_component>
      <object_component id="oc-208">
         <name>.text:__TI_printfi</name>
         <load_address>0x3386d0</load_address>
         <run_address>0x3386d0</run_address>
         <size>0x5f5</size>
         <input_file_ref idref="fl-3c"/>
      </object_component>
      <object_component id="oc-b8">
         <name>.text:retain</name>
         <load_address>0x338cc5</load_address>
         <run_address>0x338cc5</run_address>
         <size>0x316</size>
         <input_file_ref idref="fl-15"/>
      </object_component>
      <object_component id="oc-1fe">
         <name>.text</name>
         <load_address>0x338fdb</load_address>
         <run_address>0x338fdb</run_address>
         <size>0x25b</size>
         <input_file_ref idref="fl-c"/>
      </object_component>
      <object_component id="oc-20b">
         <name>.text</name>
         <load_address>0x339236</load_address>
         <run_address>0x339236</run_address>
         <size>0x131</size>
         <input_file_ref idref="fl-17"/>
      </object_component>
      <object_component id="oc-7a">
         <name>.text:retain</name>
         <load_address>0x339367</load_address>
         <run_address>0x339367</run_address>
         <size>0x122</size>
         <input_file_ref idref="fl-a"/>
      </object_component>
      <object_component id="oc-1a5">
         <name>.text</name>
         <load_address>0x339489</load_address>
         <run_address>0x339489</run_address>
         <size>0x107</size>
         <input_file_ref idref="fl-4a"/>
      </object_component>
      <object_component id="oc-20c">
         <name>.text</name>
         <load_address>0x339590</load_address>
         <run_address>0x339590</run_address>
         <size>0xfc</size>
         <input_file_ref idref="fl-20"/>
      </object_component>
      <object_component id="oc-220">
         <name>.text</name>
         <load_address>0x33968c</load_address>
         <run_address>0x33968c</run_address>
         <size>0xa9</size>
         <input_file_ref idref="fl-51"/>
      </object_component>
      <object_component id="oc-17d">
         <name>.text</name>
         <load_address>0x339735</load_address>
         <run_address>0x339735</run_address>
         <size>0x9c</size>
         <input_file_ref idref="fl-42"/>
      </object_component>
      <object_component id="oc-169">
         <name>.text</name>
         <load_address>0x3397d1</load_address>
         <run_address>0x3397d1</run_address>
         <size>0x8b</size>
         <input_file_ref idref="fl-3e"/>
      </object_component>
      <object_component id="oc-16e">
         <name>.text</name>
         <load_address>0x33985c</load_address>
         <run_address>0x33985c</run_address>
         <size>0x83</size>
         <input_file_ref idref="fl-3f"/>
      </object_component>
      <object_component id="oc-212">
         <name>.text</name>
         <load_address>0x3398df</load_address>
         <run_address>0x3398df</run_address>
         <size>0x79</size>
         <input_file_ref idref="fl-d"/>
      </object_component>
      <object_component id="oc-21f">
         <name>.text</name>
         <load_address>0x339958</load_address>
         <run_address>0x339958</run_address>
         <size>0x5a</size>
         <input_file_ref idref="fl-50"/>
      </object_component>
      <object_component id="oc-21c">
         <name>.text</name>
         <load_address>0x3399b2</load_address>
         <run_address>0x3399b2</run_address>
         <size>0x59</size>
         <input_file_ref idref="fl-1f"/>
      </object_component>
      <object_component id="oc-4c">
         <name>.text</name>
         <load_address>0x339a0b</load_address>
         <run_address>0x339a0b</run_address>
         <size>0x56</size>
         <input_file_ref idref="fl-33"/>
      </object_component>
      <object_component id="oc-1fc">
         <name>.text</name>
         <load_address>0x339a61</load_address>
         <run_address>0x339a61</run_address>
         <size>0x34</size>
         <input_file_ref idref="fl-3b"/>
      </object_component>
      <object_component id="oc-215">
         <name>.text</name>
         <load_address>0x339a95</load_address>
         <run_address>0x339a95</run_address>
         <size>0x31</size>
         <input_file_ref idref="fl-4e"/>
      </object_component>
      <object_component id="oc-21e">
         <name>.text</name>
         <load_address>0x339ac6</load_address>
         <run_address>0x339ac6</run_address>
         <size>0x30</size>
         <input_file_ref idref="fl-4b"/>
      </object_component>
      <object_component id="oc-211">
         <name>.text</name>
         <load_address>0x339af6</load_address>
         <run_address>0x339af6</run_address>
         <size>0x2a</size>
         <input_file_ref idref="fl-8"/>
      </object_component>
      <object_component id="oc-164">
         <name>.text</name>
         <load_address>0x339b20</load_address>
         <run_address>0x339b20</run_address>
         <size>0x2a</size>
         <input_file_ref idref="fl-3d"/>
      </object_component>
      <object_component id="oc-1af">
         <name>.text</name>
         <load_address>0x339b4a</load_address>
         <run_address>0x339b4a</run_address>
         <size>0x2a</size>
         <input_file_ref idref="fl-4c"/>
      </object_component>
      <object_component id="oc-1fb">
         <name>.text</name>
         <load_address>0x339b74</load_address>
         <run_address>0x339b74</run_address>
         <size>0x29</size>
         <input_file_ref idref="fl-38"/>
      </object_component>
      <object_component id="oc-20f">
         <name>.text</name>
         <load_address>0x339b9d</load_address>
         <run_address>0x339b9d</run_address>
         <size>0x28</size>
         <input_file_ref idref="fl-1d"/>
      </object_component>
      <object_component id="oc-203">
         <name>.text</name>
         <load_address>0x339bc5</load_address>
         <run_address>0x339bc5</run_address>
         <size>0x25</size>
         <input_file_ref idref="fl-b"/>
      </object_component>
      <object_component id="oc-1f8">
         <name>.text</name>
         <load_address>0x339bea</load_address>
         <run_address>0x339bea</run_address>
         <size>0x24</size>
         <input_file_ref idref="fl-37"/>
      </object_component>
      <object_component id="oc-222">
         <name>.text</name>
         <load_address>0x339c0e</load_address>
         <run_address>0x339c0e</run_address>
         <size>0x24</size>
         <input_file_ref idref="fl-52"/>
      </object_component>
      <object_component id="oc-200">
         <name>.text</name>
         <load_address>0x339c32</load_address>
         <run_address>0x339c32</run_address>
         <size>0x23</size>
         <input_file_ref idref="fl-2"/>
      </object_component>
      <object_component id="oc-182">
         <name>.text</name>
         <load_address>0x339c55</load_address>
         <run_address>0x339c55</run_address>
         <size>0x21</size>
         <input_file_ref idref="fl-43"/>
      </object_component>
      <object_component id="oc-187">
         <name>.text</name>
         <load_address>0x339c76</load_address>
         <run_address>0x339c76</run_address>
         <size>0x1f</size>
         <input_file_ref idref="fl-44"/>
      </object_component>
      <object_component id="oc-1a0">
         <name>.text</name>
         <load_address>0x339c95</load_address>
         <run_address>0x339c95</run_address>
         <size>0x1e</size>
         <input_file_ref idref="fl-49"/>
      </object_component>
      <object_component id="oc-191">
         <name>.text</name>
         <load_address>0x339cb3</load_address>
         <run_address>0x339cb3</run_address>
         <size>0x1d</size>
         <input_file_ref idref="fl-46"/>
      </object_component>
      <object_component id="oc-1ff">
         <name>.text</name>
         <load_address>0x339cd0</load_address>
         <run_address>0x339cd0</run_address>
         <size>0x1d</size>
         <input_file_ref idref="fl-3a"/>
      </object_component>
      <object_component id="oc-18c">
         <name>.text</name>
         <load_address>0x339ced</load_address>
         <run_address>0x339ced</run_address>
         <size>0x1c</size>
         <input_file_ref idref="fl-45"/>
      </object_component>
      <object_component id="oc-196">
         <name>.text</name>
         <load_address>0x339d09</load_address>
         <run_address>0x339d09</run_address>
         <size>0x1c</size>
         <input_file_ref idref="fl-47"/>
      </object_component>
      <object_component id="oc-19b">
         <name>.text</name>
         <load_address>0x339d25</load_address>
         <run_address>0x339d25</run_address>
         <size>0x18</size>
         <input_file_ref idref="fl-48"/>
      </object_component>
      <object_component id="oc-1fa">
         <name>.text</name>
         <load_address>0x339d3d</load_address>
         <run_address>0x339d3d</run_address>
         <size>0x12</size>
         <input_file_ref idref="fl-34"/>
      </object_component>
      <object_component id="oc-210">
         <name>.text</name>
         <load_address>0x339d4f</load_address>
         <run_address>0x339d4f</run_address>
         <size>0x11</size>
         <input_file_ref idref="fl-1e"/>
      </object_component>
      <object_component id="oc-20d">
         <name>.text</name>
         <load_address>0x339d60</load_address>
         <run_address>0x339d60</run_address>
         <size>0x10</size>
         <input_file_ref idref="fl-1c"/>
      </object_component>
      <object_component id="oc-219">
         <name>.text</name>
         <load_address>0x339d70</load_address>
         <run_address>0x339d70</run_address>
         <size>0x10</size>
         <input_file_ref idref="fl-54"/>
      </object_component>
      <object_component id="oc-178">
         <name>.text</name>
         <load_address>0x339d80</load_address>
         <run_address>0x339d80</run_address>
         <size>0xe</size>
         <input_file_ref idref="fl-41"/>
      </object_component>
      <object_component id="oc-221">
         <name>.text</name>
         <load_address>0x339d8e</load_address>
         <run_address>0x339d8e</run_address>
         <size>0xc</size>
         <input_file_ref idref="fl-56"/>
      </object_component>
      <object_component id="oc-20a">
         <name>.text</name>
         <load_address>0x339d9a</load_address>
         <run_address>0x339d9a</run_address>
         <size>0xa</size>
         <input_file_ref idref="fl-57"/>
      </object_component>
      <object_component id="oc-213">
         <name>.text</name>
         <load_address>0x339da4</load_address>
         <run_address>0x339da4</run_address>
         <size>0x9</size>
         <input_file_ref idref="fl-39"/>
      </object_component>
      <object_component id="oc-173">
         <name>.text</name>
         <load_address>0x339dad</load_address>
         <run_address>0x339dad</run_address>
         <size>0x9</size>
         <input_file_ref idref="fl-40"/>
      </object_component>
      <object_component id="oc-21a">
         <name>.text</name>
         <load_address>0x339db6</load_address>
         <run_address>0x339db6</run_address>
         <size>0x9</size>
         <input_file_ref idref="fl-5a"/>
      </object_component>
      <object_component id="oc-a1">
         <name>.text</name>
         <load_address>0x339dbf</load_address>
         <run_address>0x339dbf</run_address>
         <size>0x8</size>
         <input_file_ref idref="fl-11"/>
      </object_component>
      <object_component id="oc-214">
         <name>.text</name>
         <load_address>0x339dc7</load_address>
         <run_address>0x339dc7</run_address>
         <size>0x8</size>
         <input_file_ref idref="fl-59"/>
      </object_component>
      <object_component id="oc-bd">
         <name>.text</name>
         <load_address>0x339dcf</load_address>
         <run_address>0x339dcf</run_address>
         <size>0x7</size>
         <input_file_ref idref="fl-16"/>
      </object_component>
      <object_component id="oc-216">
         <name>.text</name>
         <load_address>0x339dd6</load_address>
         <run_address>0x339dd6</run_address>
         <size>0x7</size>
         <input_file_ref idref="fl-55"/>
      </object_component>
      <object_component id="oc-217">
         <name>.text</name>
         <load_address>0x339ddd</load_address>
         <run_address>0x339ddd</run_address>
         <size>0x5</size>
         <input_file_ref idref="fl-58"/>
      </object_component>
      <object_component id="oc-ad">
         <name>.text</name>
         <load_address>0x339de2</load_address>
         <run_address>0x339de2</run_address>
         <size>0x3</size>
         <input_file_ref idref="fl-13"/>
      </object_component>
      <object_component id="oc-1f7">
         <name>.text</name>
         <load_address>0x339de5</load_address>
         <run_address>0x339de5</run_address>
         <size>0x2</size>
         <input_file_ref idref="fl-36"/>
      </object_component>
      <object_component id="oc-1f9">
         <name>.text</name>
         <load_address>0x339de7</load_address>
         <run_address>0x339de7</run_address>
         <size>0x1</size>
         <input_file_ref idref="fl-35"/>
      </object_component>
      <object_component id="oc-a2">
         <name>codestart</name>
         <load_address>0x33fff6</load_address>
         <run_address>0x33fff6</run_address>
         <size>0x2</size>
         <input_file_ref idref="fl-11"/>
      </object_component>
      <object_component id="oc-7b">
         <name>.TI.ramfunc:retain</name>
         <load_address>0x320000</load_address>
         <run_address>0x8000</run_address>
         <size>0xaf</size>
         <input_file_ref idref="fl-a"/>
      </object_component>
      <object_component id="oc-20e">
         <name>.TI.ramfunc</name>
         <load_address>0x3200af</load_address>
         <run_address>0x80af</run_address>
         <size>0x1d</size>
         <input_file_ref idref="fl-20"/>
      </object_component>
      <object_component id="oc-128">
         <name>.TI.ramfunc</name>
         <load_address>0x3200cc</load_address>
         <run_address>0x80cc</run_address>
         <size>0x4</size>
         <input_file_ref idref="fl-22"/>
      </object_component>
      <object_component id="oc-9f">
         <name>csmpasswds</name>
         <load_address>0x33fff8</load_address>
         <run_address>0x33fff8</run_address>
         <size>0x8</size>
         <input_file_ref idref="fl-10"/>
      </object_component>
      <object_component id="oc-a0">
         <name>csm_rsvd</name>
         <load_address>0x33ff80</load_address>
         <run_address>0x33ff80</run_address>
         <size>0x76</size>
         <input_file_ref idref="fl-10"/>
      </object_component>
      <object_component id="oc-12d">
         <name>.stack</name>
         <uninitialized>true</uninitialized>
         <run_address>0x400</run_address>
         <size>0x0</size>
         <input_file_ref idref="fl-33"/>
      </object_component>
      <object_component id="oc-278">
         <name>.stack</name>
         <uninitialized>true</uninitialized>
         <run_address>0x400</run_address>
         <size>0x0</size>
      </object_component>
      <object_component id="oc-63">
         <name>.ebss</name>
         <uninitialized>true</uninitialized>
         <run_address>0x8189</run_address>
         <size>0x1</size>
         <input_file_ref idref="fl-6"/>
      </object_component>
      <object_component id="oc-79">
         <name>.ebss</name>
         <uninitialized>true</uninitialized>
         <run_address>0x8186</run_address>
         <size>0x3</size>
         <input_file_ref idref="fl-a"/>
      </object_component>
      <object_component id="oc-1fd">
         <name>.ebss:_Voltage1</name>
         <uninitialized>true</uninitialized>
         <run_address>0x80fe</run_address>
         <size>0x2</size>
         <input_file_ref idref="fl-a"/>
      </object_component>
      <object_component id="oc-88">
         <name>.ebss</name>
         <uninitialized>true</uninitialized>
         <run_address>0x80e8</run_address>
         <size>0x16</size>
         <input_file_ref idref="fl-c"/>
      </object_component>
      <object_component id="oc-209">
         <name>.ebss:_g_pCanDevices</name>
         <uninitialized>true</uninitialized>
         <run_address>0x8178</run_address>
         <size>0x8</size>
         <input_file_ref idref="fl-c"/>
      </object_component>
      <object_component id="oc-8f">
         <name>.ebss</name>
         <uninitialized>true</uninitialized>
         <run_address>0x818e</run_address>
         <size>0x2</size>
         <input_file_ref idref="fl-d"/>
      </object_component>
      <object_component id="oc-a8">
         <name>.ebss</name>
         <uninitialized>true</uninitialized>
         <run_address>0x80d0</run_address>
         <size>0x18</size>
         <input_file_ref idref="fl-12"/>
      </object_component>
      <object_component id="oc-149">
         <name>.ebss</name>
         <uninitialized>true</uninitialized>
         <run_address>0x8180</run_address>
         <size>0x6</size>
         <input_file_ref idref="fl-38"/>
      </object_component>
      <object_component id="oc-201">
         <name>.ebss:__lock</name>
         <uninitialized>true</uninitialized>
         <run_address>0x818a</run_address>
         <size>0x2</size>
         <input_file_ref idref="fl-39"/>
      </object_component>
      <object_component id="oc-206">
         <name>.ebss:__unlock</name>
         <uninitialized>true</uninitialized>
         <run_address>0x818c</run_address>
         <size>0x2</size>
         <input_file_ref idref="fl-39"/>
      </object_component>
      <object_component id="oc-1b6">
         <name>.ebss</name>
         <uninitialized>true</uninitialized>
         <run_address>0x8190</run_address>
         <size>0x1</size>
         <input_file_ref idref="fl-4d"/>
      </object_component>
      <object_component id="oc-204">
         <name>.ebss:__ftable</name>
         <uninitialized>true</uninitialized>
         <run_address>0x8100</run_address>
         <size>0x78</size>
         <input_file_ref idref="fl-4d"/>
      </object_component>
      <object_component id="oc-1d2">
         <name>.ebss</name>
         <uninitialized>true</uninitialized>
         <run_address>0x8191</run_address>
         <size>0x1</size>
         <input_file_ref idref="fl-53"/>
      </object_component>
      <object_component id="oc-21d">
         <name>.econst:.string:__ctypes_</name>
         <load_address>0x339de8</load_address>
         <run_address>0x339de8</run_address>
         <size>0x101</size>
         <input_file_ref idref="fl-4f"/>
      </object_component>
      <object_component id="oc-21b">
         <name>.econst:_PieVectTableInit</name>
         <load_address>0x339eea</load_address>
         <run_address>0x339eea</run_address>
         <size>0x100</size>
         <input_file_ref idref="fl-1e"/>
      </object_component>
      <object_component id="oc-89">
         <name>.econst:.string</name>
         <load_address>0x339fea</load_address>
         <run_address>0x339fea</run_address>
         <size>0x45</size>
         <input_file_ref idref="fl-c"/>
      </object_component>
      <object_component id="oc-7c">
         <name>.econst:.string</name>
         <load_address>0x33a030</load_address>
         <run_address>0x33a030</run_address>
         <size>0x43</size>
         <input_file_ref idref="fl-a"/>
      </object_component>
      <object_component id="oc-15f">
         <name>.econst:.string</name>
         <load_address>0x33a074</load_address>
         <run_address>0x33a074</run_address>
         <size>0x26</size>
         <input_file_ref idref="fl-3c"/>
      </object_component>
      <object_component id="oc-15e">
         <name>.econst</name>
         <load_address>0x33a09a</load_address>
         <run_address>0x33a09a</run_address>
         <size>0x1c</size>
         <input_file_ref idref="fl-3c"/>
      </object_component>
      <object_component id="oc-1c6">
         <name>.econst</name>
         <load_address>0x33a0b6</load_address>
         <run_address>0x33a0b6</run_address>
         <size>0x1c</size>
         <input_file_ref idref="fl-51"/>
      </object_component>
      <object_component id="oc-90">
         <name>.econst:.string</name>
         <load_address>0x33a0d2</load_address>
         <run_address>0x33a0d2</run_address>
         <size>0x19</size>
         <input_file_ref idref="fl-d"/>
      </object_component>
      <object_component id="oc-1c0">
         <name>.econst</name>
         <load_address>0x33a0ec</load_address>
         <run_address>0x33a0ec</run_address>
         <size>0x8</size>
         <input_file_ref idref="fl-50"/>
      </object_component>
      <object_component id="oc-12e">
         <name>.reset</name>
         <load_address>0x3fffc0</load_address>
         <run_address>0x3fffc0</run_address>
         <size>0x2</size>
         <input_file_ref idref="fl-33"/>
      </object_component>
      <object_component id="oc-95">
         <name>.adc_cal</name>
         <load_address>0x380080</load_address>
         <run_address>0x380080</run_address>
         <size>0x7</size>
         <input_file_ref idref="fl-e"/>
      </object_component>
      <object_component id="oc-4d">
         <name>.debug_info</name>
         <load_address>0x0</load_address>
         <run_address>0x0</run_address>
         <size>0x526</size>
         <input_file_ref idref="fl-2"/>
      </object_component>
      <object_component id="oc-52">
         <name>.debug_info</name>
         <load_address>0x526</load_address>
         <run_address>0x526</run_address>
         <size>0x3420</size>
         <input_file_ref idref="fl-3"/>
      </object_component>
      <object_component id="oc-57">
         <name>.debug_info</name>
         <load_address>0x3946</load_address>
         <run_address>0x3946</run_address>
         <size>0x667e</size>
         <input_file_ref idref="fl-4"/>
      </object_component>
      <object_component id="oc-5c">
         <name>.debug_info</name>
         <load_address>0x9fc4</load_address>
         <run_address>0x9fc4</run_address>
         <size>0x1d98</size>
         <input_file_ref idref="fl-5"/>
      </object_component>
      <object_component id="oc-61">
         <name>.debug_info</name>
         <load_address>0xbd5c</load_address>
         <run_address>0xbd5c</run_address>
         <size>0x3d96</size>
         <input_file_ref idref="fl-6"/>
      </object_component>
      <object_component id="oc-68">
         <name>.debug_info</name>
         <load_address>0xfaf2</load_address>
         <run_address>0xfaf2</run_address>
         <size>0x420d</size>
         <input_file_ref idref="fl-7"/>
      </object_component>
      <object_component id="oc-6d">
         <name>.debug_info</name>
         <load_address>0x13cff</load_address>
         <run_address>0x13cff</run_address>
         <size>0xf7f</size>
         <input_file_ref idref="fl-8"/>
      </object_component>
      <object_component id="oc-72">
         <name>.debug_info</name>
         <load_address>0x14c7e</load_address>
         <run_address>0x14c7e</run_address>
         <size>0x2491</size>
         <input_file_ref idref="fl-9"/>
      </object_component>
      <object_component id="oc-77">
         <name>.debug_info</name>
         <load_address>0x1710f</load_address>
         <run_address>0x1710f</run_address>
         <size>0x9317</size>
         <input_file_ref idref="fl-a"/>
      </object_component>
      <object_component id="oc-81">
         <name>.debug_info</name>
         <load_address>0x20426</load_address>
         <run_address>0x20426</run_address>
         <size>0x1105</size>
         <input_file_ref idref="fl-b"/>
      </object_component>
      <object_component id="oc-86">
         <name>.debug_info</name>
         <load_address>0x2152b</load_address>
         <run_address>0x2152b</run_address>
         <size>0x7760</size>
         <input_file_ref idref="fl-c"/>
      </object_component>
      <object_component id="oc-8e">
         <name>.debug_info</name>
         <load_address>0x28c8b</load_address>
         <run_address>0x28c8b</run_address>
         <size>0x907</size>
         <input_file_ref idref="fl-d"/>
      </object_component>
      <object_component id="oc-97">
         <name>.debug_info</name>
         <load_address>0x29592</load_address>
         <run_address>0x29592</run_address>
         <size>0xfb</size>
         <input_file_ref idref="fl-e"/>
      </object_component>
      <object_component id="oc-9a">
         <name>.debug_info</name>
         <load_address>0x2968d</load_address>
         <run_address>0x2968d</run_address>
         <size>0x1e6a</size>
         <input_file_ref idref="fl-f"/>
      </object_component>
      <object_component id="oc-a4">
         <name>.debug_info</name>
         <load_address>0x2b4f7</load_address>
         <run_address>0x2b4f7</run_address>
         <size>0x13b</size>
         <input_file_ref idref="fl-11"/>
      </object_component>
      <object_component id="oc-a7">
         <name>.debug_info</name>
         <load_address>0x2b632</load_address>
         <run_address>0x2b632</run_address>
         <size>0x820</size>
         <input_file_ref idref="fl-12"/>
      </object_component>
      <object_component id="oc-af">
         <name>.debug_info</name>
         <load_address>0x2be52</load_address>
         <run_address>0x2be52</run_address>
         <size>0xf9</size>
         <input_file_ref idref="fl-13"/>
      </object_component>
      <object_component id="oc-b2">
         <name>.debug_info</name>
         <load_address>0x2bf4b</load_address>
         <run_address>0x2bf4b</run_address>
         <size>0x1719</size>
         <input_file_ref idref="fl-14"/>
      </object_component>
      <object_component id="oc-b7">
         <name>.debug_info</name>
         <load_address>0x2d664</load_address>
         <run_address>0x2d664</run_address>
         <size>0x243d</size>
         <input_file_ref idref="fl-15"/>
      </object_component>
      <object_component id="oc-bf">
         <name>.debug_info</name>
         <load_address>0x2faa1</load_address>
         <run_address>0x2faa1</run_address>
         <size>0xff</size>
         <input_file_ref idref="fl-16"/>
      </object_component>
      <object_component id="oc-c2">
         <name>.debug_info</name>
         <load_address>0x2fba0</load_address>
         <run_address>0x2fba0</run_address>
         <size>0x601b</size>
         <input_file_ref idref="fl-17"/>
      </object_component>
      <object_component id="oc-c7">
         <name>.debug_info</name>
         <load_address>0x35bbb</load_address>
         <run_address>0x35bbb</run_address>
         <size>0x1b70</size>
         <input_file_ref idref="fl-18"/>
      </object_component>
      <object_component id="oc-cc">
         <name>.debug_info</name>
         <load_address>0x3772b</load_address>
         <run_address>0x3772b</run_address>
         <size>0x13427</size>
         <input_file_ref idref="fl-19"/>
      </object_component>
      <object_component id="oc-100">
         <name>.debug_info</name>
         <load_address>0x4ab52</load_address>
         <run_address>0x4ab52</run_address>
         <size>0x1b70</size>
         <input_file_ref idref="fl-1a"/>
      </object_component>
      <object_component id="oc-105">
         <name>.debug_info</name>
         <load_address>0x4c6c2</load_address>
         <run_address>0x4c6c2</run_address>
         <size>0x1b6f</size>
         <input_file_ref idref="fl-1b"/>
      </object_component>
      <object_component id="oc-10a">
         <name>.debug_info</name>
         <load_address>0x4e231</load_address>
         <run_address>0x4e231</run_address>
         <size>0x463</size>
         <input_file_ref idref="fl-1c"/>
      </object_component>
      <object_component id="oc-10f">
         <name>.debug_info</name>
         <load_address>0x4e694</load_address>
         <run_address>0x4e694</run_address>
         <size>0xb30</size>
         <input_file_ref idref="fl-1d"/>
      </object_component>
      <object_component id="oc-114">
         <name>.debug_info</name>
         <load_address>0x4f1c4</load_address>
         <run_address>0x4f1c4</run_address>
         <size>0x22a0</size>
         <input_file_ref idref="fl-1e"/>
      </object_component>
      <object_component id="oc-119">
         <name>.debug_info</name>
         <load_address>0x51464</load_address>
         <run_address>0x51464</run_address>
         <size>0x1da2</size>
         <input_file_ref idref="fl-1f"/>
      </object_component>
      <object_component id="oc-11e">
         <name>.debug_info</name>
         <load_address>0x53206</load_address>
         <run_address>0x53206</run_address>
         <size>0x20f4</size>
         <input_file_ref idref="fl-20"/>
      </object_component>
      <object_component id="oc-123">
         <name>.debug_info</name>
         <load_address>0x552fa</load_address>
         <run_address>0x552fa</run_address>
         <size>0x2127</size>
         <input_file_ref idref="fl-21"/>
      </object_component>
      <object_component id="oc-12a">
         <name>.debug_info</name>
         <load_address>0x57421</load_address>
         <run_address>0x57421</run_address>
         <size>0xfd</size>
         <input_file_ref idref="fl-22"/>
      </object_component>
      <object_component id="oc-12f">
         <name>.debug_info</name>
         <load_address>0x5751e</load_address>
         <run_address>0x5751e</run_address>
         <size>0x173</size>
         <input_file_ref idref="fl-33"/>
      </object_component>
      <object_component id="oc-133">
         <name>.debug_info</name>
         <load_address>0x57691</load_address>
         <run_address>0x57691</run_address>
         <size>0x467</size>
         <input_file_ref idref="fl-34"/>
      </object_component>
      <object_component id="oc-138">
         <name>.debug_info</name>
         <load_address>0x57af8</load_address>
         <run_address>0x57af8</run_address>
         <size>0x3aa</size>
         <input_file_ref idref="fl-35"/>
      </object_component>
      <object_component id="oc-13d">
         <name>.debug_info</name>
         <load_address>0x57ea2</load_address>
         <run_address>0x57ea2</run_address>
         <size>0x3ad</size>
         <input_file_ref idref="fl-36"/>
      </object_component>
      <object_component id="oc-142">
         <name>.debug_info</name>
         <load_address>0x5824f</load_address>
         <run_address>0x5824f</run_address>
         <size>0x561</size>
         <input_file_ref idref="fl-37"/>
      </object_component>
      <object_component id="oc-147">
         <name>.debug_info</name>
         <load_address>0x587b0</load_address>
         <run_address>0x587b0</run_address>
         <size>0x544</size>
         <input_file_ref idref="fl-38"/>
      </object_component>
      <object_component id="oc-14e">
         <name>.debug_info</name>
         <load_address>0x58cf4</load_address>
         <run_address>0x58cf4</run_address>
         <size>0x4cc</size>
         <input_file_ref idref="fl-39"/>
      </object_component>
      <object_component id="oc-153">
         <name>.debug_info</name>
         <load_address>0x591c0</load_address>
         <run_address>0x591c0</run_address>
         <size>0x43a</size>
         <input_file_ref idref="fl-3a"/>
      </object_component>
      <object_component id="oc-158">
         <name>.debug_info</name>
         <load_address>0x595fa</load_address>
         <run_address>0x595fa</run_address>
         <size>0x714</size>
         <input_file_ref idref="fl-3b"/>
      </object_component>
      <object_component id="oc-15d">
         <name>.debug_info</name>
         <load_address>0x59d0e</load_address>
         <run_address>0x59d0e</run_address>
         <size>0x2a4f</size>
         <input_file_ref idref="fl-3c"/>
      </object_component>
      <object_component id="oc-165">
         <name>.debug_info</name>
         <load_address>0x5c75d</load_address>
         <run_address>0x5c75d</run_address>
         <size>0x120</size>
         <input_file_ref idref="fl-3d"/>
      </object_component>
      <object_component id="oc-16a">
         <name>.debug_info</name>
         <load_address>0x5c87d</load_address>
         <run_address>0x5c87d</run_address>
         <size>0x114</size>
         <input_file_ref idref="fl-3e"/>
      </object_component>
      <object_component id="oc-16f">
         <name>.debug_info</name>
         <load_address>0x5c991</load_address>
         <run_address>0x5c991</run_address>
         <size>0x114</size>
         <input_file_ref idref="fl-3f"/>
      </object_component>
      <object_component id="oc-174">
         <name>.debug_info</name>
         <load_address>0x5caa5</load_address>
         <run_address>0x5caa5</run_address>
         <size>0x114</size>
         <input_file_ref idref="fl-40"/>
      </object_component>
      <object_component id="oc-179">
         <name>.debug_info</name>
         <load_address>0x5cbb9</load_address>
         <run_address>0x5cbb9</run_address>
         <size>0x122</size>
         <input_file_ref idref="fl-41"/>
      </object_component>
      <object_component id="oc-17e">
         <name>.debug_info</name>
         <load_address>0x5ccdb</load_address>
         <run_address>0x5ccdb</run_address>
         <size>0x114</size>
         <input_file_ref idref="fl-42"/>
      </object_component>
      <object_component id="oc-183">
         <name>.debug_info</name>
         <load_address>0x5cdef</load_address>
         <run_address>0x5cdef</run_address>
         <size>0x114</size>
         <input_file_ref idref="fl-43"/>
      </object_component>
      <object_component id="oc-188">
         <name>.debug_info</name>
         <load_address>0x5cf03</load_address>
         <run_address>0x5cf03</run_address>
         <size>0x114</size>
         <input_file_ref idref="fl-44"/>
      </object_component>
      <object_component id="oc-18d">
         <name>.debug_info</name>
         <load_address>0x5d017</load_address>
         <run_address>0x5d017</run_address>
         <size>0x11a</size>
         <input_file_ref idref="fl-45"/>
      </object_component>
      <object_component id="oc-192">
         <name>.debug_info</name>
         <load_address>0x5d131</load_address>
         <run_address>0x5d131</run_address>
         <size>0x118</size>
         <input_file_ref idref="fl-46"/>
      </object_component>
      <object_component id="oc-197">
         <name>.debug_info</name>
         <load_address>0x5d249</load_address>
         <run_address>0x5d249</run_address>
         <size>0x118</size>
         <input_file_ref idref="fl-47"/>
      </object_component>
      <object_component id="oc-19c">
         <name>.debug_info</name>
         <load_address>0x5d361</load_address>
         <run_address>0x5d361</run_address>
         <size>0x176</size>
         <input_file_ref idref="fl-48"/>
      </object_component>
      <object_component id="oc-1a1">
         <name>.debug_info</name>
         <load_address>0x5d4d7</load_address>
         <run_address>0x5d4d7</run_address>
         <size>0x14e</size>
         <input_file_ref idref="fl-49"/>
      </object_component>
      <object_component id="oc-1a6">
         <name>.debug_info</name>
         <load_address>0x5d625</load_address>
         <run_address>0x5d625</run_address>
         <size>0x231</size>
         <input_file_ref idref="fl-4a"/>
      </object_component>
      <object_component id="oc-1aa">
         <name>.debug_info</name>
         <load_address>0x5d856</load_address>
         <run_address>0x5d856</run_address>
         <size>0x46c</size>
         <input_file_ref idref="fl-4b"/>
      </object_component>
      <object_component id="oc-1b0">
         <name>.debug_info</name>
         <load_address>0x5dcc2</load_address>
         <run_address>0x5dcc2</run_address>
         <size>0x1a5</size>
         <input_file_ref idref="fl-4c"/>
      </object_component>
      <object_component id="oc-1b4">
         <name>.debug_info</name>
         <load_address>0x5de67</load_address>
         <run_address>0x5de67</run_address>
         <size>0x2bb</size>
         <input_file_ref idref="fl-4d"/>
      </object_component>
      <object_component id="oc-1b8">
         <name>.debug_info</name>
         <load_address>0x5e122</load_address>
         <run_address>0x5e122</run_address>
         <size>0x41f</size>
         <input_file_ref idref="fl-4e"/>
      </object_component>
      <object_component id="oc-1bd">
         <name>.debug_info</name>
         <load_address>0x5e541</load_address>
         <run_address>0x5e541</run_address>
         <size>0x1e7</size>
         <input_file_ref idref="fl-4f"/>
      </object_component>
      <object_component id="oc-1bf">
         <name>.debug_info</name>
         <load_address>0x5e728</load_address>
         <run_address>0x5e728</run_address>
         <size>0x4a6</size>
         <input_file_ref idref="fl-50"/>
      </object_component>
      <object_component id="oc-1c5">
         <name>.debug_info</name>
         <load_address>0x5ebce</load_address>
         <run_address>0x5ebce</run_address>
         <size>0x532</size>
         <input_file_ref idref="fl-51"/>
      </object_component>
      <object_component id="oc-1cb">
         <name>.debug_info</name>
         <load_address>0x5f100</load_address>
         <run_address>0x5f100</run_address>
         <size>0x423</size>
         <input_file_ref idref="fl-52"/>
      </object_component>
      <object_component id="oc-1d0">
         <name>.debug_info</name>
         <load_address>0x5f523</load_address>
         <run_address>0x5f523</run_address>
         <size>0x1c6</size>
         <input_file_ref idref="fl-53"/>
      </object_component>
      <object_component id="oc-1d4">
         <name>.debug_info</name>
         <load_address>0x5f6e9</load_address>
         <run_address>0x5f6e9</run_address>
         <size>0x45e</size>
         <input_file_ref idref="fl-54"/>
      </object_component>
      <object_component id="oc-1d9">
         <name>.debug_info</name>
         <load_address>0x5fb47</load_address>
         <run_address>0x5fb47</run_address>
         <size>0x502</size>
         <input_file_ref idref="fl-55"/>
      </object_component>
      <object_component id="oc-1de">
         <name>.debug_info</name>
         <load_address>0x60049</load_address>
         <run_address>0x60049</run_address>
         <size>0x4f1</size>
         <input_file_ref idref="fl-56"/>
      </object_component>
      <object_component id="oc-1e3">
         <name>.debug_info</name>
         <load_address>0x6053a</load_address>
         <run_address>0x6053a</run_address>
         <size>0x4e1</size>
         <input_file_ref idref="fl-57"/>
      </object_component>
      <object_component id="oc-1e8">
         <name>.debug_info</name>
         <load_address>0x60a1b</load_address>
         <run_address>0x60a1b</run_address>
         <size>0x4e5</size>
         <input_file_ref idref="fl-58"/>
      </object_component>
      <object_component id="oc-1ed">
         <name>.debug_info</name>
         <load_address>0x60f00</load_address>
         <run_address>0x60f00</run_address>
         <size>0x4aa</size>
         <input_file_ref idref="fl-59"/>
      </object_component>
      <object_component id="oc-1f2">
         <name>.debug_info</name>
         <load_address>0x613aa</load_address>
         <run_address>0x613aa</run_address>
         <size>0x40c</size>
         <input_file_ref idref="fl-5a"/>
      </object_component>
      <object_component id="oc-279">
         <name>.debug_info</name>
         <load_address>0x617b6</load_address>
         <run_address>0x617b6</run_address>
         <size>0xa6</size>
      </object_component>
      <object_component id="oc-4e">
         <name>.debug_frame</name>
         <load_address>0x0</load_address>
         <run_address>0x0</run_address>
         <size>0x40</size>
         <input_file_ref idref="fl-2"/>
      </object_component>
      <object_component id="oc-53">
         <name>.debug_frame</name>
         <load_address>0x40</load_address>
         <run_address>0x40</run_address>
         <size>0x28</size>
         <input_file_ref idref="fl-3"/>
      </object_component>
      <object_component id="oc-58">
         <name>.debug_frame</name>
         <load_address>0x68</load_address>
         <run_address>0x68</run_address>
         <size>0x28</size>
         <input_file_ref idref="fl-4"/>
      </object_component>
      <object_component id="oc-5d">
         <name>.debug_frame</name>
         <load_address>0x90</load_address>
         <run_address>0x90</run_address>
         <size>0x28</size>
         <input_file_ref idref="fl-5"/>
      </object_component>
      <object_component id="oc-64">
         <name>.debug_frame</name>
         <load_address>0xb8</load_address>
         <run_address>0xb8</run_address>
         <size>0x28</size>
         <input_file_ref idref="fl-6"/>
      </object_component>
      <object_component id="oc-69">
         <name>.debug_frame</name>
         <load_address>0xe0</load_address>
         <run_address>0xe0</run_address>
         <size>0x28</size>
         <input_file_ref idref="fl-7"/>
      </object_component>
      <object_component id="oc-6e">
         <name>.debug_frame</name>
         <load_address>0x108</load_address>
         <run_address>0x108</run_address>
         <size>0x70</size>
         <input_file_ref idref="fl-8"/>
      </object_component>
      <object_component id="oc-73">
         <name>.debug_frame</name>
         <load_address>0x178</load_address>
         <run_address>0x178</run_address>
         <size>0x28</size>
         <input_file_ref idref="fl-9"/>
      </object_component>
      <object_component id="oc-7d">
         <name>.debug_frame</name>
         <load_address>0x1a0</load_address>
         <run_address>0x1a0</run_address>
         <size>0x33c</size>
         <input_file_ref idref="fl-a"/>
      </object_component>
      <object_component id="oc-82">
         <name>.debug_frame</name>
         <load_address>0x4dc</load_address>
         <run_address>0x4dc</run_address>
         <size>0x90</size>
         <input_file_ref idref="fl-b"/>
      </object_component>
      <object_component id="oc-8a">
         <name>.debug_frame</name>
         <load_address>0x56c</load_address>
         <run_address>0x56c</run_address>
         <size>0x18c</size>
         <input_file_ref idref="fl-c"/>
      </object_component>
      <object_component id="oc-91">
         <name>.debug_frame</name>
         <load_address>0x6f8</load_address>
         <run_address>0x6f8</run_address>
         <size>0x44</size>
         <input_file_ref idref="fl-d"/>
      </object_component>
      <object_component id="oc-9b">
         <name>.debug_frame</name>
         <load_address>0x73c</load_address>
         <run_address>0x73c</run_address>
         <size>0x28</size>
         <input_file_ref idref="fl-f"/>
      </object_component>
      <object_component id="oc-a9">
         <name>.debug_frame</name>
         <load_address>0x764</load_address>
         <run_address>0x764</run_address>
         <size>0x28</size>
         <input_file_ref idref="fl-12"/>
      </object_component>
      <object_component id="oc-b3">
         <name>.debug_frame</name>
         <load_address>0x78c</load_address>
         <run_address>0x78c</run_address>
         <size>0x28</size>
         <input_file_ref idref="fl-14"/>
      </object_component>
      <object_component id="oc-b9">
         <name>.debug_frame</name>
         <load_address>0x7b4</load_address>
         <run_address>0x7b4</run_address>
         <size>0xa08</size>
         <input_file_ref idref="fl-15"/>
      </object_component>
      <object_component id="oc-c3">
         <name>.debug_frame</name>
         <load_address>0x11bc</load_address>
         <run_address>0x11bc</run_address>
         <size>0xc0</size>
         <input_file_ref idref="fl-17"/>
      </object_component>
      <object_component id="oc-c8">
         <name>.debug_frame</name>
         <load_address>0x127c</load_address>
         <run_address>0x127c</run_address>
         <size>0x28</size>
         <input_file_ref idref="fl-18"/>
      </object_component>
      <object_component id="oc-101">
         <name>.debug_frame</name>
         <load_address>0x12a4</load_address>
         <run_address>0x12a4</run_address>
         <size>0x28</size>
         <input_file_ref idref="fl-1a"/>
      </object_component>
      <object_component id="oc-106">
         <name>.debug_frame</name>
         <load_address>0x12cc</load_address>
         <run_address>0x12cc</run_address>
         <size>0x28</size>
         <input_file_ref idref="fl-1b"/>
      </object_component>
      <object_component id="oc-10b">
         <name>.debug_frame</name>
         <load_address>0x12f4</load_address>
         <run_address>0x12f4</run_address>
         <size>0x40</size>
         <input_file_ref idref="fl-1c"/>
      </object_component>
      <object_component id="oc-110">
         <name>.debug_frame</name>
         <load_address>0x1334</load_address>
         <run_address>0x1334</run_address>
         <size>0x58</size>
         <input_file_ref idref="fl-1d"/>
      </object_component>
      <object_component id="oc-115">
         <name>.debug_frame</name>
         <load_address>0x138c</load_address>
         <run_address>0x138c</run_address>
         <size>0x40</size>
         <input_file_ref idref="fl-1e"/>
      </object_component>
      <object_component id="oc-11a">
         <name>.debug_frame</name>
         <load_address>0x13cc</load_address>
         <run_address>0x13cc</run_address>
         <size>0xa0</size>
         <input_file_ref idref="fl-1f"/>
      </object_component>
      <object_component id="oc-11f">
         <name>.debug_frame</name>
         <load_address>0x146c</load_address>
         <run_address>0x146c</run_address>
         <size>0xdc</size>
         <input_file_ref idref="fl-20"/>
      </object_component>
      <object_component id="oc-124">
         <name>.debug_frame</name>
         <load_address>0x1548</load_address>
         <run_address>0x1548</run_address>
         <size>0x28</size>
         <input_file_ref idref="fl-21"/>
      </object_component>
      <object_component id="oc-134">
         <name>.debug_frame</name>
         <load_address>0x1570</load_address>
         <run_address>0x1570</run_address>
         <size>0x40</size>
         <input_file_ref idref="fl-34"/>
      </object_component>
      <object_component id="oc-139">
         <name>.debug_frame</name>
         <load_address>0x15b0</load_address>
         <run_address>0x15b0</run_address>
         <size>0x40</size>
         <input_file_ref idref="fl-35"/>
      </object_component>
      <object_component id="oc-13e">
         <name>.debug_frame</name>
         <load_address>0x15f0</load_address>
         <run_address>0x15f0</run_address>
         <size>0x40</size>
         <input_file_ref idref="fl-36"/>
      </object_component>
      <object_component id="oc-143">
         <name>.debug_frame</name>
         <load_address>0x1630</load_address>
         <run_address>0x1630</run_address>
         <size>0x60</size>
         <input_file_ref idref="fl-37"/>
      </object_component>
      <object_component id="oc-14a">
         <name>.debug_frame</name>
         <load_address>0x1690</load_address>
         <run_address>0x1690</run_address>
         <size>0x60</size>
         <input_file_ref idref="fl-38"/>
[...]
      <symbol id="sm-3aa">
         <name>_PieVectTable</name>
         <value>0xd00</value>
         <object_component_ref idref="oc-fe"/>
      </symbol>
      <symbol id="sm-3ab">
         <name>_ECap4Regs</name>
         <value>0x6a60</value>
         <object_component_ref idref="oc-e1"/>
      </symbol>
      <symbol id="sm-3ac">
         <name>_CsmRegs</name>
         <value>0xae0</value>
         <object_component_ref idref="oc-d5"/>
      </symbol>
      <symbol id="sm-3ad">
         <name>_ECanaLAMRegs</name>
         <value>0x6040</value>
         <object_component_ref idref="oc-f2"/>
      </symbol>
      <symbol id="sm-3ae">
         <name>_ECanbMOTORegs</name>
         <value>0x62c0</value>
         <object_component_ref idref="oc-f7"/>
      </symbol>
      <symbol id="sm-3af">
         <name>_EPwm4Regs</name>
         <value>0x68c0</value>
         <object_component_ref idref="oc-e9"/>
      </symbol>
      <symbol id="sm-3b0">
         <name>_ECap5Regs</name>
         <value>0x6a80</value>
         <object_component_ref idref="oc-e2"/>
      </symbol>
      <symbol id="sm-3b1">
         <name>_CpuTimer1Regs</name>
         <value>0xc08</value>
         <object_component_ref idref="oc-cf"/>
      </symbol>
      <symbol id="sm-3b2">
         <name>_SysCtrlRegs</name>
         <value>0x7010</value>
         <object_component_ref idref="oc-e5"/>
      </symbol>
      <symbol id="sm-3b3">
         <name>_EPwm5Regs</name>
         <value>0x6900</value>
         <object_component_ref idref="oc-ea"/>
      </symbol>
      <symbol id="sm-3b4">
         <name>_SpiaRegs</name>
         <value>0x7040</value>
         <object_component_ref idref="oc-d9"/>
      </symbol>
      <symbol id="sm-3b5">
         <name>_ECanaMOTSRegs</name>
         <value>0x6080</value>
         <object_component_ref idref="oc-f3"/>
      </symbol>
      <symbol id="sm-3b6">
         <name>_ECap6Regs</name>
         <value>0x6aa0</value>
         <object_component_ref idref="oc-e3"/>
      </symbol>
      <symbol id="sm-3b7">
         <name>_DmaRegs</name>
         <value>0x1000</value>
         <object_component_ref idref="oc-fb"/>
      </symbol>
      <symbol id="sm-3b8">
         <name>_FlashRegs</name>
         <value>0xa80</value>
         <object_component_ref idref="oc-d2"/>
      </symbol>
      <symbol id="sm-3b9">
         <name>_CpuTimer0Regs</name>
         <value>0xc00</value>
         <object_component_ref idref="oc-ce"/>
      </symbol>
      <symbol id="sm-3ba">
         <name>_DevEmuRegs</name>
         <value>0x880</value>
         <object_component_ref idref="oc-fa"/>
      </symbol>
      <symbol id="sm-3bb">
         <name>_McbspbRegs</name>
         <value>0x5040</value>
         <object_component_ref idref="oc-ee"/>
      </symbol>
      <symbol id="sm-3bc">
         <name>_EPwm6Regs</name>
         <value>0x6940</value>
         <object_component_ref idref="oc-eb"/>
      </symbol>
      <symbol id="sm-3bd">
         <name>_SciaRegs</name>
         <value>0x7050</value>
         <object_component_ref idref="oc-d6"/>
      </symbol>
      <symbol id="sm-3be">
         <name>_GpioDataRegs</name>
         <value>0x6fc0</value>
         <object_component_ref idref="oc-e4"/>
      </symbol>
      <symbol id="sm-3bf">
         <name>_CsmPwl</name>
         <value>0x33fff8</value>
         <object_component_ref idref="oc-d1"/>
      </symbol>
      <symbol id="sm-3c0">
         <name>_AdcRegs</name>
         <value>0x7100</value>
         <object_component_ref idref="oc-dc"/>
      </symbol>
      <symbol id="sm-3c1">
         <name>_XIntruptRegs</name>
         <value>0x7070</value>
         <object_component_ref idref="oc-da"/>
      </symbol>
      <symbol id="sm-3c2">
         <name>_CpuTimer2Regs</name>
         <value>0xc10</value>
         <object_component_ref idref="oc-d0"/>
      </symbol>
      <symbol id="sm-3c3">
         <name>_PieCtrlRegs</name>
         <value>0xce0</value>
         <object_component_ref idref="oc-db"/>
      </symbol>
      <symbol id="sm-3c4">
         <name>_ECanbMOTSRegs</name>
         <value>0x6280</value>
         <object_component_ref idref="oc-f6"/>
      </symbol>
      <symbol id="sm-3c5">
         <name>_ECanaRegs</name>
         <value>0x6000</value>
         <object_component_ref idref="oc-f0"/>
      </symbol>
      <symbol id="sm-3c6">
         <name>_AdcMirror</name>
         <value>0xb00</value>
         <object_component_ref idref="oc-d4"/>
      </symbol>
      <symbol id="sm-3c7">
         <name>_ECanbMboxes</name>
         <value>0x6300</value>
         <object_component_ref idref="oc-fd"/>
      </symbol>
      <symbol id="sm-3c8">
         <name>_XintfRegs</name>
         <value>0xb20</value>
         <object_component_ref idref="oc-dd"/>
      </symbol>
      <symbol id="sm-3c9">
         <name>_ScicRegs</name>
         <value>0x7770</value>
         <object_component_ref idref="oc-d8"/>
      </symbol>
      <symbol id="sm-3ca">
         <name>_ECap1Regs</name>
         <value>0x6a00</value>
         <object_component_ref idref="oc-de"/>
      </symbol>
      <symbol id="sm-3cb">
         <name>_EQep1Regs</name>
         <value>0x6b00</value>
         <object_component_ref idref="oc-f8"/>
      </symbol>
      <symbol id="sm-3cc">
         <name>_McbspaRegs</name>
         <value>0x5000</value>
         <object_component_ref idref="oc-ed"/>
      </symbol>
      <symbol id="sm-3cd">
         <name>_EPwm1Regs</name>
         <value>0x6800</value>
         <object_component_ref idref="oc-e6"/>
      </symbol>
      <symbol id="sm-3ce">
         <name>_ECanbRegs</name>
         <value>0x6200</value>
         <object_component_ref idref="oc-f1"/>
      </symbol>
      <symbol id="sm-3cf">
         <name>_ScibRegs</name>
         <value>0x7750</value>
         <object_component_ref idref="oc-d7"/>
      </symbol>
      <symbol id="sm-3d0">
         <name>_ECap2Regs</name>
         <value>0x6a20</value>
         <object_component_ref idref="oc-df"/>
      </symbol>
      <symbol id="sm-3d1">
         <name>_GpioIntRegs</name>
         <value>0x6fe0</value>
         <object_component_ref idref="oc-d3"/>
      </symbol>
      <symbol id="sm-3d2">
         <name>_EQep2Regs</name>
         <value>0x6b40</value>
         <object_component_ref idref="oc-f9"/>
      </symbol>
      <symbol id="sm-3d3">
         <name>_PartIdRegs</name>
         <value>0x380090</value>
         <object_component_ref idref="oc-cd"/>
      </symbol>
      <symbol id="sm-3d4">
         <name>_EPwm2Regs</name>
         <value>0x6840</value>
         <object_component_ref idref="oc-e7"/>
      </symbol>
      <symbol id="sm-3d5">
         <name>_ECanaMboxes</name>
         <value>0x6100</value>
         <object_component_ref idref="oc-fc"/>
      </symbol>
      <symbol id="sm-3d6">
         <name>_ECap3Regs</name>
         <value>0x6a40</value>
         <object_component_ref idref="oc-e0"/>
      </symbol>
      <symbol id="sm-3d7">
         <name>_ECanaMOTORegs</name>
         <value>0x60c0</value>
         <object_component_ref idref="oc-f4"/>
      </symbol>
      <symbol id="sm-3d8">
         <name>_EPwm3Regs</name>
         <value>0x6880</value>
         <object_component_ref idref="oc-e8"/>
      </symbol>
      <symbol id="sm-3d9">
         <name>_ECanbLAMRegs</name>
         <value>0x6240</value>
         <object_component_ref idref="oc-f5"/>
      </symbol>
      <symbol id="sm-3da">
         <name>_I2caRegs</name>
         <value>0x7900</value>
         <object_component_ref idref="oc-ec"/>
      </symbol>
      <symbol id="sm-3fa">
         <name>_MemCopy</name>
         <value>0x339d60</value>
         <object_component_ref idref="oc-20d"/>
      </symbol>
      <symbol id="sm-407">
         <name>_InitPieCtrl</name>
         <value>0x339b9d</value>
         <object_component_ref idref="oc-20f"/>
      </symbol>
      <symbol id="sm-409">
         <name>_EnableInterrupts</name>
         <value>0x339bbc</value>
         <object_component_ref idref="oc-20f"/>
      </symbol>
      <symbol id="sm-419">
         <name>_PieVectTableInit</name>
         <value>0x339eea</value>
         <object_component_ref idref="oc-21b"/>
      </symbol>
      <symbol id="sm-41a">
         <name>_InitPieVectTable</name>
         <value>0x339d4f</value>
         <object_component_ref idref="oc-210"/>
      </symbol>
      <symbol id="sm-427">
         <name>_InitScicGpio</name>
         <value>0x3399b2</value>
         <object_component_ref idref="oc-21c"/>
      </symbol>
      <symbol id="sm-429">
         <name>_InitScibGpio</name>
         <value>0x3399cf</value>
         <object_component_ref idref="oc-21c"/>
      </symbol>
      <symbol id="sm-42b">
         <name>_InitSciaGpio</name>
         <value>0x3399e8</value>
         <object_component_ref idref="oc-21c"/>
      </symbol>
      <symbol id="sm-42d">
         <name>_InitSciGpio</name>
         <value>0x339a03</value>
         <object_component_ref idref="oc-21c"/>
      </symbol>
      <symbol id="sm-42f">
         <name>_InitSci</name>
         <value>0x339a0a</value>
         <object_component_ref idref="oc-21c"/>
      </symbol>
      <symbol id="sm-445">
         <name>_InitPll</name>
         <value>0x3395a2</value>
         <object_component_ref idref="oc-20c"/>
      </symbol>
      <symbol id="sm-447">
         <name>_DisableDog</name>
         <value>0x33959a</value>
         <object_component_ref idref="oc-20c"/>
      </symbol>
      <symbol id="sm-449">
         <name>_InitPeripheralClocks</name>
         <value>0x3395ef</value>
         <object_component_ref idref="oc-20c"/>
      </symbol>
      <symbol id="sm-44b">
         <name>_InitFlash</name>
         <value>0x80af</value>
         <object_component_ref idref="oc-20e"/>
      </symbol>
      <symbol id="sm-44d">
         <name>_CsmUnlock</name>
         <value>0x33965e</value>
         <object_component_ref idref="oc-20c"/>
      </symbol>
      <symbol id="sm-44f">
         <name>_ServiceDog</name>
         <value>0x339590</value>
         <object_component_ref idref="oc-20c"/>
      </symbol>
      <symbol id="sm-451">
         <name>_InitSysCtrl</name>
         <value>0x339655</value>
         <object_component_ref idref="oc-20c"/>
      </symbol>
      <symbol id="sm-467">
         <name>_DSP28x_usDelay</name>
         <value>0x80cc</value>
         <object_component_ref idref="oc-128"/>
      </symbol>
      <symbol id="sm-482">
         <name>_c_int00</name>
         <value>0x339a0b</value>
         <object_component_ref idref="oc-4c"/>
      </symbol>
      <symbol id="sm-483">
         <name>__stack</name>
         <value>0x400</value>
         <object_component_ref idref="oc-12d"/>
      </symbol>
      <symbol id="sm-492">
         <name>__args_main</name>
         <value>0x339d3d</value>
         <object_component_ref idref="oc-1fa"/>
      </symbol>
      <symbol id="sm-4a0">
         <name>__system_post_cinit</name>
         <value>0x339de7</value>
         <object_component_ref idref="oc-1f9"/>
      </symbol>
      <symbol id="sm-4ad">
         <name>__system_pre_init</name>
         <value>0x339de5</value>
         <object_component_ref idref="oc-1f7"/>
      </symbol>
      <symbol id="sm-4bd">
         <name>_copy_in</name>
         <value>0x339bea</value>
         <object_component_ref idref="oc-1f8"/>
      </symbol>
      <symbol id="sm-4d2">
         <name>C$$EXIT</name>
         <value>0x339b74</value>
         <object_component_ref idref="oc-1fb"/>
      </symbol>
      <symbol id="sm-4d3">
         <name>_exit</name>
         <value>0x339b76</value>
         <object_component_ref idref="oc-1fb"/>
      </symbol>
      <symbol id="sm-4d5">
         <name>___TI_cleanup_ptr</name>
         <value>0x8182</value>
         <object_component_ref idref="oc-149"/>
      </symbol>
      <symbol id="sm-4d6">
         <name>___TI_enable_exit_profile_output</name>
         <value>0x8180</value>
         <object_component_ref idref="oc-149"/>
      </symbol>
      <symbol id="sm-4d7">
         <name>_abort</name>
         <value>0x339b74</value>
         <object_component_ref idref="oc-1fb"/>
      </symbol>
      <symbol id="sm-4d9">
         <name>___TI_dtors_ptr</name>
         <value>0x8184</value>
         <object_component_ref idref="oc-149"/>
      </symbol>
      <symbol id="sm-4ed">
         <name>__unlock</name>
         <value>0x818c</value>
         <object_component_ref idref="oc-206"/>
      </symbol>
      <symbol id="sm-4ee">
         <name>__lock</name>
         <value>0x818a</value>
         <object_component_ref idref="oc-201"/>
      </symbol>
      <symbol id="sm-4ef">
         <name>__register_lock</name>
         <value>0x339da8</value>
         <object_component_ref idref="oc-213"/>
      </symbol>
      <symbol id="sm-4f1">
         <name>__nop</name>
         <value>0x339dac</value>
         <object_component_ref idref="oc-213"/>
      </symbol>
      <symbol id="sm-4f3">
         <name>__register_unlock</name>
         <value>0x339da4</value>
         <object_component_ref idref="oc-213"/>
      </symbol>
      <symbol id="sm-505">
         <name>_memcpy</name>
         <value>0x339cd0</value>
         <object_component_ref idref="oc-1ff"/>
      </symbol>
      <symbol id="sm-516">
         <name>_printf</name>
         <value>0x339a67</value>
         <object_component_ref idref="oc-1fc"/>
      </symbol>
      <symbol id="sm-67a">
         <name>___TI_printfi</name>
         <value>0x338b40</value>
         <object_component_ref idref="oc-208"/>
      </symbol>
      <symbol id="sm-68b">
         <name>FD$$CMP</name>
         <value>0x339b20</value>
         <object_component_ref idref="oc-164"/>
      </symbol>
      <symbol id="sm-6a2">
         <name>FD$$DIV</name>
         <value>0x3397d1</value>
         <object_component_ref idref="oc-169"/>
      </symbol>
      <symbol id="sm-6b4">
         <name>FD$$MPY</name>
         <value>0x33985c</value>
         <object_component_ref idref="oc-16e"/>
      </symbol>
      <symbol id="sm-6c1">
         <name>FD$$NEG</name>
         <value>0x339dad</value>
         <object_component_ref idref="oc-173"/>
      </symbol>
      <symbol id="sm-6cd">
         <name>FD$$SUB</name>
         <value>0x339d80</value>
         <object_component_ref idref="oc-178"/>
      </symbol>
      <symbol id="sm-6e8">
         <name>FD$$ADD</name>
         <value>0x339735</value>
         <object_component_ref idref="oc-17d"/>
      </symbol>
      <symbol id="sm-6f7">
         <name>FD$$TOI</name>
         <value>0x339c55</value>
         <object_component_ref idref="oc-182"/>
      </symbol>
      <symbol id="sm-706">
         <name>FD$$TOL</name>
         <value>0x339c76</value>
         <object_component_ref idref="oc-187"/>
      </symbol>
      <symbol id="sm-716">
         <name>FS$$TOFD</name>
         <value>0x339ced</value>
         <object_component_ref idref="oc-18c"/>
      </symbol>
      <symbol id="sm-726">
         <name>I$$TOFD</name>
         <value>0x339cb3</value>
         <object_component_ref idref="oc-191"/>
      </symbol>
      <symbol id="sm-736">
         <name>L$$TOFD</name>
         <value>0x339d09</value>
         <object_component_ref idref="oc-196"/>
      </symbol>
      <symbol id="sm-742">
         <name>LL$$AND</name>
         <value>0x339d25</value>
         <object_component_ref idref="oc-19b"/>
      </symbol>
      <symbol id="sm-743">
         <name>LL$$OR</name>
         <value>0x339d2d</value>
         <object_component_ref idref="oc-19b"/>
      </symbol>
      <symbol id="sm-744">
         <name>LL$$XOR</name>
         <value>0x339d35</value>
         <object_component_ref idref="oc-19b"/>
      </symbol>
      <symbol id="sm-752">
         <name>ULL$$CMP</name>
         <value>0x339ca7</value>
         <object_component_ref idref="oc-1a0"/>
      </symbol>
      <symbol id="sm-753">
         <name>LL$$CMP</name>
         <value>0x339c95</value>
         <object_component_ref idref="oc-1a0"/>
      </symbol>
      <symbol id="sm-77f">
         <name>ULL$$MOD</name>
         <value>0x33952e</value>
         <object_component_ref idref="oc-1a5"/>
      </symbol>
      <symbol id="sm-780">
         <name>ULL$$DIV</name>
         <value>0x3394ff</value>
         <object_component_ref idref="oc-1a5"/>
      </symbol>
      <symbol id="sm-781">
         <name>LL$$MOD</name>
         <value>0x3394c5</value>
         <object_component_ref idref="oc-1a5"/>
      </symbol>
      <symbol id="sm-782">
         <name>LL$$DIV</name>
         <value>0x339489</value>
         <object_component_ref idref="oc-1a5"/>
      </symbol>
      <symbol id="sm-790">
         <name>___TI_ltoa</name>
         <value>0x339ac6</value>
         <object_component_ref idref="oc-21e"/>
      </symbol>
      <symbol id="sm-79d">
         <name>UL$$MOD</name>
         <value>0x339b6e</value>
         <object_component_ref idref="oc-1af"/>
      </symbol>
      <symbol id="sm-79e">
         <name>L$$MOD</name>
         <value>0x339b59</value>
         <object_component_ref idref="oc-1af"/>
      </symbol>
      <symbol id="sm-79f">
         <name>L$$DIV</name>
         <value>0x339b4a</value>
         <object_component_ref idref="oc-1af"/>
      </symbol>
      <symbol id="sm-7a0">
         <name>UL$$DIV</name>
         <value>0x339b67</value>
         <object_component_ref idref="oc-1af"/>
      </symbol>
      <symbol id="sm-7af">
         <name>___TI_ft_end</name>
         <value>0x8190</value>
         <object_component_ref idref="oc-1b6"/>
      </symbol>
      <symbol id="sm-7b0">
         <name>__ftable</name>
         <value>0x8100</value>
         <object_component_ref idref="oc-204"/>
      </symbol>
      <symbol id="sm-7c4">
         <name>_atoi</name>
         <value>0x339a95</value>
         <object_component_ref idref="oc-215"/>
      </symbol>
      <symbol id="sm-7cd">
         <name>__ctypes_</name>
         <value>0x339de8</value>
         <object_component_ref idref="oc-21d"/>
      </symbol>
      <symbol id="sm-7e0">
         <name>_frexpl</name>
         <value>0x339958</value>
         <object_component_ref idref="oc-21f"/>
      </symbol>
      <symbol id="sm-7ff">
         <name>_scalbnl</name>
         <value>0x33968c</value>
         <object_component_ref idref="oc-220"/>
      </symbol>
      <symbol id="sm-801">
         <name>_ldexpl</name>
         <value>0x33968c</value>
         <object_component_ref idref="oc-220"/>
      </symbol>
      <symbol id="sm-80e">
         <name>_copysignl</name>
         <value>0x339c0e</value>
         <object_component_ref idref="oc-222"/>
      </symbol>
      <symbol id="sm-819">
         <name>_errno</name>
         <value>0x8191</value>
         <object_component_ref idref="oc-1d2"/>
      </symbol>
      <symbol id="sm-828">
         <name>_memccpy</name>
         <value>0x339d70</value>
         <object_component_ref idref="oc-219"/>
      </symbol>
      <symbol id="sm-837">
         <name>_memset</name>
         <value>0x339dd6</value>
         <object_component_ref idref="oc-216"/>
      </symbol>
      <symbol id="sm-847">
         <name>_strchr</name>
         <value>0x339d8e</value>
         <object_component_ref idref="oc-221"/>
      </symbol>
      <symbol id="sm-856">
         <name>_strcmp</name>
         <value>0x339d9a</value>
         <object_component_ref idref="oc-20a"/>
      </symbol>
      <symbol id="sm-864">
         <name>_strcpy</name>
         <value>0x339ddd</value>
         <object_component_ref idref="oc-217"/>
      </symbol>
      <symbol id="sm-872">
         <name>_strlen</name>
         <value>0x339dc7</value>
         <object_component_ref idref="oc-214"/>
      </symbol>
      <symbol id="sm-881">
         <name>_wcslen</name>
         <value>0x339db6</value>
         <object_component_ref idref="oc-21a"/>
      </symbol>
   </symbol_table>
   <title>Link successful</title>
</link_info>
